bootstage.h:341:19:bootstage_relocate	0	static
board_r.c:169:12:initr_reloc_global_data	0	static
board_r.c:341:12:initr_announce	0	static
board_r.c:331:12:power_init_board	8	static
board_r.c:720:12:run_main_loop	8	static
board_r.c:631:12:initr_net	8	static
board_r.c:560:12:initr_ethaddr	8	static
board_r.c:552:12:initr_enable_interrupts	8	static
board_r.c:535:12:initr_jumptable	8	static
board_r.c:126:12:check_recovery	8	static
board_r.c:481:12:initr_env	8	static
board_r.c:442:12:initr_mmc	8	static
board_r.c:203:12:initr_serial	8	static
board_r.c:298:12:initr_malloc	8	static
board_r.c:155:12:initr_caches	8	static
board_r.c:141:12:initr_reloc	8	static
board_r.c:100:12:check_boot_flag	8	static
board_r.c:289:12:initr_barrier	0	static
board_r.c:132:12:initr_trace	0	static
board_r.c:72:12:board_flash_wp_on	0	static
board_r.c:82:13:cpu_secondary_init_r	0	static
board_r.c:86:12:initr_secondary_cpu	8	static
board_r.c:164:12:fixup_cpu	0	static
board_r.c:956:6:board_init_r	8	static
