console.c:168:12:console_tstc	32	static
console.c:190:13:console_putc	24	static
console.c:216:13:console_puts	24	static
console.c:279:5:serial_printf	552	static
console.c:158:12:console_getc.isra.0	8	static
console.c:388:5:tstc	0	static
console.c:451:6:putc	0	static
console.c:482:6:puts	0	static
console.c:514:5:printf	552	static
console.c:20:12:on_console	24	static
console.c:369:5:getc	8	static
console.c:297:5:fgetc	16	static
console.c:328:5:ftstc	0	static
console.c:336:6:fputc	0	static
console.c:342:6:fputs	0	static
console.c:348:5:fprintf	556	static
console.c:538:5:vprintf	544	static
console.c:561:5:ctrlc	8	static
console.c:582:5:confirm_yesno	16	static
console.c:609:5:disable_ctrlc	0	static
console.c:617:5:had_ctrlc	0	static
console.c:622:6:clear_ctrlc	0	static
console.c:667:19:search_device	8	static
console.c:679:5:console_assign	16	static
console.c:708:5:console_init_f	0	static
console.c:722:6:stdio_print_current_devices	8	static
console.c:749:5:console_init_r	32	static
