fdt_support.c:966:12:of_bus_default_map	40	static
fdt_support.c:1411:12:fdt_read_prop	8	static
fdt_support.c:949:6:of_bus_default_count_cells	24	static
fdt_support.c:983:12:of_bus_default_translate	40	static
fdt_support.c:32:5:fdt_getprop_u32_default_node	16	static
fdt_support.c:62:5:fdt_getprop_u32_default	24	static
fdt_support.c:86:5:fdt_find_and_setprop	32	static
fdt_support.c:110:5:fdt_find_or_add_subnode	24	static
fdt_support.c:198:5:fdt_initrd	72	static
fdt_support.c:258:5:fdt_chosen	24	static
fdt_support.c:289:6:do_fixup_by_path	24	static
fdt_support.c:305:6:do_fixup_by_path_u32	24	static
fdt_support.c:312:6:do_fixup_by_prop	40	static
fdt_support.c:333:6:do_fixup_by_prop_u32	32	static
fdt_support.c:341:6:do_fixup_by_compat	40	static
fdt_support.c:360:6:do_fixup_by_compat_u32	24	static
fdt_support.c:400:5:fdt_fixup_memory_banks	64	static
fdt_support.c:443:5:fdt_fixup_memory	16	static
fdt_support.c:448:6:fdt_fixup_ethernet	88	static
fdt_support.c:496:5:fdt_shrink_to_minimum	48	static
fdt_support.c:686:5:fdt_increase_size	0	static
fdt_support.c:905:6:fdt_del_node_and_alias	16	static
fdt_support.c:1143:5:fdt_translate_address	120	static
fdt_support.c:1157:5:fdt_node_offset_by_compat_reg	32	static
fdt_support.c:1178:5:fdt_alloc_phandle	16	static
fdt_support.c:1198:5:fdt_set_phandle	40	static
fdt_support.c:1237:14:fdt_create_phandle	16	static
fdt_support.c:1267:5:fdt_set_node_status	40	static
fdt_support.c:1308:5:fdt_set_status_by_alias	16	static
fdt_support.c:1317:5:fdt_add_edid	32	static
fdt_support.c:1354:5:fdt_verify_alias_address	48	static
fdt_support.c:1395:5:fdt_get_base_address	24	static
fdt_support.c:1447:5:fdt_read_range	56	static
fdt_support.c:1515:5:fdt_setup_simplefb_node	104	static
