image-fit.c:74:5:fit_parse_conf	24	static
image-fit.c:100:5:fit_parse_subimage	24	static
image-fit.c:123:5:fit_get_subimage_count	24	static
image-fit.c:469:5:fit_get_desc	16	static
image-fit.c:497:5:fit_get_timestamp	16	static
image-fit.c:529:5:fit_image_get_node	16	static
image-fit.c:563:5:fit_image_get_os	16	static
image-fit.c:595:5:fit_image_get_arch	16	static
image-fit.c:627:5:fit_image_get_type	16	static
image-fit.c:659:5:fit_image_get_comp	16	static
image-fit.c:690:5:fit_image_get_load	16	static
image-fit.c:722:5:fit_image_get_entry	16	static
image-fit.c:752:5:fit_image_get_data	24	static
image-fit.c:781:5:fit_image_hash_get_algo	16	static
image-fit.c:809:5:fit_image_hash_get_value	24	static
image-fit.c:259:13:fit_image_print_data	48	static
image-fit.c:355:6:fit_image_print	56	static
image-fit.c:866:5:fit_set_timestamp	32	static
image-fit.c:902:5:calculate_hash	32	static
image-fit.c:989:5:fit_image_verify	88	static
image-fit.c:1064:5:fit_all_image_verify	32	static
image-fit.c:1115:5:fit_image_check_os	16	static
image-fit.c:1137:5:fit_image_check_arch	16	static
image-fit.c:1160:5:fit_image_check_type	16	static
image-fit.c:1183:5:fit_image_check_comp	16	static
image-fit.c:1203:5:fit_check_format	8	static
image-fit.c:1268:5:fit_conf_find_compat	64	static
image-fit.c:1373:5:fit_conf_get_node	24	static
image-fit.c:1407:5:fit_conf_get_prop_node	16	static
image-fit.c:1433:6:fit_conf_print	32	static
image-fit.c:155:6:fit_print_contents	32	static
image-fit.c:1480:5:fit_get_node_from_config	16	static
image-fit.c:1534:5:fit_image_load	64	static
image-fit.c:1732:5:boot_get_setup_fit	56	static
