image.c:420:12:on_loadaddr	8	static
image.c:172:5:image_check_hcrc	80	static
image.c:187:5:image_check_dcrc	8	static
image.c:209:7:image_multi_count	0	static
image.c:242:6:image_multi_getimg	16	static
image.c:436:7:getenv_bootm_low	8	static
image.c:453:13:getenv_bootm_size	8	static
image.c:475:13:getenv_bootm_mapsize	8	static
image.c:491:6:memmove_wd	0	static
image.c:521:6:genimg_print_size	8	static
image.c:563:7:get_table_entry_name	0	static
image.c:576:13:genimg_get_os_name	0	static
image.c:581:13:genimg_get_arch_name	0	static
image.c:587:13:genimg_get_type_name	0	static
image.c:592:13:genimg_get_comp_name	0	static
image.c:302:6:image_print_contents	40	static
image.c:612:5:get_table_entry_id	16	static
image.c:646:5:genimg_get_os_id	0	static
image.c:651:5:genimg_get_arch_id	0	static
image.c:656:5:genimg_get_type_id	0	static
image.c:661:5:genimg_get_comp_id	0	static
image.c:682:7:genimg_get_kernel_addr_fit	32	static
image.c:716:7:genimg_get_kernel_addr	16	static
image.c:739:5:genimg_get_format	8	static
image.c:770:7:genimg_get_image	0	static
image.c:846:5:genimg_has_config	0	static
image.c:877:5:boot_get_ramdisk	80	static
image.c:1082:5:boot_ramdisk_high	24	static
image.c:1161:5:boot_get_setup	0	static
image.c:1246:5:image_setup_linux	32	static
