usb.c:280:1:usb_set_maxpacket_ep	4	static
usb.c:125:5:usb_stop	8	static
usb.c:148:5:usb_disable_asynch	0	static
usb.c:165:5:usb_submit_int_msg	0	static
usb.c:180:5:usb_control_msg	152	static
usb.c:519:12:usb_get_descriptor	32	static
usb.c:686:12:usb_get_string	56	static
usb.c:722:12:usb_string_sub	32	static
usb.c:230:5:usb_bulk_msg	16	static
usb.c:259:5:usb_maxpacket	0	static
usb.c:490:5:usb_clear_halt	48	static
usb.c:533:5:usb_get_configuration_no	32	static
usb.c:585:5:usb_set_interface	40	static
usb.c:643:5:usb_set_protocol	32	static
usb.c:653:5:usb_set_idle	32	static
usb.c:663:5:usb_get_report	32	static
usb.c:675:5:usb_get_class_descriptor	32	static
usb.c:762:5:usb_string	600	static
usb.c:822:20:usb_get_dev_index	0	static
usb.c:833:20:usb_alloc_new_device	24	static
usb.c:857:6:usb_free_device	16	static
usb.c:871:12:usb_alloc_device	0	static
usb.c:882:5:usb_new_device	648	static
usb.c:57:5:usb_init	24	static
usb.c:1065:5:board_usb_init	0	static
