f_fastboot.c:382:21:rx_bytes_expected	16	static
f_fastboot.c:197:28:fastboot_start_ep	16	static
f_fastboot.c:173:13:fastboot_unbind	0	static
f_fastboot.c:272:12:fastboot_add	16	static
f_fastboot.c:178:13:fastboot_disable	8	static
f_fastboot.c:127:13:fastboot_complete	0	static
f_fastboot.c:505:13:do_exit_on_complete	0	static
f_fastboot.c:485:13:do_bootm_on_complete	40	static
f_fastboot.c:324:13:compl_do_reset	0	static
f_fastboot.c:335:12:strcmp_l1	16	static
f_fastboot.c:319:12:fastboot_tx_write_str	24	static
f_fastboot.c:619:13:rx_handler_command	40	static
f_fastboot.c:510:13:cb_continue	0	static
f_fastboot.c:499:13:cb_boot	0	static
f_fastboot.c:456:13:cb_download	96	static
f_fastboot.c:400:13:rx_handler_dl_image	96	static
f_fastboot.c:329:13:cb_reboot	0	static
f_fastboot.c:342:13:cb_getvar	112	static
f_fastboot.c:135:12:fastboot_bind	24	static
f_fastboot.c:216:12:fastboot_set_alt	16	static
f_fastboot.c:538:13:cb_oem	48	static
f_fastboot.c:561:13:cb_erase	80	static
f_fastboot.c:517:13:cb_flash	80	static
