f_mass_storage.c:473:13:raise_exception	0	static
f_mass_storage.c:487:12:ep0_queue	8	static
f_mass_storage.c:506:13:bulk_in_complete	16	static
f_mass_storage.c:523:13:bulk_out_complete	16	static
f_mass_storage.c:2286:12:fsg_set_alt	8	static
f_mass_storage.c:2294:13:fsg_disable	0	static
f_mass_storage.c:546:12:fsg_setup	16	static
f_mass_storage.c:2658:13:fsg_unbind	8	static
storage_common.c:597:13:store_cdrom_address	16	static
f_mass_storage.c:449:12:fsg_set_halt.isra.9	0	static
f_mass_storage.c:600:13:start_transfer.isra.11	16	static
f_mass_storage.c:1395:12:halt_bulk_in_endpoint.isra.16	8	static
f_mass_storage.c:664:12:sleep_thread.isra.19	24	static
f_mass_storage.c:700:12:do_read	40	static
f_mass_storage.c:827:12:do_write	48	static
f_mass_storage.c:1622:12:send_status	24	static
f_mass_storage.c:1682:12:check_command.isra.20	48	static
f_mass_storage.c:1246:12:do_mode_sense.isra.22	40	static
f_mass_storage.c:2767:5:fsg_add	40	static
f_mass_storage.c:2195:12:do_set_interface	40	static
f_mass_storage.c:285:13:set_bit	0	static
f_mass_storage.c:295:13:clear_bit	0	static
f_mass_storage.c:2411:5:fsg_main_thread	48	static
f_mass_storage.c:2622:1:usb_copy_descriptors	24	static
f_mass_storage.c:2673:12:fsg_bind	24	static
f_mass_storage.c:2785:5:fsg_init	0	static
