composite.c:247:12:count_configs	0	static
composite.c:484:13:collect_langs	8	static
composite.c:685:13:composite_setup_complete	0	static
composite.c:1009:1:composite_suspend	16	static
composite.c:1028:1:composite_resume	16	static
composite.c:503:12:lookup_string	24	static
composite.c:917:13:composite_unbind	32	static
g_dnl.c:91:12:g_dnl_unbind	16	static
composite.c:963:12:composite_bind	16	static
g_dnl.c:116:12:g_dnl_do_config	24	static
composite.c:291:13:reset_config.isra.6	16	static
composite.c:907:13:composite_disconnect	8	static
composite.c:700:1:composite_setup	48	static
composite.c:32:5:usb_add_function	16	static
composite.c:87:5:usb_function_deactivate	8	static
composite.c:110:5:usb_function_activate	0	static
composite.c:149:5:usb_interface_id	0	static
composite.c:416:5:usb_add_config	24	static
composite.c:610:5:usb_string_id	0	static
composite.c:640:5:usb_string_ids_tab	0	static
composite.c:674:5:usb_string_ids_n	0	static
composite.c:1074:5:usb_composite_register	0	static
composite.c:1093:6:usb_composite_unregister	8	static
g_dnl.c:48:6:g_dnl_set_serialnumber	8	static
g_dnl.c:151:5:g_dnl_bind_fixup	0	static
g_dnl.c:156:12:g_dnl_get_board_bcd_device_number	0	static
g_dnl.c:195:12:g_dnl_bind	24	static
g_dnl.c:161:12:g_dnl_board_usb_cable_connected	0	static
g_dnl.c:168:6:g_dnl_detach	0	static
g_dnl.c:173:6:g_dnl_trigger_detach	0	static
g_dnl.c:178:6:g_dnl_clear_detach	0	static
g_dnl.c:263:5:g_dnl_register	8	static
g_dnl.c:278:6:g_dnl_unregister	0	static
