fs.c:35:19:fs_probe_unsupported	8	static
fs.c:42:19:fs_ls_unsupported	0	static
fs.c:47:19:fs_exists_unsupported	0	static
fs.c:52:19:fs_size_unsupported	0	static
fs.c:57:19:fs_read_unsupported	0	static
fs.c:64:19:fs_write_unsupported	0	static
fs.c:71:20:fs_close_unsupported	0	static
fs.c:75:19:fs_uuid_unsupported	0	static
fs.c:174:28:fs_get_info	0	static
fs.c:231:13:fs_close	8	static
fs.c:188:5:fs_set_blk_dev	24	static
fs.c:240:5:fs_uuid	8	static
fs.c:247:5:fs_ls	16	static
fs.c:261:5:fs_exists	8	static
fs.c:274:5:fs_size	16	static
fs.c:287:5:fs_read	48	static
fs.c:312:5:fs_write	48	static
fs.c:332:5:do_size	24	static
fs.c:351:5:do_load	72	static
fs.c:420:5:do_ls	16	static
fs.c:437:5:file_exists	8	static
fs.c:446:5:do_save	72	static
fs.c:488:5:do_fs_uuid	56	static
fs.c:513:5:do_fs_type	16	static
