fdtdec.c:934:12:fdtdec_get_number	12	static
fdtdec.c:614:20:get_prop_check_min_len	24	static
fdtdec.c:95:13:fdtdec_get_compatible	0	static
fdtdec.c:102:12:fdtdec_get_addr_size	16	static
fdtdec.c:130:12:fdtdec_get_addr	0	static
fdtdec.c:293:10:fdtdec_get_uint64	24	static
fdtdec.c:306:5:fdtdec_get_is_enabled	8	static
fdtdec.c:323:20:fdtdec_lookup	24	static
fdtdec.c:335:5:fdtdec_next_compatible	0	static
fdtdec.c:341:5:fdtdec_next_compatible_subnode	24	static
fdtdec.c:356:5:fdtdec_next_alias	72	static
fdtdec.c:387:5:fdtdec_add_aliases_for_id	64	dynamic
fdtdec.c:378:5:fdtdec_find_aliases_for_id	24	static
fdtdec.c:501:5:fdtdec_get_alias_seq	56	static
fdtdec.c:545:5:fdtdec_get_chosen_node	24	static
fdtdec.c:577:5:fdtdec_prepare_fdt	8	static
fdtdec.c:560:5:fdtdec_check_fdt	8	static
fdtdec.c:589:5:fdtdec_lookup_phandle	8	static
fdtdec.c:631:5:fdtdec_get_int_array	32	static
fdtdec.c:647:5:fdtdec_get_int_array_count	24	static
fdtdec.c:667:12:fdtdec_locate_array	24	static
fdtdec.c:678:5:fdtdec_get_bool	16	static
fdtdec.c:688:5:fdtdec_parse_phandle_with_args	48	static
fdtdec.c:812:5:fdtdec_get_byte_array	24	static
fdtdec.c:824:11:fdtdec_locate_byte_array	24	static
fdtdec.c:836:5:fdtdec_get_config_int	16	static
fdtdec.c:848:5:fdtdec_get_config_bool	16	static
fdtdec.c:862:7:fdtdec_get_config_string	24	static
fdtdec.c:880:5:fdtdec_decode_region	16	static
fdtdec.c:911:5:fdtdec_read_fmap_entry	40	static
fdtdec.c:944:5:fdt_get_resource	40	static
fdtdec.c:978:5:fdt_get_named_resource	24	static
fdtdec.c:991:5:fdtdec_decode_memory_region	104	static
