pinctrl.c:306:12:group_name_to_selector	24	static
pinctrl.c:382:12:pinctrl_set_function	48	static
pinctrl.c:718:33:find_pinctrl_dev_by_name	8	static
pinctrl.c:526:5:pinctrl_group_set_config	16	static
pinctrl.c:632:5:pinctrl_pin_set_config	32	static
pinctrl.c:673:5:pinctrl_pin_set_configs	24	static
pinctrl.c:687:5:pinctrl_group_set_configs	24	static
pinctrl.c:893:5:owl_fdtdec_set_pinctrl	64	static
pinctrl.c:923:5:owl_device_fdtdec_set_pinctrl_default	24	static
pinctrl.c:948:5:owl_pinctrl_set_function	16	static
pinctrl.c:966:5:owl_pinctrl_pin_set_configs	16	static
pinctrl.c:986:5:owl_pinctrl_group_set_configs	16	static
pinctrl.c:1007:5:pinctrl_init_f	32	static
pinctrl.c:1072:5:pinctrl_init_r	32	static
