xhci-mem.c:194:13:xhci_link_segments	12	static
xhci-mem.c:78:13:xhci_ring_free	24	static
xhci-mem.c:34:6:xhci_flush_cache	8	static
xhci-mem.c:169:14:xhci_malloc	16	static
xhci-mem.c:253:29:xhci_segment_alloc	8	static
xhci-mem.c:329:4:xhci_alloc_container_ctx.isra.5	16	static
xhci-mem.c:49:6:xhci_inval_cache	8	static
xhci-mem.c:153:6:xhci_cleanup	40	static
xhci-mem.c:282:19:xhci_ring_alloc	24	static
xhci-mem.c:355:5:xhci_alloc_virt_device	24	static
xhci-mem.c:417:5:xhci_mem_init	24	static
xhci-mem.c:524:4:xhci_get_input_control_ctx	8	static
xhci-mem.c:537:23:xhci_get_slot_ctx	0	static
xhci-mem.c:555:21:xhci_get_ep_ctx	0	static
xhci-mem.c:580:6:xhci_endpoint_copy	24	static
xhci-mem.c:609:6:xhci_slot_copy	16	static
xhci-mem.c:630:6:xhci_setup_addressable_virt_dev	24	static
