eth.c:71:12:__def_eth_init	0	static
eth.c:140:13:eth_current_changed	8	static
eth.c:15:6:eth_parse_enetaddr	24	static
eth.c:27:5:eth_getenv_enetaddr	8	static
eth.c:33:5:eth_setenv_enetaddr	32	static
eth.c:42:5:eth_getenv_enetaddr_by_index	40	static
eth.c:90:20:eth_get_dev_by_name	16	static
eth.c:112:20:eth_get_dev_by_index	0	static
eth.c:132:5:eth_get_dev_index	0	static
eth.c:161:5:eth_write_hwaddr	64	static
eth.c:207:5:eth_register	16	static
eth.c:230:5:eth_unregister	8	static
eth.c:267:5:eth_initialize	24	static
eth.c:417:6:eth_halt	8	static
eth.c:427:5:eth_send	4	static
eth.c:435:5:eth_rx	0	static
eth.c:487:6:eth_try_another	16	static
eth.c:379:5:eth_init	32	static
eth.c:514:6:eth_set_current	24	static
eth.c:541:7:eth_get_name	0	static
