net.c:585:1:startAgainTimeout	0	static
net.c:640:13:dummy_handler	0	static
net.c:283:13:net_clear_handlers	0	static
net.c:235:6:net_auto_load	8	static
net.c:590:6:NetStartAgain	16	static
net.c:646:11:net_get_udp_handler	0	static
net.c:651:6:net_set_udp_handler	0	static
net.c:660:11:net_get_arp_handler	0	static
net.c:665:6:net_set_arp_handler	0	static
net.c:682:1:NetSetTimeout	8	static
net.c:953:1:NetReceive	32	static
net.c:1294:1:NetEthHdrSize	0	static
net.c:1307:1:NetSetEther	24	static
net.c:1332:5:net_update_ether	16	static
net.c:1355:6:net_set_ip_header	16	static
net.c:1376:6:net_set_udp_header	24	static
net.c:697:5:NetSendUDPPacket	40	static
net.c:1400:6:copy_filename	0	static
net.c:215:12:on_bootfile	8	static
net.c:1426:6:ip_to_string	16	static
net.c:1436:6:VLAN_to_string	0	static
net.c:1449:8:string_to_VLAN	8	static
net.c:1464:8:getenv_VLAN	8	static
net.c:259:13:NetInitLoop	16	static
net.c:295:6:net_init	8	static
net.c:325:5:NetLoop	40	static
