Archive member included to satisfy reference by file (symbol)

/usr/lib/gcc-cross/arm-linux-gnueabihf/6/libgcc.a(_udivsi3.o)
                              arch/arm/cpu/armv7/built-in.o (__aeabi_uidiv)
/usr/lib/gcc-cross/arm-linux-gnueabihf/6/libgcc.a(_divsi3.o)
                              arch/arm/cpu/armv7/built-in.o (__aeabi_idiv)
/usr/lib/gcc-cross/arm-linux-gnueabihf/6/libgcc.a(_lshrdi3.o)
                              fs/built-in.o (__aeabi_llsr)
/usr/lib/gcc-cross/arm-linux-gnueabihf/6/libgcc.a(_ashldi3.o)
                              drivers/mmc/built-in.o (__aeabi_llsl)
/usr/lib/gcc-cross/arm-linux-gnueabihf/6/libgcc.a(_dvmd_lnx.o)
                              /usr/lib/gcc-cross/arm-linux-gnueabihf/6/libgcc.a(_udivsi3.o) (__aeabi_idiv0)

Discarded input sections

 .data          0x0000000000000000        0x0 arch/arm/cpu/armv7/start.o
 .bss           0x0000000000000000        0x0 arch/arm/cpu/armv7/start.o
 .text.v7_arch_cp15_set_l2aux_ctrl
                0x0000000000000000        0x8 arch/arm/cpu/armv7/built-in.o
 .text.v7_arch_cp15_set_acr
                0x0000000000000000        0x8 arch/arm/cpu/armv7/built-in.o
 .text.sdelay   0x0000000000000000        0xc arch/arm/cpu/armv7/built-in.o
 .text.wait_on_value
                0x0000000000000000       0x34 arch/arm/cpu/armv7/built-in.o
 .text.pmu_prepare_for_s2
                0x0000000000000000       0x48 arch/arm/cpu/armv7/built-in.o
 .text.irq_free_handler
                0x0000000000000000       0x78 arch/arm/cpu/armv7/built-in.o
 .text.irq_printf
                0x0000000000000000       0x48 arch/arm/cpu/armv7/built-in.o
 .text.find_pinctrl_dev_by_name
                0x0000000000000000       0x60 arch/arm/cpu/armv7/built-in.o
 .text.owl_pinctrl_set_function
                0x0000000000000000       0x30 arch/arm/cpu/armv7/built-in.o
 .text.owl_pinctrl_pin_set_configs
                0x0000000000000000       0x38 arch/arm/cpu/armv7/built-in.o
 .text.owl_pinctrl_group_set_configs
                0x0000000000000000       0x38 arch/arm/cpu/armv7/built-in.o
 .text.pinctrl_init_f
                0x0000000000000000      0x148 arch/arm/cpu/armv7/built-in.o
 .text.get_ticks
                0x0000000000000000       0x10 arch/arm/cpu/armv7/built-in.o
 .text.get_tbclk
                0x0000000000000000        0x8 arch/arm/cpu/armv7/built-in.o
 .text.owl_reset_and_enable_clk
                0x0000000000000000       0x2c arch/arm/cpu/armv7/built-in.o
 .text.owl_clk_disable
                0x0000000000000000       0x3c arch/arm/cpu/armv7/built-in.o
 .rodata.irq_free_handler.str1.1
                0x0000000000000000       0x25 arch/arm/cpu/armv7/built-in.o
 .data          0x0000000000000000        0x0 arch/arm/cpu/armv7/built-in.o
 .bss           0x0000000000000000        0x0 arch/arm/cpu/armv7/built-in.o
 .text.setup_board_tags
                0x0000000000000000        0x4 arch/arm/lib/built-in.o
 .text.flush_cache
                0x0000000000000000        0x4 arch/arm/lib/built-in.o
 .text.flush_dcache_all
                0x0000000000000000        0xc arch/arm/lib/built-in.o
 .text.enable_caches
                0x0000000000000000       0x10 arch/arm/lib/built-in.o
 .text.arm_init_before_mmu
                0x0000000000000000        0x4 arch/arm/lib/built-in.o
 .text.mmu_page_table_flush
                0x0000000000000000        0x4 arch/arm/lib/built-in.o
 .text.icache_enable
                0x0000000000000000       0x18 arch/arm/lib/built-in.o
 .text.icache_status
                0x0000000000000000        0xc arch/arm/lib/built-in.o
 .rodata.enable_caches.str1.1
                0x0000000000000000       0x1d arch/arm/lib/built-in.o
 .__secure_end  0x0000000000000000        0x0 arch/arm/lib/built-in.o
 .__secure_start
                0x0000000000000000        0x0 arch/arm/lib/built-in.o
 .bss           0x0000000000000000        0x0 arch/arm/lib/built-in.o
 .text          0x0000000000000000        0x0 board/actions/owl/built-in.o
 .text.platform_get_lcd_par
                0x0000000000000000       0x3c board/actions/owl/built-in.o
 .text.platform_enable_lcd
                0x0000000000000000       0x3c board/actions/owl/built-in.o
 .text.platform_get_dsi_par
                0x0000000000000000       0x24 board/actions/owl/built-in.o
 .text.platform_enable_dsi
                0x0000000000000000       0x24 board/actions/owl/built-in.o
 .data          0x0000000000000000        0x0 board/actions/owl/built-in.o
 .bss           0x0000000000000000        0x0 board/actions/owl/built-in.o
 .text          0x0000000000000000        0x0 common/built-in.o
 .text.hash_progressive_lookup_algo
                0x0000000000000000       0x64 common/built-in.o
 .text.hash_block
                0x0000000000000000       0x6c common/built-in.o
 .text.unset_local_var
                0x0000000000000000       0xa8 common/built-in.o
 .text.red_led_off
                0x0000000000000000        0x4 common/built-in.o
 .text.green_led_on
[...]
Memory Configuration

Name             Origin             Length             Attributes
*default*        0x0000000000000000 0xffffffffffffffff

Linker script and memory map

Address of section .text set to 0x8000040
                0x0000000000000000                . = 0x0
                0x0000000000000000                . = ALIGN (0x4)

.text           0x0000000008000040    0x47dcc
 *(.__image_copy_start)
 .__image_copy_start
                0x0000000008000040        0x0 arch/arm/lib/built-in.o
                0x0000000008000040                __image_copy_start
 *(.vectors)
 .vectors       0x0000000008000040      0x2c0 arch/arm/lib/built-in.o
                0x0000000008000040                _start
                0x0000000008000060                _undefined_instruction
                0x0000000008000064                _software_interrupt
                0x0000000008000068                _prefetch_abort
                0x000000000800006c                _data_abort
                0x0000000008000070                _not_used
                0x0000000008000074                _irq
                0x0000000008000078                _fiq
                0x0000000008000080                IRQ_STACK_START_IN
                0x0000000008000084                IRQ_STACK_START
                0x0000000008000088                FIQ_STACK_START
 arch/arm/cpu/armv7/start.o(.text*)
 .text          0x0000000008000300       0xb0 arch/arm/cpu/armv7/start.o
                0x0000000008000300                reset
                0x0000000008000304                save_boot_params_ret
                0x0000000008000340                c_runtime_cpu_setup
                0x0000000008000350                save_boot_params
                0x0000000008000354                cpu_init_cp15
                0x00000000080003a8                cpu_init_crit
 *(.text*)
 .text          0x00000000080003b0       0x24 arch/arm/cpu/armv7/built-in.o
                0x00000000080003b0                lowlevel_init
 .text.v7_maint_dcache_all
                0x00000000080003d4      0x13c arch/arm/cpu/armv7/built-in.o
 .text.invalidate_icache_all
                0x0000000008000510       0x18 arch/arm/cpu/armv7/built-in.o
                0x0000000008000510                invalidate_icache_all
 .text.v7_outer_cache_enable
                0x0000000008000528        0x4 arch/arm/cpu/armv7/built-in.o
                0x0000000008000528                v7_outer_cache_enable
 .text.v7_outer_cache_disable
                0x000000000800052c        0x4 arch/arm/cpu/armv7/built-in.o
                0x000000000800052c                v7_outer_cache_disable
 .text.v7_outer_cache_flush_all
                0x0000000008000530        0x4 arch/arm/cpu/armv7/built-in.o
                0x0000000008000530                v7_outer_cache_flush_all
 .text.flush_dcache_all
                0x0000000008000534       0x14 arch/arm/cpu/armv7/built-in.o
                0x0000000008000534                flush_dcache_all
 .text.v7_outer_cache_inval_all
                0x0000000008000548        0x4 arch/arm/cpu/armv7/built-in.o
                0x0000000008000548                v7_outer_cache_inval_all
 .text.invalidate_dcache_all
                0x000000000800054c       0x14 arch/arm/cpu/armv7/built-in.o
                0x000000000800054c                invalidate_dcache_all
 .text.arm_init_before_mmu
                0x0000000008000560       0x28 arch/arm/cpu/armv7/built-in.o
                0x0000000008000560                arm_init_before_mmu
 .text.v7_outer_cache_flush_range
                0x0000000008000588        0x4 arch/arm/cpu/armv7/built-in.o
                0x0000000008000588                v7_outer_cache_flush_range
 .text.flush_dcache_range
                0x000000000800058c       0x3c arch/arm/cpu/armv7/built-in.o
                0x000000000800058c                flush_dcache_range
 .text.mmu_page_table_flush
                0x00000000080005c8       0x24 arch/arm/cpu/armv7/built-in.o
                0x00000000080005c8                mmu_page_table_flush
 .text.flush_cache
                0x00000000080005ec        0x8 arch/arm/cpu/armv7/built-in.o
                0x00000000080005ec                flush_cache
 .text.v7_outer_cache_inval_range
                0x00000000080005f4        0x4 arch/arm/cpu/armv7/built-in.o
                0x00000000080005f4                v7_outer_cache_inval_range
 .text.invalidate_dcache_range
                0x00000000080005f8       0xc0 arch/arm/cpu/armv7/built-in.o
                0x00000000080005f8                invalidate_dcache_range
 .text.cpu_cache_initialization
                0x00000000080006b8        0x4 arch/arm/cpu/armv7/built-in.o
                0x00000000080006b8                cpu_cache_initialization
 .text.cleanup_before_linux
                0x00000000080006bc       0x28 arch/arm/cpu/armv7/built-in.o
                0x00000000080006bc                cleanup_before_linux
 .text._atc2609a_reg_read
                0x00000000080006e4       0x54 arch/arm/cpu/armv7/built-in.o
 .text._atc2609a_reg_write
                0x0000000008000738       0x4c arch/arm/cpu/armv7/built-in.o
 .text._atc2603a_reg_read
                0x0000000008000784       0x4c arch/arm/cpu/armv7/built-in.o
 .text._atc2603a_reg_write
                0x00000000080007d0       0x4c arch/arm/cpu/armv7/built-in.o
 .text.atc260x_reg_read
                0x000000000800081c        0x4 arch/arm/cpu/armv7/built-in.o
                0x000000000800081c                atc260x_reg_read
 .text.atc260x_reg_write
                0x0000000008000820        0x4 arch/arm/cpu/armv7/built-in.o
                0x0000000008000820                atc260x_reg_write
 .text.atc260x_set_bits
                0x0000000008000824       0x50 arch/arm/cpu/armv7/built-in.o
                0x0000000008000824                atc260x_set_bits
 .text.atc260x_get_version
                0x0000000008000874       0x7c arch/arm/cpu/armv7/built-in.o
                0x0000000008000874                atc260x_get_version
 .text.pmu_early_init
                0x00000000080008f0      0x114 arch/arm/cpu/armv7/built-in.o
                0x00000000080008f0                pmu_early_init
 .text.vdd_core_init
                0x0000000008000a04       0xc0 arch/arm/cpu/armv7/built-in.o
                0x0000000008000a04                vdd_core_init
 .text.pmu_init
                0x0000000008000ac4     0x1050 arch/arm/cpu/armv7/built-in.o
                0x0000000008000ac4                pmu_init
 .text.atc260x_pstore_set
                0x0000000008001b14       0xd4 arch/arm/cpu/armv7/built-in.o
                0x0000000008001b14                atc260x_pstore_set
 .text.atc260x_pstore_get
                0x0000000008001be8       0xac arch/arm/cpu/armv7/built-in.o
                0x0000000008001be8                atc260x_pstore_get
 .text.atc260x_pstore_get_noerr
                0x0000000008001c94       0x2c arch/arm/cpu/armv7/built-in.o
                0x0000000008001c94                atc260x_pstore_get_noerr
 .text.reset_cpu
                0x0000000008001cc0      0x1a0 arch/arm/cpu/armv7/built-in.o
                0x0000000008001cc0                reset_cpu
 .text.s_init   0x0000000008001e60        0x4 arch/arm/cpu/armv7/built-in.o
                0x0000000008001e60                s_init
 .text.default_isr
                0x0000000008001e64       0x1c arch/arm/cpu/armv7/built-in.o
 .text.do_irq   0x0000000008001e80       0x70 arch/arm/cpu/armv7/built-in.o
                0x0000000008001e80                do_irq
 .text.irq_install_handler
                0x0000000008001ef0      0x128 arch/arm/cpu/armv7/built-in.o
                0x0000000008001ef0                irq_install_handler
 .text.arch_interrupt_init
                0x0000000008002018       0x94 arch/arm/cpu/armv7/built-in.o
                0x0000000008002018                arch_interrupt_init
 .text.group_name_to_selector
                0x00000000080020ac       0x50 arch/arm/cpu/armv7/built-in.o
 .text.pinctrl_set_function
                0x00000000080020fc      0x204 arch/arm/cpu/armv7/built-in.o
 .text.pinctrl_group_set_config
                0x0000000008002300       0x7c arch/arm/cpu/armv7/built-in.o
                0x0000000008002300                pinctrl_group_set_config
 .text.pinctrl_pin_set_config
                0x000000000800237c      0x108 arch/arm/cpu/armv7/built-in.o
                0x000000000800237c                pinctrl_pin_set_config
 .text.pinctrl_pin_set_configs
                0x0000000008002484       0x48 arch/arm/cpu/armv7/built-in.o
                0x0000000008002484                pinctrl_pin_set_configs
 .text.pinctrl_group_set_configs
                0x00000000080024cc       0x48 arch/arm/cpu/armv7/built-in.o
                0x00000000080024cc                pinctrl_group_set_configs
 .text.owl_fdtdec_set_pinctrl
                0x0000000008002514      0x2c4 arch/arm/cpu/armv7/built-in.o
                0x0000000008002514                owl_fdtdec_set_pinctrl
 .text.owl_device_fdtdec_set_pinctrl_default
                0x00000000080027d8       0x7c arch/arm/cpu/armv7/built-in.o
                0x00000000080027d8                owl_device_fdtdec_set_pinctrl_default
 .text.pinctrl_init_r
                0x0000000008002854      0x120 arch/arm/cpu/armv7/built-in.o
                0x0000000008002854                pinctrl_init_r
 .text.pwm_enable
                0x0000000008002974       0x30 arch/arm/cpu/armv7/built-in.o
                0x0000000008002974                pwm_enable
 .text.pwm_disable
                0x00000000080029a4       0x2c arch/arm/cpu/armv7/built-in.o
                0x00000000080029a4                pwm_disable
 .text.pwm_config
                0x00000000080029d0       0xfc arch/arm/cpu/armv7/built-in.o
                0x00000000080029d0                pwm_config
 .text.fdtdec_pwm_get
                0x0000000008002acc      0x1b4 arch/arm/cpu/armv7/built-in.o
                0x0000000008002acc                fdtdec_pwm_get
 .text.pwm_init
                0x0000000008002c80       0x54 arch/arm/cpu/armv7/built-in.o
                0x0000000008002c80                pwm_init
 .text.timer_init
                0x0000000008002cd4       0x38 arch/arm/cpu/armv7/built-in.o
                0x0000000008002cd4                timer_init
 .text.get_timer_masked
                0x0000000008002d0c       0x50 arch/arm/cpu/armv7/built-in.o
                0x0000000008002d0c                get_timer_masked
 .text.__udelay
                0x0000000008002d5c       0x50 arch/arm/cpu/armv7/built-in.o
                0x0000000008002d5c                __udelay
 .text.get_timer
                0x0000000008002dac       0x14 arch/arm/cpu/armv7/built-in.o
                0x0000000008002dac                get_timer
 .text.owl_reset_assert
                0x0000000008002dc0       0x3c arch/arm/cpu/armv7/built-in.o
                0x0000000008002dc0                owl_reset_assert
 .text.owl_reset_deassert
                0x0000000008002dfc       0x3c arch/arm/cpu/armv7/built-in.o
                0x0000000008002dfc                owl_reset_deassert
 .text.owl_reset
                0x0000000008002e38       0x20 arch/arm/cpu/armv7/built-in.o
                0x0000000008002e38                owl_reset
 .text.owl_clk_enable
                0x0000000008002e58       0x3c arch/arm/cpu/armv7/built-in.o
                0x0000000008002e58                owl_clk_enable
 .text.owl_get_displaypll_rate
                0x0000000008002e94       0x20 arch/arm/cpu/armv7/built-in.o
                0x0000000008002e94                owl_get_displaypll_rate
 .text.owl_get_devpll_rate
                0x0000000008002eb4       0x20 arch/arm/cpu/armv7/built-in.o
                0x0000000008002eb4                owl_get_devpll_rate
 .text.owl_get_devclk_rate
                0x0000000008002ed4       0x24 arch/arm/cpu/armv7/built-in.o
                0x0000000008002ed4                owl_get_devclk_rate
 .text.owl_get_nic_clk_rate
                0x0000000008002ef8       0x24 arch/arm/cpu/armv7/built-in.o
                0x0000000008002ef8                owl_get_nic_clk_rate
 .text.owl_clk_init
                0x0000000008002f1c      0x288 arch/arm/cpu/armv7/built-in.o
                0x0000000008002f1c                owl_clk_init
 .text          0x00000000080031a4       0xa0 arch/arm/lib/built-in.o
                0x00000000080031a4                _main
 .text.relocate_vectors
                0x0000000008003244       0x70 arch/arm/lib/built-in.o
                0x0000000008003244                relocate_vectors
                0x0000000008003250                relocate_code
 .text.arch_fixup_fdt
                0x00000000080032b4       0x38 arch/arm/lib/built-in.o
                0x00000000080032b4                arch_fixup_fdt
 .text.boot_jump_linux
                0x00000000080032ec       0xd0 arch/arm/lib/built-in.o
 .text.boot_prep_linux
                0x00000000080033bc       0x58 arch/arm/lib/built-in.o
 .text.arch_lmb_reserve
                0x0000000008003414       0x24 arch/arm/lib/built-in.o
                0x0000000008003414                arch_lmb_reserve
 .text.do_bootm_linux
                0x0000000008003438       0x84 arch/arm/lib/built-in.o
                0x0000000008003438                do_bootm_linux
 .text.bootz_setup
                0x00000000080034bc       0x60 arch/arm/lib/built-in.o
                0x00000000080034bc                bootz_setup
 .text.boot_prep_vxworks
                0x000000000800351c       0x58 arch/arm/lib/built-in.o
                0x000000000800351c                boot_prep_vxworks
 .text.boot_jump_vxworks
                0x0000000008003574        0xc arch/arm/lib/built-in.o
                0x0000000008003574                boot_jump_vxworks
 .text.arch_reserve_stacks
                0x0000000008003580       0x34 arch/arm/lib/built-in.o
                0x0000000008003580                arch_reserve_stacks
 .text.interrupt_init
                0x00000000080035b4       0x84 arch/arm/lib/built-in.o
                0x00000000080035b4                interrupt_init
 .text.enable_interrupts
                0x0000000008003638       0x10 arch/arm/lib/built-in.o
                0x0000000008003638                enable_interrupts
 .text.disable_interrupts
                0x0000000008003648       0x18 arch/arm/lib/built-in.o
                0x0000000008003648                disable_interrupts
 .text.bad_mode
                0x0000000008003660       0x14 arch/arm/lib/built-in.o
                0x0000000008003660                bad_mode
 .text.show_regs
                0x0000000008003674      0x1c0 arch/arm/lib/built-in.o
                0x0000000008003674                show_regs
 .text.do_undefined_instruction
                0x0000000008003834       0x24 arch/arm/lib/built-in.o
                0x0000000008003834                do_undefined_instruction
 .text.do_software_interrupt
                0x0000000008003858       0x24 arch/arm/lib/built-in.o
                0x0000000008003858                do_software_interrupt
 .text.do_prefetch_abort
                0x000000000800387c       0x24 arch/arm/lib/built-in.o
                0x000000000800387c                do_prefetch_abort
 .text.do_data_abort
                0x00000000080038a0       0x24 arch/arm/lib/built-in.o
                0x00000000080038a0                do_data_abort
 .text.do_not_used
                0x00000000080038c4       0x24 arch/arm/lib/built-in.o
                0x00000000080038c4                do_not_used
 .text.do_fiq   0x00000000080038e8       0x24 arch/arm/lib/built-in.o
                0x00000000080038e8                do_fiq
 .text.reset_misc
                0x000000000800390c        0x4 arch/arm/lib/built-in.o
                0x000000000800390c                reset_misc
 .text.do_reset
                0x0000000008003910       0x34 arch/arm/lib/built-in.o
                0x0000000008003910                do_reset
 .text.cp_delay
                0x0000000008003944       0x30 arch/arm/lib/built-in.o
 .text.arm_init_domains
                0x0000000008003974        0x4 arch/arm/lib/built-in.o
                0x0000000008003974                arm_init_domains
 .text.set_section_dcache
                0x0000000008003978       0x14 arch/arm/lib/built-in.o
                0x0000000008003978                set_section_dcache
 .text.mmu_set_region_dcache_behaviour
                0x000000000800398c       0x4c arch/arm/lib/built-in.o
                0x000000000800398c                mmu_set_region_dcache_behaviour
 .text.dram_bank_mmu_setup
                0x00000000080039d8       0x44 arch/arm/lib/built-in.o
                0x00000000080039d8                dram_bank_mmu_setup
 .text.icache_disable
                0x0000000008003a1c       0x1c arch/arm/lib/built-in.o
                0x0000000008003a1c                icache_disable
 .text.dcache_enable
                0x0000000008003a38       0x6c arch/arm/lib/built-in.o
                0x0000000008003a38                dcache_enable
 .text.dcache_disable
                0x0000000008003aa4       0x28 arch/arm/lib/built-in.o
                0x0000000008003aa4                dcache_disable
 .text.dcache_status
                0x0000000008003acc        0xc arch/arm/lib/built-in.o
                0x0000000008003acc                dcache_status
 .text.get_boot_dev_num
                0x0000000008003ad8       0x54 board/actions/owl/built-in.o
                0x0000000008003ad8                get_boot_dev_num
 .text.dram_init
                0x0000000008003b2c       0x38 board/actions/owl/built-in.o
                0x0000000008003b2c                dram_init
 .text.board_init
                0x0000000008003b64       0x38 board/actions/owl/built-in.o
                0x0000000008003b64                board_init
 .text.board_eth_init
                0x0000000008003b9c       0x2c board/actions/owl/built-in.o
                0x0000000008003b9c                board_eth_init
 .text.board_mmc_init
                0x0000000008003bc8       0x90 board/actions/owl/built-in.o
                0x0000000008003bc8                board_mmc_init
 .text.owl_get_boot_mode
                0x0000000008003c58       0x34 board/actions/owl/built-in.o
                0x0000000008003c58                owl_get_boot_mode
 .text.owl_get_boot_dev
                0x0000000008003c8c       0x34 board/actions/owl/built-in.o
                0x0000000008003c8c                owl_get_boot_dev
 .text.owl_afi_get_serial_number
                0x0000000008003cc0       0x34 board/actions/owl/built-in.o
                0x0000000008003cc0                owl_afi_get_serial_number
 .text.owl_afi_get_serial_pad
                0x0000000008003cf4       0x34 board/actions/owl/built-in.o
                0x0000000008003cf4                owl_afi_get_serial_pad
 .text.owl_afi_get_serial_baudrate
                0x0000000008003d28       0x38 board/actions/owl/built-in.o
                0x0000000008003d28                owl_afi_get_serial_baudrate
 .text.owl_get_ddr_size
                0x0000000008003d60       0x34 board/actions/owl/built-in.o
                0x0000000008003d60                owl_get_ddr_size
 .text.owl_afi_init
                0x0000000008003d94        0x8 board/actions/owl/built-in.o
                0x0000000008003d94                owl_afi_init
 .text.boot_append_remove_args.constprop.0
                0x0000000008003d9c       0x64 board/actions/owl/built-in.o
 .text.boot_append_bootargs_add
                0x0000000008003e00      0x11c board/actions/owl/built-in.o
                0x0000000008003e00                boot_append_bootargs_add
 .text.owl_boot_fdt_setup
                0x0000000008003f1c      0x250 board/actions/owl/built-in.o
                0x0000000008003f1c                owl_boot_fdt_setup
 .text.check_recovery_cmd_file
                0x000000000800416c      0x158 board/actions/owl/built-in.o
 .text.setup_recovery_env
                0x00000000080042c4       0x4c board/actions/owl/built-in.o
                0x00000000080042c4                setup_recovery_env
 .text.check_recovery_mode
                0x0000000008004310      0x144 board/actions/owl/built-in.o
                0x0000000008004310                check_recovery_mode
 .text.g_dnl_bind_fixup
                0x0000000008004454       0x54 board/actions/owl/built-in.o
                0x0000000008004454                g_dnl_bind_fixup
 .text.show_boot_progress
                0x00000000080044a8        0x4 common/built-in.o
                0x00000000080044a8                show_boot_progress
 .text.main_loop
                0x00000000080044ac       0x48 common/built-in.o
                0x00000000080044ac                main_loop
 .text.dummy    0x00000000080044f4        0x4 common/built-in.o
 .text.get_version
                0x00000000080044f8        0x8 common/built-in.o
                0x00000000080044f8                get_version
 .text.jumptable_init
                0x0000000008004500      0x210 common/built-in.o
                0x0000000008004500                jumptable_init
 .text.hash_finish_crc32
                0x0000000008004710       0x30 common/built-in.o
 .text.hash_update_crc32
                0x0000000008004740       0x24 common/built-in.o
 .text.hash_init_crc32
                0x0000000008004764       0x24 common/built-in.o
 .text.hash_finish_sha256
                0x0000000008004788       0x38 common/built-in.o
 .text.hash_update_sha256
                0x00000000080047c0       0x1c common/built-in.o
 .text.hash_init_sha256
                0x00000000080047dc       0x24 common/built-in.o
 .text.hash_finish_sha1
                0x0000000008004800       0x38 common/built-in.o
 .text.hash_update_sha1
                0x0000000008004838       0x1c common/built-in.o
 .text.hash_init_sha1
                0x0000000008004854       0x24 common/built-in.o
 .text.hash_lookup_algo
                0x0000000008004878       0x58 common/built-in.o
                0x0000000008004878                hash_lookup_algo
 .text.hash_show
                0x00000000080048d0       0x60 common/built-in.o
                0x00000000080048d0                hash_show
 .text.hash_command
                0x0000000008004930      0x19c common/built-in.o
                0x0000000008004930                hash_command
 .text.b_reset  0x0000000008004acc       0x1c common/built-in.o
 .text.static_get
                0x0000000008004ae8       0x1c common/built-in.o
 .text.file_peek
                0x0000000008004b04        0xc common/built-in.o
 .text.mapset   0x0000000008004b10       0x28 common/built-in.o
 .text.syntax_err
                0x0000000008004b38       0x10 common/built-in.o
 .text.free_pipe_list
                0x0000000008004b48       0xf0 common/built-in.o
 .text.xmalloc  0x0000000008004c38       0x24 common/built-in.o
 .text.new_pipe
                0x0000000008004c5c       0x28 common/built-in.o
 .text.xrealloc
                0x0000000008004c84       0x24 common/built-in.o
 .text.done_command
                0x0000000008004ca8       0x88 common/built-in.o
 .text.done_pipe
                0x0000000008004d30       0x48 common/built-in.o
 .text.done_word
                0x0000000008004d78      0x2cc common/built-in.o
 .text.do_showvar
                0x0000000008005044      0x118 common/built-in.o
 .text.is_assignment
                0x000000000800515c       0x6c common/built-in.o
 .text.file_get
                0x00000000080051c8      0x250 common/built-in.o
 .text.b_addchr
                0x0000000008005418       0x80 common/built-in.o
 .text.b_addqchr
                0x0000000008005498       0x54 common/built-in.o
 .text.static_peek
                0x00000000080054ec        0xc common/built-in.o
 .text.get_local_var
                0x00000000080054f8       0xa0 common/built-in.o
                0x00000000080054f8                get_local_var
 .text.set_local_var
                0x0000000008005598      0x1b8 common/built-in.o
                0x0000000008005598                set_local_var
 .text.insert_var_value_sub
                0x0000000008005750      0x2c8 common/built-in.o
 .text.parse_string_outer
                0x0000000008005a18      0x110 common/built-in.o
                0x0000000008005a18                parse_string_outer
 .text.run_list_real
                0x0000000008005b28      0x7fc common/built-in.o
 .text.parse_stream_outer
                0x0000000008006324      0x764 common/built-in.o
 .text.parse_file_outer
                0x0000000008006a88       0x4c common/built-in.o
                0x0000000008006a88                parse_file_outer
 .text.u_boot_hush_start
                0x0000000008006ad4       0x60 common/built-in.o
                0x0000000008006ad4                u_boot_hush_start
 .text.bootdelay_process
                0x0000000008006b34       0xe8 common/built-in.o
                0x0000000008006b34                bootdelay_process
 .text.autoboot_command
                0x0000000008006c1c       0xdc common/built-in.o
                0x0000000008006c1c                autoboot_command
 .text.print_cpuinfo
                0x0000000008006cf8        0x8 common/built-in.o
 .text.setup_mon_len
                0x0000000008006d00       0x34 common/built-in.o
 .text.reserve_round_4k
                0x0000000008006d34       0x18 common/built-in.o
 .text.reserve_mmu
                0x0000000008006d4c       0x38 common/built-in.o
 .text.reserve_uboot
                0x0000000008006d84       0x30 common/built-in.o
 .text.reserve_malloc
                0x0000000008006db4       0x14 common/built-in.o
 .text.reserve_global_data
                0x0000000008006dc8       0x1c common/built-in.o
 .text.reserve_fdt
                0x0000000008006de4       0x4c common/built-in.o
 .text.initf_dm
                0x0000000008006e30        0x8 common/built-in.o
 .text.reserve_arch
                0x0000000008006e38        0x8 common/built-in.o
                0x0000000008006e38                reserve_arch
 .text.setup_reloc
                0x0000000008006e40       0x2c common/built-in.o
 .text.reloc_fdt
                0x0000000008006e6c       0x38 common/built-in.o
 .text.announce_dram_init
                0x0000000008006ea4       0x1c common/built-in.o
 .text.init_baud_rate
                0x0000000008006ec0       0x30 common/built-in.o
 .text.setup_fdt
                0x0000000008006ef0       0x48 common/built-in.o
 .text.mark_bootstage
                0x0000000008006f38       0x14 common/built-in.o
 .text.reserve_board
                0x0000000008006f4c       0x40 common/built-in.o
 .text.initf_malloc
                0x0000000008006f8c        0x8 common/built-in.o
 .text.display_text_info
                0x0000000008006f94        0x8 common/built-in.o
 .text.arch_cpu_init
                0x0000000008006f9c        0x8 common/built-in.o
                0x0000000008006f9c                arch_cpu_init
 .text.reserve_trace
                0x0000000008006fa4        0x8 common/built-in.o
 .text.setup_machine
                0x0000000008006fac        0x8 common/built-in.o
 .text.display_new_sp
                0x0000000008006fb4        0x8 common/built-in.o
 .text.coloured_LED_init
                0x0000000008006fbc        0x4 common/built-in.o
                0x0000000008006fbc                coloured_LED_init
 .text.red_led_on
                0x0000000008006fc0        0x4 common/built-in.o
                0x0000000008006fc0                red_led_on
 .text.board_add_ram_info
                0x0000000008006fc4        0x4 common/built-in.o
                0x0000000008006fc4                board_add_ram_info
 .text.show_dram_config
                0x0000000008006fc8       0x3c common/built-in.o
 .text.dram_init_banksize
                0x0000000008007004       0x20 common/built-in.o
                0x0000000008007004                dram_init_banksize
 .text.setup_dram_config
                0x0000000008007024       0x10 common/built-in.o
 .text.board_get_usable_ram_top
                0x0000000008007034        0xc common/built-in.o
                0x0000000008007034                board_get_usable_ram_top
 .text.setup_dest_addr
                0x0000000008007040       0x3c common/built-in.o
 .text.reserve_stacks
                0x000000000800707c       0x1c common/built-in.o
 .text.board_init_f
                0x0000000008007098       0x2c common/built-in.o
                0x0000000008007098                board_init_f
 .text.bootstage_relocate
                0x00000000080070c4        0x8 common/built-in.o
 .text.initr_reloc_global_data
                0x00000000080070cc       0x40 common/built-in.o
 .text.initr_announce
                0x000000000800710c        0x8 common/built-in.o
 .text.power_init_board
                0x0000000008007114       0x1c common/built-in.o
                0x0000000008007114                power_init_board
 .text.run_main_loop
                0x0000000008007130        0xc common/built-in.o
 .text.initr_net
                0x000000000800713c       0x24 common/built-in.o
 .text.initr_ethaddr
                0x0000000008007160       0x24 common/built-in.o
 .text.initr_enable_interrupts
                0x0000000008007184       0x10 common/built-in.o
 .text.initr_jumptable
                0x0000000008007194       0x10 common/built-in.o
 .text.check_recovery
                0x00000000080071a4       0x10 common/built-in.o
 .text.initr_env
                0x00000000080071b4       0x6c common/built-in.o
 .text.initr_mmc
                0x0000000008007220       0x24 common/built-in.o
 .text.initr_serial
                0x0000000008007244       0x10 common/built-in.o
 .text.initr_malloc
                0x0000000008007254       0x1c common/built-in.o
 .text.initr_caches
                0x0000000008007270       0x10 common/built-in.o
 .text.initr_reloc
                0x0000000008007280       0x24 common/built-in.o
 .text.check_boot_flag
                0x00000000080072a4      0x150 common/built-in.o
 .text.initr_barrier
                0x00000000080073f4        0x8 common/built-in.o
 .text.initr_trace
                0x00000000080073fc        0x8 common/built-in.o
 .text.cpu_secondary_init_r
                0x0000000008007404        0x4 common/built-in.o
                0x0000000008007404                cpu_secondary_init_r
 .text.initr_secondary_cpu
                0x0000000008007408       0x10 common/built-in.o
 .text.board_init_r
                0x0000000008007418       0x1c common/built-in.o
                0x0000000008007418                board_init_r
 .text.do_go_exec
                0x0000000008007434       0x10 common/built-in.o
                0x0000000008007434                do_go_exec
 .text.do_go    0x0000000008007444       0x74 common/built-in.o
 .text.do_bootm
                0x00000000080074b8      0x12c common/built-in.o
                0x00000000080074b8                do_bootm
 .text.do_booti
                0x00000000080075e4      0x184 common/built-in.o
                0x00000000080075e4                do_booti
 .text.bootm_maybe_autostart
                0x0000000008007768       0x94 common/built-in.o
                0x0000000008007768                bootm_maybe_autostart
 .text.do_bootz
                0x00000000080077fc      0x118 common/built-in.o
                0x00000000080077fc                do_bootz
 .text.bootm_find_ramdisk_fdt
                0x0000000008007914       0xc4 common/built-in.o
                0x0000000008007914                bootm_find_ramdisk_fdt
 .text.bootm_decomp_image
                0x00000000080079d8      0x168 common/built-in.o
                0x00000000080079d8                bootm_decomp_image
 .text.bootm_disable_interrupts
                0x0000000008007b40       0x18 common/built-in.o
                0x0000000008007b40                bootm_disable_interrupts
 .text.do_bootm_states
                0x0000000008007b58      0x9a0 common/built-in.o
                0x0000000008007b58                do_bootm_states
 .text.copy_args
                0x00000000080084f8       0x50 common/built-in.o
 .text.do_bootm_rtems
                0x0000000008008548       0x58 common/built-in.o
 .text.do_bootm_plan9
                0x00000000080085a0       0xc4 common/built-in.o
 .text.do_bootm_standalone
                0x0000000008008664       0x70 common/built-in.o
 .text.do_bootm_netbsd
                0x00000000080086d4      0x114 common/built-in.o
 .text.do_bootvx_fdt
                0x00000000080087e8      0x154 common/built-in.o
                0x00000000080087e8                do_bootvx_fdt
 .text.do_bootm_vxworks
                0x000000000800893c       0x38 common/built-in.o
 .text.arch_preboot_os
                0x0000000008008974        0x4 common/built-in.o
                0x0000000008008974                arch_preboot_os
 .text.boot_selected_os
                0x0000000008008978       0x58 common/built-in.o
                0x0000000008008978                boot_selected_os
 .text.bootm_os_get_boot_func
                0x00000000080089d0       0x14 common/built-in.o
                0x00000000080089d0                bootm_os_get_boot_func
 .text.do_help  0x00000000080089e4       0x4c common/built-in.o
 .text.do_version
                0x0000000008008a30       0x60 common/built-in.o
 .text.env_attr_walk
                0x0000000008008a90      0x118 common/built-in.o
                0x0000000008008a90                env_attr_walk
 .text.env_attr_lookup
                0x0000000008008ba8      0x19c common/built-in.o
                0x0000000008008ba8                env_attr_lookup
 .text.clear_callback
                0x0000000008008d44       0x10 common/built-in.o
 .text.find_env_callback
                0x0000000008008d54       0x68 common/built-in.o
 .text.on_callbacks
                0x0000000008008dbc       0x70 common/built-in.o
 .text.set_callback
                0x0000000008008e2c       0xa4 common/built-in.o
 .text.env_callback_init
                0x0000000008008ed0       0xe0 common/built-in.o
                0x0000000008008ed0                env_callback_init
 .text.skip_num
                0x0000000008008fb0       0x88 common/built-in.o
 .text.clear_flags
                0x0000000008009038       0x10 common/built-in.o
 .text.on_flags
                0x0000000008009048       0x70 common/built-in.o
 .text.env_flags_parse_vartype
                0x00000000080090b8       0x58 common/built-in.o
                0x00000000080090b8                env_flags_parse_vartype
 .text.env_flags_parse_varaccess
                0x0000000008009110       0x58 common/built-in.o
                0x0000000008009110                env_flags_parse_varaccess
 .text.set_flags
                0x0000000008009168       0xc0 common/built-in.o
 .text.env_flags_init
                0x0000000008009228       0xfc common/built-in.o
                0x0000000008009228                env_flags_init
 .text.env_flags_validate
                0x0000000008009324      0x338 common/built-in.o
                0x0000000008009324                env_flags_validate
 .text.init_mmc_for_env
                0x000000000800965c       0x40 common/built-in.o
 .text.mmc_get_env_addr
                0x000000000800969c       0x18 common/built-in.o
                0x000000000800969c                mmc_get_env_addr
 .text.env_init
                0x00000000080096b4       0x2c common/built-in.o
                0x00000000080096b4                env_init
 .text.saveenv  0x00000000080096e0      0x168 common/built-in.o
                0x00000000080096e0                saveenv
 .text.env_relocate_spec
                0x0000000008009848      0x2a8 common/built-in.o
                0x0000000008009848                env_relocate_spec
 .text.source   0x0000000008009af0      0x1f4 common/built-in.o
                0x0000000008009af0                source
 .text.do_source
                0x0000000008009ce4       0x88 common/built-in.o
 .text.do_echo  0x0000000008009d6c       0xcc common/built-in.o
 .text.do_exit  0x0000000008009e38       0x48 common/built-in.o
 .text.do_ext4_size
                0x0000000008009e80       0x18 common/built-in.o
                0x0000000008009e80                do_ext4_size
 .text.do_ext4_load
                0x0000000008009e98       0x18 common/built-in.o
                0x0000000008009e98                do_ext4_load
 .text.do_ext4_ls
                0x0000000008009eb0       0x18 common/built-in.o
                0x0000000008009eb0                do_ext4_ls
 .text.do_ext2load
                0x0000000008009ec8       0x18 common/built-in.o
                0x0000000008009ec8                do_ext2load
 .text.do_ext2ls
                0x0000000008009ee0       0x18 common/built-in.o
 .text.do_fat_size
                0x0000000008009ef8       0x18 common/built-in.o
                0x0000000008009ef8                do_fat_size
 .text.do_fat_fsload
                0x0000000008009f10       0x18 common/built-in.o
                0x0000000008009f10                do_fat_fsload
 .text.do_fat_ls
                0x0000000008009f28       0x18 common/built-in.o
 .text.do_fat_fsinfo
                0x0000000008009f40       0x98 common/built-in.o
 .text.do_fat_fswrite
                0x0000000008009fd8      0x118 common/built-in.o
 .text.fdt_valid
                0x000000000800a0f0       0xd0 common/built-in.o
 .text.is_printable_string
                0x000000000800a1c0       0x9c common/built-in.o
 .text.print_data
                0x000000000800a25c      0x1b4 common/built-in.o
 .text.set_working_fdt_addr
                0x000000000800a410       0x24 common/built-in.o
                0x000000000800a410                set_working_fdt_addr
 .text.do_fdt   0x000000000800a434     0x1168 common/built-in.o
 .text.fdt_find_and_setprop
                0x000000000800b59c       0x70 common/built-in.o
                0x000000000800b59c                fdt_find_and_setprop
 .text.fdt_find_or_add_subnode
                0x000000000800b60c       0x68 common/built-in.o
                0x000000000800b60c                fdt_find_or_add_subnode
 .text.fdt_initrd
                0x000000000800b674      0x20c common/built-in.o
                0x000000000800b674                fdt_initrd
 .text.fdt_chosen
                0x000000000800b880       0xbc common/built-in.o
                0x000000000800b880                fdt_chosen
 .text.do_fixup_by_path
                0x000000000800b93c       0x58 common/built-in.o
                0x000000000800b93c                do_fixup_by_path
 .text.fdt_fixup_memory_banks
                0x000000000800b994      0x1d8 common/built-in.o
                0x000000000800b994                fdt_fixup_memory_banks
 .text.fdt_fixup_memory
                0x000000000800bb6c       0x20 common/built-in.o
                0x000000000800bb6c                fdt_fixup_memory
 .text.fdt_fixup_ethernet
                0x000000000800bb8c      0x1ac common/built-in.o
                0x000000000800bb8c                fdt_fixup_ethernet
 .text.fdt_shrink_to_minimum
                0x000000000800bd38       0xcc common/built-in.o
                0x000000000800bd38                fdt_shrink_to_minimum
 .text.do_size_wrapper
                0x000000000800be04       0x18 common/built-in.o
 .text.do_load_wrapper
                0x000000000800be1c       0x18 common/built-in.o
 .text.do_save_wrapper
                0x000000000800be34       0x18 common/built-in.o
 .text.do_ls_wrapper
                0x000000000800be4c       0x18 common/built-in.o
 .text.do_fstype_wrapper
                0x000000000800be64        0x4 common/built-in.o
 .text.do_mem_mw
                0x000000000800be68       0xc0 common/built-in.o
 .text.do_mem_loop
                0x000000000800bf28       0xec common/built-in.o
 .text.do_mem_md
                0x000000000800c014      0x104 common/built-in.o
 .text.do_mem_cmp
                0x000000000800c118      0x184 common/built-in.o
 .text.do_mem_base
                0x000000000800c29c       0x50 common/built-in.o
 .text.do_mem_cp
                0x000000000800c2ec       0xdc common/built-in.o
 .text.do_mem_crc
                0x000000000800c3c8       0x4c common/built-in.o
 .text.mod_mem.isra.0
                0x000000000800c414      0x1a8 common/built-in.o
 .text.do_mem_mm
                0x000000000800c5bc        0x8 common/built-in.o
 .text.do_mem_nm
                0x000000000800c5c4        0x8 common/built-in.o
 .text.do_mmcops
                0x000000000800c5cc       0xc4 common/built-in.o
 .text.init_mmc_device
                0x000000000800c690       0x54 common/built-in.o
 .text.do_mmc_rescan
                0x000000000800c6e4       0x24 common/built-in.o
 .text.do_mmc_hwpartition
                0x000000000800c708      0x5dc common/built-in.o
 .text.do_mmc_list
                0x000000000800cce4       0x14 common/built-in.o
 .text.do_mmc_dev
                0x000000000800ccf8      0x14c common/built-in.o
 .text.do_mmc_part
                0x000000000800ce44       0x64 common/built-in.o
 .text.do_mmc_erase
                0x000000000800cea8      0x104 common/built-in.o
 .text.do_mmc_write
                0x000000000800cfac      0x11c common/built-in.o
 .text.do_mmc_read
                0x000000000800d0c8      0x104 common/built-in.o
 .text.do_mmcinfo
                0x000000000800d1cc      0x458 common/built-in.o
 .text.do_mmc_setdsr
                0x000000000800d624       0xbc common/built-in.o
 .text.netboot_common
                0x000000000800d6e0      0x324 common/built-in.o
 .text.do_bootp
                0x000000000800da04        0xc common/built-in.o
 .text.do_tftpb
                0x000000000800da10       0x40 common/built-in.o
                0x000000000800da10                do_tftpb
 .text.do_usbnet
                0x000000000800da50       0x4c common/built-in.o
                0x000000000800da50                do_usbnet
 .text.do_ping  0x000000000800da9c       0x88 common/built-in.o
 .text.do_false
                0x000000000800db24        0x8 common/built-in.o
 .text.do_true  0x000000000800db2c        0x8 common/built-in.o
 .text.do_test  0x000000000800db34      0x33c common/built-in.o
 .text.usb_get_class_desc
                0x000000000800de70       0xe4 common/built-in.o
 .text.usb_display_class_sub
                0x000000000800df54      0x204 common/built-in.o
 .text.usb_find_device
                0x000000000800e158       0x3c common/built-in.o
 .text.usb_show_tree_graph
                0x000000000800e194      0x280 common/built-in.o
 .text.usb_display_string
                0x000000000800e414       0x48 common/built-in.o
 .text.usb_display_config
                0x000000000800e45c      0x2b4 common/built-in.o
 .text.do_usbboot
                0x000000000800e710       0x10 common/built-in.o
 .text.do_usb_start
                0x000000000800e720       0x34 common/built-in.o
 .text.usb_display_desc.part.2
                0x000000000800e754      0x148 common/built-in.o
 .text.do_usb   0x000000000800e89c      0x884 common/built-in.o
 .text.usb_set_maxpacket_ep
                0x000000000800f120       0x78 common/built-in.o
 .text.usb_stop
                0x000000000800f198       0x70 common/built-in.o
                0x000000000800f198                usb_stop
 .text.usb_disable_asynch
                0x000000000800f208       0x24 common/built-in.o
                0x000000000800f208                usb_disable_asynch
 .text.usb_control_msg
                0x000000000800f22c       0xc4 common/built-in.o
                0x000000000800f22c                usb_control_msg
 .text.usb_get_descriptor
                0x000000000800f2f0       0x58 common/built-in.o
 .text.usb_get_string
                0x000000000800f348       0x74 common/built-in.o
 .text.usb_string_sub
                0x000000000800f3bc      0x114 common/built-in.o
 .text.usb_bulk_msg
                0x000000000800f4d0       0x74 common/built-in.o
                0x000000000800f4d0                usb_bulk_msg
 .text.usb_maxpacket
                0x000000000800f544       0x1c common/built-in.o
                0x000000000800f544                usb_maxpacket
 .text.usb_clear_halt
                0x000000000800f560       0x90 common/built-in.o
                0x000000000800f560                usb_clear_halt
 .text.usb_get_configuration_no
                0x000000000800f5f0       0xd0 common/built-in.o
                0x000000000800f5f0                usb_get_configuration_no
 .text.usb_set_interface
                0x000000000800f6c0       0xac common/built-in.o
                0x000000000800f6c0                usb_set_interface
 .text.usb_string
                0x000000000800f76c       0xfc common/built-in.o
                0x000000000800f76c                usb_string
 .text.usb_get_dev_index
                0x000000000800f868       0x28 common/built-in.o
                0x000000000800f868                usb_get_dev_index
 .text.usb_alloc_new_device
                0x000000000800f890       0xb0 common/built-in.o
                0x000000000800f890                usb_alloc_new_device
 .text.usb_free_device
                0x000000000800f940       0x50 common/built-in.o
                0x000000000800f940                usb_free_device
 .text.usb_new_device
                0x000000000800f990      0x5e0 common/built-in.o
                0x000000000800f990                usb_new_device
 .text.usb_init
                0x000000000800ff70      0x174 common/built-in.o
                0x000000000800ff70                usb_init
 .text.usb_set_port_feature
                0x00000000080100e4       0x4c common/built-in.o
 .text.usb_hub_power_on
                0x0000000008010130       0x44 common/built-in.o
 .text.usb_get_port_status
                0x0000000008010174       0x4c common/built-in.o
 .text.usb_clear_port_feature
                0x00000000080101c0       0x4c common/built-in.o
 .text.usb_get_hub_descriptor
                0x000000000801020c       0x4c common/built-in.o
 .text.usb_hub_reset_devices
                0x0000000008010258        0x4 common/built-in.o
                0x0000000008010258                usb_hub_reset_devices
 .text.usb_hub_reset
                0x000000000801025c       0x18 common/built-in.o
                0x000000000801025c                usb_hub_reset
 .text.hub_port_reset
                0x0000000008010274       0x98 common/built-in.o
                0x0000000008010274                hub_port_reset
 .text.usb_hub_port_connect_change
                0x000000000801030c      0x124 common/built-in.o
                0x000000000801030c                usb_hub_port_connect_change
 .text.usb_hub_configure
                0x0000000008010430      0x2f4 common/built-in.o
 .text.usb_hub_probe
                0x0000000008010724       0x54 common/built-in.o
                0x0000000008010724                usb_hub_probe
 .text.usb_stor_irq
                0x0000000008010778       0x1c common/built-in.o
 .text.usb_stor_BBB_reset
                0x0000000008010794       0xd0 common/built-in.o
 .text.usb_stor_CB_reset
                0x0000000008010864       0xd0 common/built-in.o
 .text.usb_stor_BBB_clear_endpt_stall.isra.2
                0x0000000008010934       0x40 common/built-in.o
 .text.usb_stor_BBB_transport
                0x0000000008010974      0x26c common/built-in.o
 .text.usb_stor_CB_comdat
                0x0000000008010be0      0x214 common/built-in.o
 .text.usb_stor_CBI_get_status.isra.4
                0x0000000008010df4       0xcc common/built-in.o
 .text.usb_stor_CB_transport
                0x0000000008010ec0      0x220 common/built-in.o
 .text.usb_request_sense.constprop.10
                0x00000000080110e0       0x74 common/built-in.o
 .text.usb_stor_write
                0x0000000008011154      0x1a8 common/built-in.o
                0x0000000008011154                usb_stor_write
 .text.usb_stor_read
                0x00000000080112fc      0x1a8 common/built-in.o
                0x00000000080112fc                usb_stor_read
 .text.usb_stor_get_dev
                0x00000000080114a4       0x38 common/built-in.o
                0x00000000080114a4                usb_stor_get_dev
 .text.usb_stor_info
                0x00000000080114dc       0x88 common/built-in.o
                0x00000000080114dc                usb_stor_info
 .text.usb_storage_probe
                0x0000000008011564      0x248 common/built-in.o
                0x0000000008011564                usb_storage_probe
 .text.usb_stor_get_info
                0x00000000080117ac      0x330 common/built-in.o
                0x00000000080117ac                usb_stor_get_info
 .text.usb_stor_scan
                0x0000000008011adc      0x228 common/built-in.o
                0x0000000008011adc                usb_stor_scan
 .text.do_fastboot
                0x0000000008011d04       0x74 common/built-in.o
 .text.ums_read_sector
                0x0000000008011d78       0x24 common/built-in.o
 .text.ums_write_sector
                0x0000000008011d9c       0x24 common/built-in.o
 .text.ums_init
                0x0000000008011dc0       0x68 common/built-in.o
                0x0000000008011dc0                ums_init
 .text.do_usb_mass_storage
                0x0000000008011e28      0x1f8 common/built-in.o
                0x0000000008011e28                do_usb_mass_storage
 .text.iomux_doenv
                0x0000000008012020      0x1d4 common/built-in.o
                0x0000000008012020                iomux_doenv
 .text.splash_screen_prepare
                0x00000000080121f4        0x8 common/built-in.o
                0x00000000080121f4                splash_screen_prepare
 .text.splash_get_pos
                0x00000000080121fc       0x8c common/built-in.o
                0x00000000080121fc                splash_get_pos
 .text.do_env_delete
                0x0000000008012288       0xb8 common/built-in.o
 .text.do_env_save
                0x0000000008012340       0x40 common/built-in.o
 .text.do_env   0x0000000008012380       0x6c common/built-in.o
 .text.env_print
                0x00000000080123ec       0xd8 common/built-in.o
 .text.do_env_print
                0x00000000080124c4       0xcc common/built-in.o
 .text.do_env_import
                0x0000000008012590      0x2d0 common/built-in.o
 .text.do_env_default
                0x0000000008012860       0xa0 common/built-in.o
 .text._do_env_set.isra.0
                0x0000000008012900      0x1d8 common/built-in.o
 .text.do_env_set
                0x0000000008012ad8       0x1c common/built-in.o
 .text.get_env_id
                0x0000000008012af4       0x10 common/built-in.o
                0x0000000008012af4                get_env_id
 .text.setenv   0x0000000008012b04       0x60 common/built-in.o
                0x0000000008012b04                setenv
 .text.setenv_ulong
                0x0000000008012b64       0x20 common/built-in.o
                0x0000000008012b64                setenv_ulong
 .text.setenv_hex
                0x0000000008012b84       0x3c common/built-in.o
                0x0000000008012b84                setenv_hex
 .text.do_env_export
                0x0000000008012bc0      0x2b4 common/built-in.o
 .text.envmatch
                0x0000000008012e74       0x64 common/built-in.o
                0x0000000008012e74                envmatch
 .text.getenv_f
                0x0000000008012ed8       0xd0 common/built-in.o
                0x0000000008012ed8                getenv_f
 .text.getenv   0x0000000008012fa8       0x88 common/built-in.o
                0x0000000008012fa8                getenv
 .text.getenv_hex
                0x0000000008013030       0x3c common/built-in.o
                0x0000000008013030                getenv_hex
 .text.getenv_ulong
                0x000000000801306c       0x30 common/built-in.o
                0x000000000801306c                getenv_ulong
 .text.env_get_char_spec
                0x000000000801309c        0xc common/built-in.o
                0x000000000801309c                env_get_char_spec
 .text.env_get_addr
                0x00000000080130a8       0x24 common/built-in.o
                0x00000000080130a8                env_get_addr
 .text.env_get_char_memory
                0x00000000080130cc       0x10 common/built-in.o
                0x00000000080130cc                env_get_char_memory
 .text.env_get_char
                0x00000000080130dc       0x34 common/built-in.o
                0x00000000080130dc                env_get_char
 .text.getenv_yesno
                0x0000000008013110       0x3c common/built-in.o
                0x0000000008013110                getenv_yesno
 .text.getenv_default
                0x000000000801314c       0x30 common/built-in.o
                0x000000000801314c                getenv_default
 .text.set_default_env
                0x000000000801317c       0xf0 common/built-in.o
                0x000000000801317c                set_default_env
 .text.set_default_vars
                0x000000000801326c       0x40 common/built-in.o
                0x000000000801326c                set_default_vars
 .text.env_import
                0x00000000080132ac      0x108 common/built-in.o
                0x00000000080132ac                env_import
 .text.env_export
                0x00000000080133b4       0xc4 common/built-in.o
                0x00000000080133b4                env_export
 .text.env_relocate
                0x0000000008013478       0x30 common/built-in.o
                0x0000000008013478                env_relocate
 .text.console_tstc
                0x00000000080134a8       0xb0 common/built-in.o
 .text.console_putc
                0x0000000008013558       0x5c common/built-in.o
 .text.console_puts
                0x00000000080135b4       0x5c common/built-in.o
 .text.serial_printf
                0x0000000008013610       0x48 common/built-in.o
                0x0000000008013610                serial_printf
 .text.console_getc.isra.0
                0x0000000008013658       0x2c common/built-in.o
 .text.putc     0x0000000008013684       0x28 common/built-in.o
                0x0000000008013684                putc
 .text.puts     0x00000000080136ac       0x28 common/built-in.o
                0x00000000080136ac                puts
 .text.printf   0x00000000080136d4       0x54 common/built-in.o
                0x00000000080136d4                printf
 .text.on_console
                0x0000000008013728       0xcc common/built-in.o
 .text.tstc     0x00000000080137f4       0x24 common/built-in.o
                0x00000000080137f4                tstc
 .text.getc     0x0000000008013818       0x48 common/built-in.o
                0x0000000008013818                getc
 .text.vprintf  0x0000000008013860       0x34 common/built-in.o
                0x0000000008013860                vprintf
 .text.ctrlc    0x0000000008013894       0x5c common/built-in.o
                0x0000000008013894                ctrlc
 .text.disable_ctrlc
                0x00000000080138f0       0x1c common/built-in.o
                0x00000000080138f0                disable_ctrlc
 .text.had_ctrlc
                0x000000000801390c       0x10 common/built-in.o
                0x000000000801390c                had_ctrlc
 .text.clear_ctrlc
                0x000000000801391c       0x18 common/built-in.o
                0x000000000801391c                clear_ctrlc
 .text.search_device
                0x0000000008013934       0x28 common/built-in.o
                0x0000000008013934                search_device
 .text.console_assign
                0x000000000801395c       0xf8 common/built-in.o
                0x000000000801395c                console_assign
 .text.console_init_f
                0x0000000008013a54       0x10 common/built-in.o
                0x0000000008013a54                console_init_f
 .text.stdio_print_current_devices
                0x0000000008013a64       0xec common/built-in.o
                0x0000000008013a64                stdio_print_current_devices
 .text.console_init_r
                0x0000000008013b50      0x1f4 common/built-in.o
                0x0000000008013b50                console_init_r
 .text.sbrk     0x0000000008013d44       0x7c common/built-in.o
                0x0000000008013d44                sbrk
 .text.mem_malloc_init
                0x0000000008013dc0       0x40 common/built-in.o
                0x0000000008013dc0                mem_malloc_init
 .text.malloc_trim
                0x0000000008013e00       0xe4 common/built-in.o
                0x0000000008013e00                malloc_trim
 .text.free     0x0000000008013ee4      0x264 common/built-in.o
                0x0000000008013ee4                free
 .text.malloc   0x0000000008014148      0x6cc common/built-in.o
                0x0000000008014148                malloc
 .text.calloc   0x0000000008014814       0xd0 common/built-in.o
                0x0000000008014814                calloc
 .text.realloc  0x00000000080148e4      0x42c common/built-in.o
                0x00000000080148e4                realloc
 .text.memalign
                0x0000000008014d10      0x110 common/built-in.o
                0x0000000008014d10                memalign
 .text.on_loadaddr
                0x0000000008014e20       0x44 common/built-in.o
 .text.image_check_hcrc
                0x0000000008014e64       0x4c common/built-in.o
                0x0000000008014e64                image_check_hcrc
 .text.image_check_dcrc
                0x0000000008014eb0       0x38 common/built-in.o
                0x0000000008014eb0                image_check_dcrc
 .text.image_multi_count
                0x0000000008014ee8       0x20 common/built-in.o
                0x0000000008014ee8                image_multi_count
 .text.image_multi_getimg
                0x0000000008014f08       0x80 common/built-in.o
                0x0000000008014f08                image_multi_getimg
 .text.getenv_bootm_low
                0x0000000008014f88       0x2c common/built-in.o
                0x0000000008014f88                getenv_bootm_low
 .text.getenv_bootm_size
                0x0000000008014fb4       0x64 common/built-in.o
                0x0000000008014fb4                getenv_bootm_size
 .text.getenv_bootm_mapsize
                0x0000000008015018       0x34 common/built-in.o
                0x0000000008015018                getenv_bootm_mapsize
 .text.memmove_wd
                0x000000000801504c        0xc common/built-in.o
                0x000000000801504c                memmove_wd
 .text.genimg_print_size
                0x0000000008015058       0x38 common/built-in.o
                0x0000000008015058                genimg_print_size
 .text.get_table_entry_name
                0x0000000008015090       0x2c common/built-in.o
                0x0000000008015090                get_table_entry_name
 .text.genimg_get_os_name
                0x00000000080150bc       0x20 common/built-in.o
                0x00000000080150bc                genimg_get_os_name
 .text.genimg_get_arch_name
                0x00000000080150dc       0x20 common/built-in.o
                0x00000000080150dc                genimg_get_arch_name
 .text.genimg_get_type_name
                0x00000000080150fc       0x20 common/built-in.o
                0x00000000080150fc                genimg_get_type_name
 .text.genimg_get_comp_name
                0x000000000801511c       0x20 common/built-in.o
                0x000000000801511c                genimg_get_comp_name
 .text.image_print_contents
                0x000000000801513c      0x1b0 common/built-in.o
                0x000000000801513c                image_print_contents
 .text.get_table_entry_id
                0x00000000080152ec       0x4c common/built-in.o
                0x00000000080152ec                get_table_entry_id
 .text.genimg_get_os_id
                0x0000000008015338       0x20 common/built-in.o
                0x0000000008015338                genimg_get_os_id
 .text.genimg_get_arch_id
                0x0000000008015358       0x20 common/built-in.o
                0x0000000008015358                genimg_get_arch_id
 .text.genimg_get_type_id
                0x0000000008015378       0x20 common/built-in.o
                0x0000000008015378                genimg_get_type_id
 .text.genimg_get_comp_id
                0x0000000008015398       0x20 common/built-in.o
                0x0000000008015398                genimg_get_comp_id
 .text.genimg_get_kernel_addr_fit
                0x00000000080153b8       0x88 common/built-in.o
                0x00000000080153b8                genimg_get_kernel_addr_fit
 .text.genimg_get_format
                0x0000000008015440       0x50 common/built-in.o
                0x0000000008015440                genimg_get_format
 .text.genimg_get_image
                0x0000000008015490        0x4 common/built-in.o
                0x0000000008015490                genimg_get_image
 .text.genimg_has_config
                0x0000000008015494       0x10 common/built-in.o
                0x0000000008015494                genimg_has_config
 .text.boot_get_ramdisk
                0x00000000080154a4      0x384 common/built-in.o
                0x00000000080154a4                boot_get_ramdisk
 .text.boot_ramdisk_high
                0x0000000008015828      0x140 common/built-in.o
                0x0000000008015828                boot_ramdisk_high
 .text.boot_get_setup
                0x0000000008015968        0x4 common/built-in.o
                0x0000000008015968                boot_get_setup
 .text.image_setup_linux
                0x000000000801596c       0xa0 common/built-in.o
                0x000000000801596c                image_setup_linux
 .text.android_image_get_kernel
                0x0000000008015a0c      0x170 common/built-in.o
                0x0000000008015a0c                android_image_get_kernel
 .text.android_image_check_header
                0x0000000008015b7c       0x18 common/built-in.o
                0x0000000008015b7c                android_image_check_header
 .text.android_image_get_end
                0x0000000008015b94       0x4c common/built-in.o
                0x0000000008015b94                android_image_get_end
 .text.android_image_get_kload
                0x0000000008015be0        0x8 common/built-in.o
                0x0000000008015be0                android_image_get_kload
 .text.android_image_get_ramdisk
                0x0000000008015be8       0x78 common/built-in.o
                0x0000000008015be8                android_image_get_ramdisk
 .text.fdt_error
                0x0000000008015c60       0x34 common/built-in.o
 .text.boot_fdt_add_mem_rsv_regions
                0x0000000008015c94       0x94 common/built-in.o
                0x0000000008015c94                boot_fdt_add_mem_rsv_regions
 .text.boot_relocate_fdt
                0x0000000008015d28      0x1b8 common/built-in.o
                0x0000000008015d28                boot_relocate_fdt
 .text.boot_get_fdt
                0x0000000008015ee0      0x400 common/built-in.o
                0x0000000008015ee0                boot_get_fdt
 .text.ft_verify_fdt
                0x00000000080162e0        0x8 common/built-in.o
                0x00000000080162e0                ft_verify_fdt
 .text.image_setup_libfdt
                0x00000000080162e8       0xf0 common/built-in.o
                0x00000000080162e8                image_setup_libfdt
 .text.fit_parse_conf
                0x00000000080163d8       0x64 common/built-in.o
                0x00000000080163d8                fit_parse_conf
 .text.fit_parse_subimage
                0x000000000801643c       0x64 common/built-in.o
                0x000000000801643c                fit_parse_subimage
 .text.fit_get_desc
                0x00000000080164a0       0x34 common/built-in.o
                0x00000000080164a0                fit_get_desc
 .text.fit_image_get_node
                0x00000000080164d4       0x34 common/built-in.o
                0x00000000080164d4                fit_image_get_node
 .text.fit_image_get_os
                0x0000000008016508       0x40 common/built-in.o
                0x0000000008016508                fit_image_get_os
 .text.fit_image_get_arch
                0x0000000008016548       0x40 common/built-in.o
                0x0000000008016548                fit_image_get_arch
 .text.fit_image_get_type
                0x0000000008016588       0x40 common/built-in.o
                0x0000000008016588                fit_image_get_type
 .text.fit_image_get_comp
                0x00000000080165c8       0x40 common/built-in.o
                0x00000000080165c8                fit_image_get_comp
 .text.fit_image_get_load
                0x0000000008016608       0x3c common/built-in.o
                0x0000000008016608                fit_image_get_load
 .text.fit_image_get_entry
                0x0000000008016644       0x3c common/built-in.o
                0x0000000008016644                fit_image_get_entry
 .text.fit_image_get_data
                0x0000000008016680       0x44 common/built-in.o
                0x0000000008016680                fit_image_get_data
 .text.fit_image_hash_get_algo
                0x00000000080166c4       0x34 common/built-in.o
                0x00000000080166c4                fit_image_hash_get_algo
 .text.fit_image_hash_get_value
                0x00000000080166f8       0x44 common/built-in.o
                0x00000000080166f8                fit_image_hash_get_value
 .text.fit_image_print_data
                0x000000000801673c      0x180 common/built-in.o
 .text.fit_image_print
                0x00000000080168bc      0x3b0 common/built-in.o
                0x00000000080168bc                fit_image_print
 .text.calculate_hash
                0x0000000008016c6c      0x108 common/built-in.o
                0x0000000008016c6c                calculate_hash
 .text.fit_image_verify
                0x0000000008016d74      0x25c common/built-in.o
                0x0000000008016d74                fit_image_verify
 .text.fit_image_check_os
                0x0000000008016fd0       0x30 common/built-in.o
                0x0000000008016fd0                fit_image_check_os
 .text.fit_image_check_arch
                0x0000000008017000       0x44 common/built-in.o
                0x0000000008017000                fit_image_check_arch
 .text.fit_image_check_type
                0x0000000008017044       0x30 common/built-in.o
                0x0000000008017044                fit_image_check_type
 .text.fit_image_check_comp
                0x0000000008017074       0x30 common/built-in.o
                0x0000000008017074                fit_image_check_comp
 .text.fit_check_format
                0x00000000080170a4       0x48 common/built-in.o
                0x00000000080170a4                fit_check_format
 .text.fit_conf_get_node
                0x00000000080170ec       0x74 common/built-in.o
                0x00000000080170ec                fit_conf_get_node
 .text.fit_conf_get_prop_node
                0x0000000008017160       0x2c common/built-in.o
                0x0000000008017160                fit_conf_get_prop_node
 .text.fit_conf_print
                0x000000000801718c      0x13c common/built-in.o
                0x000000000801718c                fit_conf_print
 .text.fit_print_contents
                0x00000000080172c8      0x24c common/built-in.o
                0x00000000080172c8                fit_print_contents
 .text.fit_get_node_from_config
                0x0000000008017514       0x40 common/built-in.o
                0x0000000008017514                fit_get_node_from_config
 .text.fit_image_load
                0x0000000008017554      0x5c0 common/built-in.o
                0x0000000008017554                fit_image_load
 .text.boot_get_setup_fit
                0x0000000008017b14       0x70 common/built-in.o
                0x0000000008017b14                boot_get_setup_fit
 .text.get_effective_memsize
                0x0000000008017b84        0x8 common/built-in.o
                0x0000000008017b84                get_effective_memsize
 .text.nulldev_putc
                0x0000000008017b8c        0x4 common/built-in.o
 .text.nulldev_puts
                0x0000000008017b90        0x4 common/built-in.o
 .text.nulldev_input
                0x0000000008017b94        0x8 common/built-in.o
 .text.stdio_serial_tstc
                0x0000000008017b9c        0x4 common/built-in.o
 .text.stdio_serial_getc
                0x0000000008017ba0        0x4 common/built-in.o
 .text.stdio_serial_puts
                0x0000000008017ba4        0x8 common/built-in.o
 .text.stdio_serial_putc
                0x0000000008017bac        0x8 common/built-in.o
 .text.stdio_get_by_name
                0x0000000008017bb4       0x54 common/built-in.o
                0x0000000008017bb4                stdio_get_by_name
 .text.stdio_clone
                0x0000000008017c08       0x38 common/built-in.o
                0x0000000008017c08                stdio_clone
 .text.stdio_register_dev
                0x0000000008017c40       0x54 common/built-in.o
                0x0000000008017c40                stdio_register_dev
 .text.stdio_register
                0x0000000008017c94        0x8 common/built-in.o
                0x0000000008017c94                stdio_register
 .text.stdio_init_tables
                0x0000000008017c9c       0x20 common/built-in.o
                0x0000000008017c9c                stdio_init_tables
 .text.stdio_add_devices
                0x0000000008017cbc       0xfc common/built-in.o
                0x0000000008017cbc                stdio_add_devices
 .text.write_sparse_image
                0x0000000008017db8      0x3f8 common/built-in.o
                0x0000000008017db8                write_sparse_image
 .text.fastboot_fail
                0x00000000080181b0       0x40 common/built-in.o
                0x00000000080181b0                fastboot_fail
 .text.fastboot_okay
                0x00000000080181f0       0x44 common/built-in.o
                0x00000000080181f0                fastboot_okay
 .text.fb_mmc_flash_write
                0x0000000008018234      0x360 common/built-in.o
                0x0000000008018234                fb_mmc_flash_write
 .text.fb_mmc_erase
                0x0000000008018594      0x204 common/built-in.o
                0x0000000008018594                fb_mmc_erase
 .text.run_command
                0x0000000008018798       0x10 common/built-in.o
                0x0000000008018798                run_command
 .text.run_command_list
                0x00000000080187a8       0x5c common/built-in.o
                0x00000000080187a8                run_command_list
 .text.do_run   0x0000000008018804       0x78 common/built-in.o
                0x0000000008018804                do_run
 .text.cli_process_fdt
                0x000000000801887c       0x48 common/built-in.o
                0x000000000801887c                cli_process_fdt
 .text.cli_secure_boot_cmd
                0x00000000080188c4       0x84 common/built-in.o
                0x00000000080188c4                cli_secure_boot_cmd
 .text.cli_loop
                0x0000000008018948        0xc common/built-in.o
                0x0000000008018948                cli_loop
 .text.cli_init
                0x0000000008018954        0x4 common/built-in.o
                0x0000000008018954                cli_init
 .text.delete_char.part.0
                0x0000000008018958       0xe8 common/built-in.o
 .text.cli_readline_into_buffer
                0x0000000008018a40      0x1f8 common/built-in.o
                0x0000000008018a40                cli_readline_into_buffer
 .text.cli_readline
                0x0000000008018c38       0x18 common/built-in.o
                0x0000000008018c38                cli_readline
 .text.find_cmd_tbl
                0x0000000008018c50       0xa0 common/built-in.o
                0x0000000008018c50                find_cmd_tbl
 .text.find_cmd
                0x0000000008018cf0       0x30 common/built-in.o
                0x0000000008018cf0                find_cmd
 .text.cmd_usage
                0x0000000008018d20       0x68 common/built-in.o
                0x0000000008018d20                cmd_usage
 .text._do_help
                0x0000000008018d88      0x190 common/built-in.o
                0x0000000008018d88                _do_help
 .text.cmd_get_data_size
                0x0000000008018f18       0x54 common/built-in.o
                0x0000000008018f18                cmd_get_data_size
 .text.cmd_process
                0x0000000008018f6c       0xc0 common/built-in.o
                0x0000000008018f6c                cmd_process
 .text.common_diskboot
                0x000000000801902c      0x2e4 common/built-in.o
                0x000000000801902c                common_diskboot
 .text.get_dev_hwpart
                0x0000000008019310       0xa0 disk/built-in.o
 .text.print_part_header
                0x00000000080193b0      0x100 disk/built-in.o
 .text.get_dev  0x00000000080194b0        0x8 disk/built-in.o
                0x00000000080194b0                get_dev
 .text.dev_print
                0x00000000080194b8      0x260 disk/built-in.o
                0x00000000080194b8                dev_print
 .text.init_part
                0x0000000008019718       0x34 disk/built-in.o
                0x0000000008019718                init_part
 .text.print_part
                0x000000000801974c       0x70 disk/built-in.o
                0x000000000801974c                print_part
 .text.get_partition_info
                0x00000000080197bc       0x44 disk/built-in.o
                0x00000000080197bc                get_partition_info
 .text.get_device
                0x0000000008019800      0x130 disk/built-in.o
                0x0000000008019800                get_device
 .text.get_device_and_partition
                0x0000000008019930      0x47c disk/built-in.o
                0x0000000008019930                get_device_and_partition
 .text.test_block_type
                0x0000000008019dac       0x8c disk/built-in.o
 .text.print_partition_extended
                0x0000000008019e38      0x294 disk/built-in.o
 .text.get_partition_info_extended
                0x000000000801a0cc      0x36c disk/built-in.o
 .text.test_part_dos
                0x000000000801a438       0x64 disk/built-in.o
                0x000000000801a438                test_part_dos
 .text.print_part_dos
                0x000000000801a49c       0x38 disk/built-in.o
                0x000000000801a49c                print_part_dos
 .text.get_partition_info_dos
                0x000000000801a4d4       0x24 disk/built-in.o
                0x000000000801a4d4                get_partition_info_dos
 .text.print_efiname
                0x000000000801a4f8       0x9c disk/built-in.o
 .text.validate_gpt_entries
                0x000000000801a594       0xa0 disk/built-in.o
 *fill*         0x000000000801a634        0x4 
 .text.validate_gpt_header
                0x000000000801a638      0x244 disk/built-in.o
 .text.is_gpt_valid
                0x000000000801a87c      0x1a0 disk/built-in.o
 .text.is_pte_valid
                0x000000000801aa1c       0x64 disk/built-in.o
 .text.print_part_efi
                0x000000000801aa80      0x2bc disk/built-in.o
                0x000000000801aa80                print_part_efi
 .text.get_partition_info_efi
                0x000000000801ad3c      0x234 disk/built-in.o
                0x000000000801ad3c                get_partition_info_efi
 .text.get_partition_info_efi_by_name
                0x000000000801af70       0x60 disk/built-in.o
                0x000000000801af70                get_partition_info_efi_by_name
 .text.test_part_efi
                0x000000000801afd0       0xd0 disk/built-in.o
                0x000000000801afd0                test_part_efi
 .text.is_valid_gpt_buf
                0x000000000801b0a0       0x70 disk/built-in.o
                0x000000000801b0a0                is_valid_gpt_buf
 .text.write_mbr_and_gpt_partitions
                0x000000000801b110      0x468 disk/built-in.o
                0x000000000801b110                write_mbr_and_gpt_partitions
 .text.video_drawchars
                0x000000000801b578      0x490 drivers/built-in.o
 .text.console_newline.constprop.2
                0x000000000801ba08      0x100 drivers/built-in.o
 .text.video_putc
                0x000000000801bb08      0x1f4 drivers/built-in.o
 .text.video_puts
                0x000000000801bcfc       0x90 drivers/built-in.o
 .text.board_cfb_skip
                0x000000000801bd8c        0x8 drivers/built-in.o
                0x000000000801bd8c                board_cfb_skip
 .text.video_set_lut
                0x000000000801bd94        0x4 drivers/built-in.o
                0x000000000801bd94                video_set_lut
 .text.plot_logo_or_black
                0x000000000801bd98      0x2c0 drivers/built-in.o
 .text.do_clrlogo
                0x000000000801c058       0x64 drivers/built-in.o
 .text.video_display_bitmap
                0x000000000801c0bc      0xad8 drivers/built-in.o
                0x000000000801c0bc                video_display_bitmap
 .text.video_clear
                0x000000000801cb94       0x5c drivers/built-in.o
                0x000000000801cb94                video_clear
 .text.board_video_skip
                0x000000000801cbf0       0x20 drivers/built-in.o
                0x000000000801cbf8                board_video_skip
 .text.drv_video_init
                0x000000000801cc10      0x5cc drivers/built-in.o
                0x000000000801cc10                drv_video_init
 .text.de_hw_reset
                0x000000000801d1dc       0x30 drivers/built-in.o
                0x000000000801d1dc                de_hw_reset
 .text.de_hw_init
                0x000000000801d20c      0x770 drivers/built-in.o
                0x000000000801d20c                de_hw_init
 .text.owl_display_register
                0x000000000801d97c       0x80 drivers/built-in.o
                0x000000000801d97c                owl_display_register
 .text.disp_enable
                0x000000000801d9fc       0xac drivers/built-in.o
                0x000000000801d9fc                disp_enable
 .text.lcdi_convertion_get
                0x000000000801daa8       0x20 drivers/built-in.o
                0x000000000801daa8                lcdi_convertion_get
 .text.lcdi_convertion_enable
                0x000000000801dac8       0x2c drivers/built-in.o
                0x000000000801dac8                lcdi_convertion_enable
 .text.lcdi_convertion_disable
                0x000000000801daf4       0x2c drivers/built-in.o
                0x000000000801daf4                lcdi_convertion_disable
 .text.get_fb_heap_size
                0x000000000801db20       0x88 drivers/built-in.o
                0x000000000801db20                get_fb_heap_size
 .text.string_to_arrange_id
                0x000000000801dba8       0x4c drivers/built-in.o
                0x000000000801dba8                string_to_arrange_id
 .text.owl_dss_enable
                0x000000000801dbf4       0x54 drivers/built-in.o
                0x000000000801dbf4                owl_dss_enable
 .text.fdtdec_get_fb_par
                0x000000000801dc48      0x1b8 drivers/built-in.o
                0x000000000801dc48                fdtdec_get_fb_par
 .text.phy_write_gamma_ram_idx
                0x000000000801de00       0x2c drivers/built-in.o
                0x000000000801de00                phy_write_gamma_ram_idx
 .text.write_gamma_ram
                0x000000000801de2c       0x48 drivers/built-in.o
                0x000000000801de2c                write_gamma_ram
 .text.owl_dss_gamma_init
                0x000000000801de74       0x78 drivers/built-in.o
                0x000000000801de74                owl_dss_gamma_init
 .text.owl_dss_init
                0x000000000801deec      0x1a8 drivers/built-in.o
                0x000000000801deec                owl_dss_init
 .text.video_hw_init
                0x000000000801e094      0x14c drivers/built-in.o
                0x000000000801e094                video_hw_init
 .text.get_owl_reserved_size
                0x000000000801e1e0       0x80 drivers/built-in.o
                0x000000000801e1e0                get_owl_reserved_size
 .text.kinfo_init
                0x000000000801e260       0x24 drivers/built-in.o
                0x000000000801e260                kinfo_init
 .text.gpio_bit_to_pwr
                0x000000000801e284       0x68 drivers/built-in.o
 .text.lcd_deactivate_gpio
                0x000000000801e2ec       0x1c drivers/built-in.o
 .text.lcd_activate_gpio
                0x000000000801e308       0x20 drivers/built-in.o
 .text.lvds_init
                0x000000000801e328       0x3c drivers/built-in.o
                0x000000000801e328                lvds_init
 .text.lvds_close
                0x000000000801e364       0x24 drivers/built-in.o
                0x000000000801e364                lvds_close
 .text.lcd_disable
                0x000000000801e388       0xa4 drivers/built-in.o
                0x000000000801e388                lcd_disable
 .text.enable_lcdc
                0x000000000801e42c       0x1c drivers/built-in.o
                0x000000000801e42c                enable_lcdc
 .text.lcd_enable
                0x000000000801e448      0x3c8 drivers/built-in.o
                0x000000000801e448                lcd_enable
 .text.string_to_port_type
                0x000000000801e810       0x50 drivers/built-in.o
                0x000000000801e810                string_to_port_type
 .text.get_lcdic_type
                0x000000000801e860       0x18 drivers/built-in.o
                0x000000000801e860                get_lcdic_type
 .text.fdtdec_get_lcd_par
                0x000000000801e878      0x38c drivers/built-in.o
                0x000000000801e878                fdtdec_get_lcd_par
 .text.owl_lcd_init
                0x000000000801ec04       0xf8 drivers/built-in.o
                0x000000000801ec04                owl_lcd_init
 .text.set_lcd_bl_power
                0x000000000801ecfc       0x14 drivers/built-in.o
                0x000000000801ecfc                set_lcd_bl_power
 .text.dsi_deactivate_gpio
                0x000000000801ed10       0x1c drivers/built-in.o
 .text.dsi_activate_gpio
                0x000000000801ed2c       0x20 drivers/built-in.o
 .text.wait_lanes_stop
                0x000000000801ed4c       0x40 drivers/built-in.o
 .text.dsi_disable
                0x000000000801ed8c       0x6c drivers/built-in.o
                0x000000000801ed8c                dsi_disable
 .text.get_dsi_data_width
                0x000000000801edf8       0x24 drivers/built-in.o
                0x000000000801edf8                get_dsi_data_width
 .text.enable_dsi
                0x000000000801ee1c       0x1c drivers/built-in.o
                0x000000000801ee1c                enable_dsi
 .text.power_enable
                0x000000000801ee38       0xd4 drivers/built-in.o
                0x000000000801ee38                power_enable
 .text.dsi_enable
                0x000000000801ef0c      0x1b4 drivers/built-in.o
                0x000000000801ef0c                dsi_enable
 .text.dsihw_send_short_packet
                0x000000000801f0c0       0x6c drivers/built-in.o
                0x000000000801f0c0                dsihw_send_short_packet
 .text.fdtdec_get_dsi_par
                0x000000000801f12c      0x464 drivers/built-in.o
                0x000000000801f12c                fdtdec_get_dsi_par
 .text.owl_dsi_init
                0x000000000801f590       0xe0 drivers/built-in.o
                0x000000000801f590                owl_dsi_init
 .text.send_short_cmd
                0x000000000801f670       0x10 drivers/built-in.o
                0x000000000801f670                send_short_cmd
 .text.send_short_cmd_1
                0x000000000801f680       0x14 drivers/built-in.o
                0x000000000801f680                send_short_cmd_1
 .text.send_cmd
                0x000000000801f694       0x34 drivers/built-in.o
                0x000000000801f694                send_cmd
 .text.hdmi_enable_output
                0x000000000801f6c8       0x30 drivers/built-in.o
                0x000000000801f6c8                hdmi_enable_output
 .text.hdmi_disable_output
                0x000000000801f6f8       0x50 drivers/built-in.o
                0x000000000801f6f8                hdmi_disable_output
 .text.hdmi_SetRamPacketPeriod
                0x000000000801f748       0x80 drivers/built-in.o
                0x000000000801f748                hdmi_SetRamPacketPeriod
 .text.hdmi_SetRamPacket
                0x000000000801f7c8      0x1b0 drivers/built-in.o
                0x000000000801f7c8                hdmi_SetRamPacket
 .text.hdmi_gen_gbd_infoframe
                0x000000000801f978      0x148 drivers/built-in.o
                0x000000000801f978                hdmi_gen_gbd_infoframe
 .text.hdmi_gen_vs_infoframe
                0x000000000801fac0      0x108 drivers/built-in.o
                0x000000000801fac0                hdmi_gen_vs_infoframe
 .text.hdmi_get_vid
                0x000000000801fbc8       0x44 drivers/built-in.o
                0x000000000801fbc8                hdmi_get_vid
 .text.hdmi_gen_avi_infoframe
                0x000000000801fc0c      0x154 drivers/built-in.o
                0x000000000801fc0c                hdmi_gen_avi_infoframe
 .text.hdmi_get_aid
                0x000000000801fd60       0x5c drivers/built-in.o
                0x000000000801fd60                hdmi_get_aid
 .text.hdmi_gen_audio_infoframe
                0x000000000801fdbc       0xec drivers/built-in.o
                0x000000000801fdbc                hdmi_gen_audio_infoframe
 .text.hdmi_get_mode
                0x000000000801fea8       0x34 drivers/built-in.o
                0x000000000801fea8                hdmi_get_mode
 .text.hdmi_set_clk
                0x000000000801fedc      0x140 drivers/built-in.o
                0x000000000801fedc                hdmi_set_clk
 .text.hdmi_phy_enable
                0x000000000802001c       0x1c drivers/built-in.o
                0x000000000802001c                hdmi_phy_enable
 .text.hdmi_set_tdms_ldo
                0x0000000008020038      0x120 drivers/built-in.o
                0x0000000008020038                hdmi_set_tdms_ldo
 .text.hdmi_set_outmode
                0x0000000008020158       0x34 drivers/built-in.o
                0x0000000008020158                hdmi_set_outmode
 .text.hdmi_gcp_cfg
                0x000000000802018c       0x48 drivers/built-in.o
                0x000000000802018c                hdmi_gcp_cfg
 .text.hdmi_audio_enable
                0x00000000080201d4       0x18 drivers/built-in.o
                0x00000000080201d4                hdmi_audio_enable
 .text.hdmi_acr_packet
                0x00000000080201ec       0x8c drivers/built-in.o
                0x00000000080201ec                hdmi_acr_packet
 .text.hdmi_audio_general_cfg
                0x0000000008020278       0x84 drivers/built-in.o
                0x0000000008020278                hdmi_audio_general_cfg
 .text.hdmi_aichsta_cfg
                0x00000000080202fc       0xf0 drivers/built-in.o
                0x00000000080202fc                hdmi_aichsta_cfg
 .text.hdmi_audioch_cfg
                0x00000000080203ec       0xa8 drivers/built-in.o
                0x00000000080203ec                hdmi_audioch_cfg
 .text.hdmi_ldo_and_pll_cfg
                0x0000000008020494       0x34 drivers/built-in.o
                0x0000000008020494                hdmi_ldo_and_pll_cfg
 .text.hdmi_video_general_cfg
                0x00000000080204c8      0x13c drivers/built-in.o
                0x00000000080204c8                hdmi_video_general_cfg
 .text.hdmi_audio_cfg
                0x0000000008020604       0x48 drivers/built-in.o
                0x0000000008020604                hdmi_audio_cfg
 .text.hdmi_video_cfg
                0x000000000802064c       0x88 drivers/built-in.o
                0x000000000802064c                hdmi_video_cfg
 .text.hdmi_general_cfg
                0x00000000080206d4       0x2c drivers/built-in.o
                0x00000000080206d4                hdmi_general_cfg
 .text.hdmi_get_plug_state
                0x0000000008020700       0x34 drivers/built-in.o
                0x0000000008020700                hdmi_get_plug_state
 .text.hdmi_init
                0x0000000008020734      0x368 drivers/built-in.o
                0x0000000008020734                hdmi_init
 .text.get_edid_data
                0x0000000008020a9c       0x94 drivers/built-in.o
 .text.edid_checksum
                0x0000000008020b30       0x58 drivers/built-in.o
                0x0000000008020b30                edid_checksum
 .text.edid_header_check
                0x0000000008020b88       0x7c drivers/built-in.o
                0x0000000008020b88                edid_header_check
 .text.edid_version_check
                0x0000000008020c04       0x3c drivers/built-in.o
                0x0000000008020c04                edid_version_check
 .text.parse_dtd_block
                0x0000000008020c40      0x1c8 drivers/built-in.o
                0x0000000008020c40                parse_dtd_block
 .text.parse_videodata_block
                0x0000000008020e08       0x34 drivers/built-in.o
                0x0000000008020e08                parse_videodata_block
 .text.parse_hdmi_vsdb
                0x0000000008020e3c       0x6c drivers/built-in.o
                0x0000000008020e3c                parse_hdmi_vsdb
 .text.parse_edid
                0x0000000008020ea8      0x2b0 drivers/built-in.o
                0x0000000008020ea8                parse_edid
 .text.check_hdmi_mode
                0x0000000008021158       0xe4 drivers/built-in.o
                0x0000000008021158                check_hdmi_mode
 .text.configure_pal
                0x000000000802123c       0x8c drivers/built-in.o
 .text.cvbs_enable
                0x00000000080212c8       0x2c drivers/built-in.o
                0x00000000080212c8                cvbs_enable
 .text.cvbs_disable
                0x00000000080212f4       0x24 drivers/built-in.o
                0x00000000080212f4                cvbs_disable
 .text.get_cvbs_state
                0x0000000008021318       0x3c drivers/built-in.o
                0x0000000008021318                get_cvbs_state
 .text.cvbs_read_usr_cfg_file
                0x0000000008021354      0x1ac drivers/built-in.o
                0x0000000008021354                cvbs_read_usr_cfg_file
 .text.cvbs_init
                0x0000000008021500      0x39c drivers/built-in.o
                0x0000000008021500                cvbs_init
 .text.owl_pwm_backlight_update_status
                0x000000000802189c       0xfc drivers/built-in.o
                0x000000000802189c                owl_pwm_backlight_update_status
 .text.owl_pwm_backlight_init
                0x0000000008021998      0x168 drivers/built-in.o
                0x0000000008021998                owl_pwm_backlight_init
 .text.splash_image_init
                0x0000000008021b00      0x20c drivers/built-in.o
                0x0000000008021b00                splash_image_init
 .text.count_onoff_short_press
                0x0000000008021d0c       0x8c drivers/built-in.o
                0x0000000008021d0c                count_onoff_short_press
 .text.reset_to_adfu
                0x0000000008021d98       0x2c drivers/built-in.o
                0x0000000008021d98                reset_to_adfu
 .text.check_key
                0x0000000008021dc4      0x334 drivers/built-in.o
                0x0000000008021dc4                check_key
 .text.owl_gpio_get_value
                0x00000000080220f8       0x28 drivers/gpio/built-in.o
                0x00000000080220f8                owl_gpio_get_value
 .text.owl_gpio_direction_input
                0x0000000008022120       0x48 drivers/gpio/built-in.o
                0x0000000008022120                owl_gpio_direction_input
 .text.owl_gpio_set_value
                0x0000000008022168       0x38 drivers/gpio/built-in.o
                0x0000000008022168                owl_gpio_set_value
 .text.owl_gpio_direction_output
                0x00000000080221a0       0x50 drivers/gpio/built-in.o
                0x00000000080221a0                owl_gpio_direction_output
 .text.owl_gpio_clr
                0x00000000080221f0       0x48 drivers/gpio/built-in.o
                0x00000000080221f0                owl_gpio_clr
 .text.owl_gpio_init
                0x0000000008022238      0x188 drivers/gpio/built-in.o
                0x0000000008022238                owl_gpio_init
 .text.owl_gpio_generic_direction_output
                0x00000000080223c0       0x28 drivers/gpio/built-in.o
                0x00000000080223c0                owl_gpio_generic_direction_output
 .text.owl_fdtdec_decode_gpios
                0x00000000080223e8      0x104 drivers/gpio/built-in.o
                0x00000000080223e8                owl_fdtdec_decode_gpios
 .text.owl_fdtdec_decode_gpio
                0x00000000080224ec       0x34 drivers/gpio/built-in.o
                0x00000000080224ec                owl_fdtdec_decode_gpio
 .text.gpiochip_add
                0x0000000008022520       0x70 drivers/gpio/built-in.o
                0x0000000008022520                gpiochip_add
 .text.i2c_set_bus_num
                0x0000000008022590      0x200 drivers/i2c/built-in.o
                0x0000000008022590                i2c_set_bus_num
 .text.i2c_transfer
                0x0000000008022790      0x198 drivers/i2c/built-in.o
                0x0000000008022790                i2c_transfer
 .text.i2c_probe
                0x0000000008022928       0x78 drivers/i2c/built-in.o
                0x0000000008022928                i2c_probe
 .text.i2c_read
                0x00000000080229a0       0x58 drivers/i2c/built-in.o
                0x00000000080229a0                i2c_read
 .text.i2c_write
                0x00000000080229f8       0x58 drivers/i2c/built-in.o
                0x00000000080229f8                i2c_write
 .text.board_i2c_init
                0x0000000008022a50       0x98 drivers/i2c/built-in.o
                0x0000000008022a50                board_i2c_init
 .text.mmc_set_ios
                0x0000000008022ae8       0x18 drivers/mmc/built-in.o
 .text.mmc_set_capacity
                0x0000000008022b00       0xa8 drivers/mmc/built-in.o
 .text.board_mmc_getwp
                0x0000000008022ba8        0x8 drivers/mmc/built-in.o
                0x0000000008022ba8                board_mmc_getwp
 .text.mmc_getwp
                0x0000000008022bb0       0x3c drivers/mmc/built-in.o
                0x0000000008022bb0                mmc_getwp
 .text.board_mmc_getcd
                0x0000000008022bec        0x8 drivers/mmc/built-in.o