Archive member included to satisfy reference by file (symbol)

/usr/lib/gcc/arm-linux-gnueabihf/4.9/libgcc.a(_udivsi3.o)
                              arch/arm/cpu/armv7/built-in.o (__aeabi_uidiv)
/usr/lib/gcc/arm-linux-gnueabihf/4.9/libgcc.a(_divsi3.o)
                              arch/arm/cpu/armv7/built-in.o (__aeabi_idiv)
/usr/lib/gcc/arm-linux-gnueabihf/4.9/libgcc.a(_lshrdi3.o)
                              fs/built-in.o (__aeabi_llsr)
/usr/lib/gcc/arm-linux-gnueabihf/4.9/libgcc.a(_ashldi3.o)
                              drivers/mmc/built-in.o (__aeabi_llsl)
/usr/lib/gcc/arm-linux-gnueabihf/4.9/libgcc.a(_dvmd_lnx.o)
                              /usr/lib/gcc/arm-linux-gnueabihf/4.9/libgcc.a(_udivsi3.o) (__aeabi_idiv0)

Discarded input sections

 .data          0x0000000000000000        0x0 arch/arm/cpu/armv7/start.o
 .bss           0x0000000000000000        0x0 arch/arm/cpu/armv7/start.o
 .text.v7_arch_cp15_set_l2aux_ctrl
                0x0000000000000000        0x8 arch/arm/cpu/armv7/built-in.o
 .text.v7_arch_cp15_set_acr
                0x0000000000000000        0x8 arch/arm/cpu/armv7/built-in.o
 .text.sdelay   0x0000000000000000        0xc arch/arm/cpu/armv7/built-in.o
 .text.wait_on_value
                0x0000000000000000       0x34 arch/arm/cpu/armv7/built-in.o
 .text.pmu_prepare_for_s2
                0x0000000000000000       0x48 arch/arm/cpu/armv7/built-in.o
 .text.irq_free_handler
                0x0000000000000000       0x70 arch/arm/cpu/armv7/built-in.o
 .text.irq_printf
                0x0000000000000000       0x44 arch/arm/cpu/armv7/built-in.o
 .text.find_pinctrl_dev_by_name
                0x0000000000000000       0x50 arch/arm/cpu/armv7/built-in.o
 .text.owl_pinctrl_set_function
                0x0000000000000000       0x30 arch/arm/cpu/armv7/built-in.o
 .text.owl_pinctrl_pin_set_configs
                0x0000000000000000       0x38 arch/arm/cpu/armv7/built-in.o
 .text.owl_pinctrl_group_set_configs
                0x0000000000000000       0x38 arch/arm/cpu/armv7/built-in.o
 .text.pinctrl_init_f
                0x0000000000000000      0x12c arch/arm/cpu/armv7/built-in.o
 .text.get_ticks
                0x0000000000000000       0x10 arch/arm/cpu/armv7/built-in.o
 .text.get_tbclk
                0x0000000000000000        0x8 arch/arm/cpu/armv7/built-in.o
 .text.owl_reset_and_enable_clk
                0x0000000000000000       0x2c arch/arm/cpu/armv7/built-in.o
 .text.owl_clk_disable
                0x0000000000000000       0x40 arch/arm/cpu/armv7/built-in.o
 .data          0x0000000000000000        0x0 arch/arm/cpu/armv7/built-in.o
 .bss           0x0000000000000000        0x0 arch/arm/cpu/armv7/built-in.o
 .text.setup_board_tags
                0x0000000000000000        0x4 arch/arm/lib/built-in.o
 .text.flush_cache
                0x0000000000000000        0x4 arch/arm/lib/built-in.o
 .text.flush_dcache_all
                0x0000000000000000        0xc arch/arm/lib/built-in.o
 .text.enable_caches
                0x0000000000000000        0xc arch/arm/lib/built-in.o
 .text.arm_init_before_mmu
                0x0000000000000000        0x4 arch/arm/lib/built-in.o
 .text.mmu_page_table_flush
                0x0000000000000000        0x4 arch/arm/lib/built-in.o
 .text.icache_enable
                0x0000000000000000       0x18 arch/arm/lib/built-in.o
 .text.icache_status
                0x0000000000000000        0xc arch/arm/lib/built-in.o
 .data          0x0000000000000000        0x0 arch/arm/lib/built-in.o
 .__secure_start
                0x0000000000000000        0x0 arch/arm/lib/built-in.o
 .__secure_end  0x0000000000000000        0x0 arch/arm/lib/built-in.o
 .bss           0x0000000000000000        0x0 arch/arm/lib/built-in.o
 .text          0x0000000000000000        0x0 board/actions/owl/built-in.o
 .text.platform_get_lcd_par
                0x0000000000000000       0x2c board/actions/owl/built-in.o
 .text.platform_enable_lcd
                0x0000000000000000       0x3c board/actions/owl/built-in.o
 .text.platform_get_dsi_par
                0x0000000000000000       0x14 board/actions/owl/built-in.o
 .text.platform_enable_dsi
                0x0000000000000000       0x24 board/actions/owl/built-in.o
 .data          0x0000000000000000        0x0 board/actions/owl/built-in.o
 .bss           0x0000000000000000        0x0 board/actions/owl/built-in.o
 .text          0x0000000000000000        0x0 common/built-in.o
 .text.hash_progressive_lookup_algo
                0x0000000000000000       0x60 common/built-in.o
 .text.hash_block
                0x0000000000000000       0x6c common/built-in.o
 .text.unset_local_var
                0x0000000000000000       0xa0 common/built-in.o
 .text.red_led_off
                0x0000000000000000        0x4 common/built-in.o
 .text.green_led_on
                0x0000000000000000        0x4 common/built-in.o
 .text.green_led_off
                0x0000000000000000        0x4 common/built-in.o
 .text.yellow_led_on
[...]
Memory Configuration

Name             Origin             Length             Attributes
*default*        0x0000000000000000 0xffffffffffffffff

Linker script and memory map

Address of section .text set to 0x8000040
                0x0000000000000000                . = 0x0
                0x0000000000000000                . = ALIGN (0x4)

.text           0x0000000008000040    0x43244
 *(.__image_copy_start)
 .__image_copy_start
                0x0000000008000040        0x0 arch/arm/lib/built-in.o
                0x0000000008000040                __image_copy_start
 *(.vectors)
 .vectors       0x0000000008000040      0x2c0 arch/arm/lib/built-in.o
                0x0000000008000040                _start
                0x0000000008000060                _undefined_instruction
                0x0000000008000064                _software_interrupt
                0x0000000008000068                _prefetch_abort
                0x000000000800006c                _data_abort
                0x0000000008000070                _not_used
                0x0000000008000074                _irq
                0x0000000008000078                _fiq
                0x0000000008000080                IRQ_STACK_START_IN
                0x0000000008000084                IRQ_STACK_START
                0x0000000008000088                FIQ_STACK_START
 arch/arm/cpu/armv7/start.o(.text*)
 .text          0x0000000008000300       0xb0 arch/arm/cpu/armv7/start.o
                0x0000000008000300                reset
                0x0000000008000304                save_boot_params_ret
                0x0000000008000340                c_runtime_cpu_setup
                0x0000000008000350                save_boot_params
                0x0000000008000354                cpu_init_cp15
                0x00000000080003a8                cpu_init_crit
 *(.text*)
 .text          0x00000000080003b0       0x24 arch/arm/cpu/armv7/built-in.o
                0x00000000080003b0                lowlevel_init
 .text.v7_maint_dcache_all
                0x00000000080003d4       0xd0 arch/arm/cpu/armv7/built-in.o
 .text.invalidate_icache_all
                0x00000000080004a4       0x18 arch/arm/cpu/armv7/built-in.o
                0x00000000080004a4                invalidate_icache_all
 .text.v7_outer_cache_enable
                0x00000000080004bc        0x4 arch/arm/cpu/armv7/built-in.o
                0x00000000080004bc                v7_outer_cache_enable
 .text.v7_outer_cache_disable
                0x00000000080004c0        0x4 arch/arm/cpu/armv7/built-in.o
                0x00000000080004c0                v7_outer_cache_disable
 .text.v7_outer_cache_flush_all
                0x00000000080004c4        0x4 arch/arm/cpu/armv7/built-in.o
                0x00000000080004c4                v7_outer_cache_flush_all
 .text.flush_dcache_all
                0x00000000080004c8       0x14 arch/arm/cpu/armv7/built-in.o
                0x00000000080004c8                flush_dcache_all
 .text.v7_outer_cache_inval_all
                0x00000000080004dc        0x4 arch/arm/cpu/armv7/built-in.o
                0x00000000080004dc                v7_outer_cache_inval_all
 .text.invalidate_dcache_all
                0x00000000080004e0       0x14 arch/arm/cpu/armv7/built-in.o
                0x00000000080004e0                invalidate_dcache_all
 .text.arm_init_before_mmu
                0x00000000080004f4       0x28 arch/arm/cpu/armv7/built-in.o
                0x00000000080004f4                arm_init_before_mmu
 .text.v7_outer_cache_flush_range
                0x000000000800051c        0x4 arch/arm/cpu/armv7/built-in.o
                0x000000000800051c                v7_outer_cache_flush_range
 .text.flush_dcache_range
                0x0000000008000520       0x3c arch/arm/cpu/armv7/built-in.o
                0x0000000008000520                flush_dcache_range
 .text.mmu_page_table_flush
                0x000000000800055c       0x24 arch/arm/cpu/armv7/built-in.o
                0x000000000800055c                mmu_page_table_flush
 .text.flush_cache
                0x0000000008000580        0x8 arch/arm/cpu/armv7/built-in.o
                0x0000000008000580                flush_cache
 .text.v7_outer_cache_inval_range
                0x0000000008000588        0x4 arch/arm/cpu/armv7/built-in.o
                0x0000000008000588                v7_outer_cache_inval_range
 .text.invalidate_dcache_range
                0x000000000800058c       0xac arch/arm/cpu/armv7/built-in.o
                0x000000000800058c                invalidate_dcache_range
 .text.cpu_cache_initialization
                0x0000000008000638        0x4 arch/arm/cpu/armv7/built-in.o
                0x0000000008000638                cpu_cache_initialization
 .text.cleanup_before_linux
                0x000000000800063c       0x28 arch/arm/cpu/armv7/built-in.o
                0x000000000800063c                cleanup_before_linux
 .text._atc2603c_reg_read
                0x0000000008000664       0x54 arch/arm/cpu/armv7/built-in.o
 .text._atc2609a_reg_read
                0x00000000080006b8       0x54 arch/arm/cpu/armv7/built-in.o
 .text._atc2603c_reg_write
                0x000000000800070c       0x4c arch/arm/cpu/armv7/built-in.o
 .text._atc2609a_reg_write
                0x0000000008000758       0x4c arch/arm/cpu/armv7/built-in.o
 .text._atc2603a_reg_read
                0x00000000080007a4       0x48 arch/arm/cpu/armv7/built-in.o
 .text._atc2603a_reg_write
                0x00000000080007ec       0x40 arch/arm/cpu/armv7/built-in.o
 .text.atc260x_reg_read
                0x000000000800082c        0x4 arch/arm/cpu/armv7/built-in.o
                0x000000000800082c                atc260x_reg_read
 .text.atc260x_reg_write
                0x0000000008000830        0x4 arch/arm/cpu/armv7/built-in.o
                0x0000000008000830                atc260x_reg_write
 .text.atc260x_set_bits
                0x0000000008000834       0x50 arch/arm/cpu/armv7/built-in.o
                0x0000000008000834                atc260x_set_bits
 .text.atc260x_get_version
                0x0000000008000884       0x88 arch/arm/cpu/armv7/built-in.o
                0x0000000008000884                atc260x_get_version
 .text.pmu_early_init
                0x000000000800090c      0x10c arch/arm/cpu/armv7/built-in.o
                0x000000000800090c                pmu_early_init
 .text.vdd_core_init
                0x0000000008000a18       0xc0 arch/arm/cpu/armv7/built-in.o
                0x0000000008000a18                vdd_core_init
 .text.pmu_init
                0x0000000008000ad8      0xe68 arch/arm/cpu/armv7/built-in.o
                0x0000000008000ad8                pmu_init
 .text.atc260x_pstore_set
                0x0000000008001940       0xdc arch/arm/cpu/armv7/built-in.o
                0x0000000008001940                atc260x_pstore_set
 .text.atc260x_pstore_get
                0x0000000008001a1c       0xb0 arch/arm/cpu/armv7/built-in.o
                0x0000000008001a1c                atc260x_pstore_get
 .text.atc260x_pstore_get_noerr
                0x0000000008001acc       0x28 arch/arm/cpu/armv7/built-in.o
                0x0000000008001acc                atc260x_pstore_get_noerr
 .text.reset_cpu
                0x0000000008001af4      0x1a0 arch/arm/cpu/armv7/built-in.o
                0x0000000008001af4                reset_cpu
 .text.s_init   0x0000000008001c94        0x4 arch/arm/cpu/armv7/built-in.o
                0x0000000008001c94                s_init
 .text.default_isr
                0x0000000008001c98       0x18 arch/arm/cpu/armv7/built-in.o
 .text.do_irq   0x0000000008001cb0       0x6c arch/arm/cpu/armv7/built-in.o
                0x0000000008001cb0                do_irq
 .text.irq_install_handler
                0x0000000008001d1c       0xf0 arch/arm/cpu/armv7/built-in.o
                0x0000000008001d1c                irq_install_handler
 .text.arch_interrupt_init
                0x0000000008001e0c       0x90 arch/arm/cpu/armv7/built-in.o
                0x0000000008001e0c                arch_interrupt_init
 .text.group_name_to_selector
                0x0000000008001e9c       0x50 arch/arm/cpu/armv7/built-in.o
 .text.pinctrl_set_function
                0x0000000008001eec      0x220 arch/arm/cpu/armv7/built-in.o
 .text.pinctrl_group_set_config
                0x000000000800210c       0x7c arch/arm/cpu/armv7/built-in.o
                0x000000000800210c                pinctrl_group_set_config
 .text.pinctrl_pin_set_config
                0x0000000008002188      0x104 arch/arm/cpu/armv7/built-in.o
                0x0000000008002188                pinctrl_pin_set_config
 .text.pinctrl_pin_set_configs
                0x000000000800228c       0x48 arch/arm/cpu/armv7/built-in.o
                0x000000000800228c                pinctrl_pin_set_configs
 .text.pinctrl_group_set_configs
                0x00000000080022d4       0x48 arch/arm/cpu/armv7/built-in.o
                0x00000000080022d4                pinctrl_group_set_configs
 .text.owl_fdtdec_set_pinctrl
                0x000000000800231c      0x290 arch/arm/cpu/armv7/built-in.o
                0x000000000800231c                owl_fdtdec_set_pinctrl
 .text.owl_device_fdtdec_set_pinctrl_default
                0x00000000080025ac       0x74 arch/arm/cpu/armv7/built-in.o
                0x00000000080025ac                owl_device_fdtdec_set_pinctrl_default
 .text.pinctrl_init_r
                0x0000000008002620      0x108 arch/arm/cpu/armv7/built-in.o
                0x0000000008002620                pinctrl_init_r
 .text.pwm_enable
                0x0000000008002728       0x2c arch/arm/cpu/armv7/built-in.o
                0x0000000008002728                pwm_enable
 .text.pwm_disable
                0x0000000008002754       0x28 arch/arm/cpu/armv7/built-in.o
                0x0000000008002754                pwm_disable
 .text.pwm_config
                0x000000000800277c       0xec arch/arm/cpu/armv7/built-in.o
                0x000000000800277c                pwm_config
 .text.fdtdec_pwm_get
                0x0000000008002868      0x178 arch/arm/cpu/armv7/built-in.o
                0x0000000008002868                fdtdec_pwm_get
 .text.pwm_init
                0x00000000080029e0       0x48 arch/arm/cpu/armv7/built-in.o
                0x00000000080029e0                pwm_init
 .text.timer_init
                0x0000000008002a28       0x38 arch/arm/cpu/armv7/built-in.o
                0x0000000008002a28                timer_init
 .text.get_timer_masked
                0x0000000008002a60       0x5c arch/arm/cpu/armv7/built-in.o
                0x0000000008002a60                get_timer_masked
 .text.__udelay
                0x0000000008002abc       0x50 arch/arm/cpu/armv7/built-in.o
                0x0000000008002abc                __udelay
 .text.get_timer
                0x0000000008002b0c       0x14 arch/arm/cpu/armv7/built-in.o
                0x0000000008002b0c                get_timer
 .text.owl_reset_assert
                0x0000000008002b20       0x40 arch/arm/cpu/armv7/built-in.o
                0x0000000008002b20                owl_reset_assert
 .text.owl_reset_deassert
                0x0000000008002b60       0x40 arch/arm/cpu/armv7/built-in.o
                0x0000000008002b60                owl_reset_deassert
 .text.owl_reset
                0x0000000008002ba0       0x20 arch/arm/cpu/armv7/built-in.o
                0x0000000008002ba0                owl_reset
 .text.owl_clk_enable
                0x0000000008002bc0       0x40 arch/arm/cpu/armv7/built-in.o
                0x0000000008002bc0                owl_clk_enable
 .text.owl_get_displaypll_rate
                0x0000000008002c00       0x20 arch/arm/cpu/armv7/built-in.o
                0x0000000008002c00                owl_get_displaypll_rate
 .text.owl_get_devpll_rate
                0x0000000008002c20       0x20 arch/arm/cpu/armv7/built-in.o
                0x0000000008002c20                owl_get_devpll_rate
 .text.owl_get_devclk_rate
                0x0000000008002c40       0x24 arch/arm/cpu/armv7/built-in.o
                0x0000000008002c40                owl_get_devclk_rate
 .text.owl_get_nic_clk_rate
                0x0000000008002c64       0x28 arch/arm/cpu/armv7/built-in.o
                0x0000000008002c64                owl_get_nic_clk_rate
 .text.owl_clk_init
                0x0000000008002c8c      0x264 arch/arm/cpu/armv7/built-in.o
                0x0000000008002c8c                owl_clk_init
 .text          0x0000000008002ef0       0xa0 arch/arm/lib/built-in.o
                0x0000000008002ef0                _main
 .text.relocate_vectors
                0x0000000008002f90       0x70 arch/arm/lib/built-in.o
                0x0000000008002f90                relocate_vectors
                0x0000000008002f9c                relocate_code
 .text.arch_fixup_fdt
                0x0000000008003000       0x38 arch/arm/lib/built-in.o
                0x0000000008003000                arch_fixup_fdt
 .text.boot_jump_linux
                0x0000000008003038       0xb8 arch/arm/lib/built-in.o
 .text.boot_prep_linux
                0x00000000080030f0       0x4c arch/arm/lib/built-in.o
 .text.arch_lmb_reserve
                0x000000000800313c       0x24 arch/arm/lib/built-in.o
                0x000000000800313c                arch_lmb_reserve
 .text.do_bootm_linux
                0x0000000008003160       0x88 arch/arm/lib/built-in.o
                0x0000000008003160                do_bootm_linux
 .text.bootz_setup
                0x00000000080031e8       0x60 arch/arm/lib/built-in.o
                0x00000000080031e8                bootz_setup
 .text.boot_prep_vxworks
                0x0000000008003248       0x50 arch/arm/lib/built-in.o
                0x0000000008003248                boot_prep_vxworks
 .text.boot_jump_vxworks
                0x0000000008003298        0xc arch/arm/lib/built-in.o
                0x0000000008003298                boot_jump_vxworks
 .text.arch_reserve_stacks
                0x00000000080032a4       0x34 arch/arm/lib/built-in.o
                0x00000000080032a4                arch_reserve_stacks
 .text.interrupt_init
                0x00000000080032d8       0x6c arch/arm/lib/built-in.o
                0x00000000080032d8                interrupt_init
 .text.enable_interrupts
                0x0000000008003344       0x10 arch/arm/lib/built-in.o
                0x0000000008003344                enable_interrupts
 .text.disable_interrupts
                0x0000000008003354       0x18 arch/arm/lib/built-in.o
                0x0000000008003354                disable_interrupts
 .text.bad_mode
                0x000000000800336c       0x10 arch/arm/lib/built-in.o
                0x000000000800336c                bad_mode
 .text.show_regs
                0x000000000800337c      0x174 arch/arm/lib/built-in.o
                0x000000000800337c                show_regs
 .text.do_undefined_instruction
                0x00000000080034f0       0x20 arch/arm/lib/built-in.o
                0x00000000080034f0                do_undefined_instruction
 .text.do_software_interrupt
                0x0000000008003510       0x20 arch/arm/lib/built-in.o
                0x0000000008003510                do_software_interrupt
 .text.do_prefetch_abort
                0x0000000008003530       0x20 arch/arm/lib/built-in.o
                0x0000000008003530                do_prefetch_abort
 .text.do_data_abort
                0x0000000008003550       0x20 arch/arm/lib/built-in.o
                0x0000000008003550                do_data_abort
 .text.do_not_used
                0x0000000008003570       0x20 arch/arm/lib/built-in.o
                0x0000000008003570                do_not_used
 .text.do_fiq   0x0000000008003590       0x20 arch/arm/lib/built-in.o
                0x0000000008003590                do_fiq
 .text.reset_misc
                0x00000000080035b0        0x4 arch/arm/lib/built-in.o
                0x00000000080035b0                reset_misc
 .text.do_reset
                0x00000000080035b4       0x30 arch/arm/lib/built-in.o
                0x00000000080035b4                do_reset
 .text.cp_delay
                0x00000000080035e4       0x30 arch/arm/lib/built-in.o
 .text.arm_init_domains
                0x0000000008003614        0x4 arch/arm/lib/built-in.o
                0x0000000008003614                arm_init_domains
 .text.set_section_dcache
                0x0000000008003618       0x14 arch/arm/lib/built-in.o
                0x0000000008003618                set_section_dcache
 .text.mmu_set_region_dcache_behaviour
                0x000000000800362c       0x50 arch/arm/lib/built-in.o
                0x000000000800362c                mmu_set_region_dcache_behaviour
 .text.dram_bank_mmu_setup
                0x000000000800367c       0x44 arch/arm/lib/built-in.o
                0x000000000800367c                dram_bank_mmu_setup
 .text.icache_disable
                0x00000000080036c0       0x1c arch/arm/lib/built-in.o
                0x00000000080036c0                icache_disable
 .text.dcache_enable
                0x00000000080036dc       0x6c arch/arm/lib/built-in.o
                0x00000000080036dc                dcache_enable
 .text.dcache_disable
                0x0000000008003748       0x2c arch/arm/lib/built-in.o
                0x0000000008003748                dcache_disable
 .text.dcache_status
                0x0000000008003774        0xc arch/arm/lib/built-in.o
                0x0000000008003774                dcache_status
 .text.get_boot_dev_num
                0x0000000008003780       0x40 board/actions/owl/built-in.o
                0x0000000008003780                get_boot_dev_num
 .text.dram_init
                0x00000000080037c0       0x34 board/actions/owl/built-in.o
                0x00000000080037c0                dram_init
 .text.board_init
                0x00000000080037f4       0x38 board/actions/owl/built-in.o
                0x00000000080037f4                board_init
 .text.board_eth_init
                0x000000000800382c       0x28 board/actions/owl/built-in.o
                0x000000000800382c                board_eth_init
 .text.board_mmc_init
                0x0000000008003854       0x88 board/actions/owl/built-in.o
                0x0000000008003854                board_mmc_init
 .text.owl_get_boot_mode
                0x00000000080038dc       0x30 board/actions/owl/built-in.o
                0x00000000080038dc                owl_get_boot_mode
 .text.owl_get_boot_dev
                0x000000000800390c       0x30 board/actions/owl/built-in.o
                0x000000000800390c                owl_get_boot_dev
 .text.owl_afi_get_serial_number
                0x000000000800393c       0x30 board/actions/owl/built-in.o
                0x000000000800393c                owl_afi_get_serial_number
 .text.owl_afi_get_serial_pad
                0x000000000800396c       0x30 board/actions/owl/built-in.o
                0x000000000800396c                owl_afi_get_serial_pad
 .text.owl_afi_get_serial_baudrate
                0x000000000800399c       0x34 board/actions/owl/built-in.o
                0x000000000800399c                owl_afi_get_serial_baudrate
 .text.owl_get_ddr_size
                0x00000000080039d0       0x30 board/actions/owl/built-in.o
                0x00000000080039d0                owl_get_ddr_size
 .text.owl_afi_init
                0x0000000008003a00        0x8 board/actions/owl/built-in.o
                0x0000000008003a00                owl_afi_init
 .text.boot_append_remove_args.constprop.0
                0x0000000008003a08       0x58 board/actions/owl/built-in.o
 .text.boot_append_bootargs_add
                0x0000000008003a60       0xf4 board/actions/owl/built-in.o
                0x0000000008003a60                boot_append_bootargs_add
 .text.owl_boot_fdt_setup
                0x0000000008003b54      0x1d0 board/actions/owl/built-in.o
                0x0000000008003b54                owl_boot_fdt_setup
 .text.check_recovery_cmd_file
                0x0000000008003d24      0x128 board/actions/owl/built-in.o
 .text.setup_recovery_env
                0x0000000008003e4c       0x3c board/actions/owl/built-in.o
                0x0000000008003e4c                setup_recovery_env
 .text.check_recovery_mode
                0x0000000008003e88      0x114 board/actions/owl/built-in.o
                0x0000000008003e88                check_recovery_mode
 .text.g_dnl_bind_fixup
                0x0000000008003f9c       0x50 board/actions/owl/built-in.o
                0x0000000008003f9c                g_dnl_bind_fixup
 .text.show_boot_progress
                0x0000000008003fec        0x4 common/built-in.o
                0x0000000008003fec                show_boot_progress
 .text.main_loop
                0x0000000008003ff0       0x48 common/built-in.o
                0x0000000008003ff0                main_loop
 .text.dummy    0x0000000008004038        0x4 common/built-in.o
 .text.get_version
                0x000000000800403c        0x8 common/built-in.o
                0x000000000800403c                get_version
 .text.jumptable_init
                0x0000000008004044      0x1b0 common/built-in.o
                0x0000000008004044                jumptable_init
 .text.hash_finish_crc32
                0x00000000080041f4       0x30 common/built-in.o
 .text.hash_update_crc32
                0x0000000008004224       0x24 common/built-in.o
 .text.hash_init_crc32
                0x0000000008004248       0x24 common/built-in.o
 .text.hash_finish_sha256
                0x000000000800426c       0x38 common/built-in.o
 .text.hash_update_sha256
                0x00000000080042a4       0x1c common/built-in.o
 .text.hash_init_sha256
                0x00000000080042c0       0x24 common/built-in.o
 .text.hash_finish_sha1
                0x00000000080042e4       0x38 common/built-in.o
 .text.hash_update_sha1
                0x000000000800431c       0x1c common/built-in.o
 .text.hash_init_sha1
                0x0000000008004338       0x24 common/built-in.o
 .text.hash_lookup_algo
                0x000000000800435c       0x58 common/built-in.o
                0x000000000800435c                hash_lookup_algo
 .text.hash_show
                0x00000000080043b4       0x58 common/built-in.o
                0x00000000080043b4                hash_show
 .text.hash_command
                0x000000000800440c      0x184 common/built-in.o
                0x000000000800440c                hash_command
 .text.b_reset  0x0000000008004590       0x1c common/built-in.o
 .text.static_get
                0x00000000080045ac       0x1c common/built-in.o
 .text.static_peek
                0x00000000080045c8        0xc common/built-in.o
 .text.file_peek
                0x00000000080045d4        0xc common/built-in.o
 .text.mapset   0x00000000080045e0       0x20 common/built-in.o
 .text.syntax_err
                0x0000000008004600        0xc common/built-in.o
 .text.free_pipe_list
                0x000000000800460c       0xf0 common/built-in.o
 .text.xmalloc  0x00000000080046fc       0x20 common/built-in.o
 .text.new_pipe
                0x000000000800471c       0x28 common/built-in.o
 .text.xrealloc
                0x0000000008004744       0x20 common/built-in.o
 .text.done_command
                0x0000000008004764       0x88 common/built-in.o
 .text.done_pipe
                0x00000000080047ec       0x48 common/built-in.o
 .text.done_word
                0x0000000008004834      0x2d8 common/built-in.o
 .text.do_showvar
                0x0000000008004b0c       0xfc common/built-in.o
 .text.is_assignment
                0x0000000008004c08       0x5c common/built-in.o
 .text.file_get
                0x0000000008004c64      0x1ec common/built-in.o
 .text.b_addchr
                0x0000000008004e50       0x78 common/built-in.o
 .text.b_addqchr
                0x0000000008004ec8       0x50 common/built-in.o
 .text.get_local_var
                0x0000000008004f18       0xa0 common/built-in.o
                0x0000000008004f18                get_local_var
 .text.set_local_var
                0x0000000008004fb8      0x1ac common/built-in.o
                0x0000000008004fb8                set_local_var
 .text.insert_var_value_sub
                0x0000000008005164      0x2c0 common/built-in.o
 .text.parse_string_outer
                0x0000000008005424       0xe4 common/built-in.o
                0x0000000008005424                parse_string_outer
 .text.run_list_real
                0x0000000008005508      0x7e4 common/built-in.o
 .text.parse_stream_outer
                0x0000000008005cec      0x6d4 common/built-in.o
 .text.parse_file_outer
                0x00000000080063c0       0x44 common/built-in.o
                0x00000000080063c0                parse_file_outer
 .text.u_boot_hush_start
                0x0000000008006404       0x54 common/built-in.o
                0x0000000008006404                u_boot_hush_start
 .text.bootdelay_process
                0x0000000008006458       0xc4 common/built-in.o
                0x0000000008006458                bootdelay_process
 .text.autoboot_command
                0x000000000800651c       0xd0 common/built-in.o
                0x000000000800651c                autoboot_command
 .text.print_cpuinfo
                0x00000000080065ec        0x8 common/built-in.o
 .text.display_text_info
                0x00000000080065f4        0x8 common/built-in.o
 .text.setup_mon_len
                0x00000000080065fc       0x20 common/built-in.o
 .text.arch_cpu_init
                0x000000000800661c        0x8 common/built-in.o
                0x000000000800661c                arch_cpu_init
 .text.reserve_round_4k
                0x0000000008006624       0x18 common/built-in.o
 .text.reserve_mmu
                0x000000000800663c       0x38 common/built-in.o
 .text.reserve_trace
                0x0000000008006674        0x8 common/built-in.o
 .text.reserve_uboot
                0x000000000800667c       0x30 common/built-in.o
 .text.reserve_malloc
                0x00000000080066ac       0x14 common/built-in.o
 .text.setup_machine
                0x00000000080066c0        0x8 common/built-in.o
 .text.reserve_global_data
                0x00000000080066c8       0x1c common/built-in.o
 .text.reserve_fdt
                0x00000000080066e4       0x4c common/built-in.o
 .text.display_new_sp
                0x0000000008006730        0x8 common/built-in.o
 .text.initf_malloc
                0x0000000008006738        0x8 common/built-in.o
 .text.initf_dm
                0x0000000008006740        0x8 common/built-in.o
 .text.reserve_arch
                0x0000000008006748        0x8 common/built-in.o
                0x0000000008006748                reserve_arch
 .text.setup_reloc
                0x0000000008006750       0x2c common/built-in.o
 .text.reloc_fdt
                0x000000000800677c       0x30 common/built-in.o
 .text.announce_dram_init
                0x00000000080067ac       0x18 common/built-in.o
 .text.init_baud_rate
                0x00000000080067c4       0x2c common/built-in.o
 .text.setup_fdt
                0x00000000080067f0       0x34 common/built-in.o
 .text.mark_bootstage
                0x0000000008006824       0x14 common/built-in.o
 .text.reserve_board
                0x0000000008006838       0x38 common/built-in.o
 .text.coloured_LED_init
                0x0000000008006870        0x4 common/built-in.o
                0x0000000008006870                coloured_LED_init
 .text.red_led_on
                0x0000000008006874        0x4 common/built-in.o
                0x0000000008006874                red_led_on
 .text.board_add_ram_info
                0x0000000008006878        0x4 common/built-in.o
                0x0000000008006878                board_add_ram_info
 .text.show_dram_config
                0x000000000800687c       0x38 common/built-in.o
 .text.dram_init_banksize
                0x00000000080068b4       0x20 common/built-in.o
                0x00000000080068b4                dram_init_banksize
 .text.setup_dram_config
                0x00000000080068d4       0x10 common/built-in.o
 .text.board_get_usable_ram_top
                0x00000000080068e4        0xc common/built-in.o
                0x00000000080068e4                board_get_usable_ram_top
 .text.setup_dest_addr
                0x00000000080068f0       0x3c common/built-in.o
 .text.reserve_stacks
                0x000000000800692c       0x1c common/built-in.o
 .text.board_init_f
                0x0000000008006948       0x28 common/built-in.o
                0x0000000008006948                board_init_f
 .text.bootstage_relocate
                0x0000000008006970        0x8 common/built-in.o
 .text.initr_trace
                0x0000000008006978        0x8 common/built-in.o
 .text.initr_reloc_global_data
                0x0000000008006980       0x28 common/built-in.o
 .text.initr_barrier
                0x00000000080069a8        0x8 common/built-in.o
 .text.initr_announce
                0x00000000080069b0        0x8 common/built-in.o
 .text.power_init_board
                0x00000000080069b8       0x1c common/built-in.o
                0x00000000080069b8                power_init_board
 .text.run_main_loop
                0x00000000080069d4        0xc common/built-in.o
 .text.initr_net
                0x00000000080069e0       0x20 common/built-in.o
 .text.initr_ethaddr
                0x0000000008006a00       0x20 common/built-in.o
 .text.initr_enable_interrupts
                0x0000000008006a20       0x10 common/built-in.o
 .text.initr_jumptable
                0x0000000008006a30       0x10 common/built-in.o
 .text.check_recovery
                0x0000000008006a40       0x10 common/built-in.o
 .text.initr_env
                0x0000000008006a50       0x54 common/built-in.o
 .text.initr_mmc
                0x0000000008006aa4       0x20 common/built-in.o
 .text.initr_serial
                0x0000000008006ac4       0x10 common/built-in.o
 .text.initr_malloc
                0x0000000008006ad4       0x1c common/built-in.o
 .text.initr_caches
                0x0000000008006af0       0x10 common/built-in.o
 .text.initr_reloc
                0x0000000008006b00       0x24 common/built-in.o
 .text.check_boot_flag
                0x0000000008006b24       0xe4 common/built-in.o
 .text.cpu_secondary_init_r
                0x0000000008006c08        0x4 common/built-in.o
                0x0000000008006c08                cpu_secondary_init_r
 .text.initr_secondary_cpu
                0x0000000008006c0c       0x10 common/built-in.o
 .text.board_init_r
                0x0000000008006c1c       0x18 common/built-in.o
                0x0000000008006c1c                board_init_r
 .text.do_go_exec
                0x0000000008006c34       0x10 common/built-in.o
                0x0000000008006c34                do_go_exec
 .text.do_go    0x0000000008006c44       0x6c common/built-in.o
 .text.do_bootm
                0x0000000008006cb0      0x118 common/built-in.o
                0x0000000008006cb0                do_bootm
 .text.do_booti
                0x0000000008006dc8      0x154 common/built-in.o
                0x0000000008006dc8                do_booti
 .text.bootm_maybe_autostart
                0x0000000008006f1c       0x78 common/built-in.o
                0x0000000008006f1c                bootm_maybe_autostart
 .text.do_bootz
                0x0000000008006f94       0xf8 common/built-in.o
                0x0000000008006f94                do_bootz
 .text.bootm_find_ramdisk_fdt
                0x000000000800708c       0xa8 common/built-in.o
                0x000000000800708c                bootm_find_ramdisk_fdt
 .text.bootm_decomp_image
                0x0000000008007134      0x150 common/built-in.o
                0x0000000008007134                bootm_decomp_image
 .text.bootm_disable_interrupts
                0x0000000008007284       0x18 common/built-in.o
                0x0000000008007284                bootm_disable_interrupts
 .text.do_bootm_states
                0x000000000800729c      0x954 common/built-in.o
                0x000000000800729c                do_bootm_states
 .text.copy_args
                0x0000000008007bf0       0x50 common/built-in.o
 .text.do_bootm_rtems
                0x0000000008007c40       0x54 common/built-in.o
 .text.do_bootm_plan9
                0x0000000008007c94       0xb8 common/built-in.o
 .text.do_bootm_standalone
                0x0000000008007d4c       0x64 common/built-in.o
 .text.do_bootm_netbsd
                0x0000000008007db0      0x104 common/built-in.o
 .text.do_bootvx_fdt
                0x0000000008007eb4      0x10c common/built-in.o
                0x0000000008007eb4                do_bootvx_fdt
 .text.do_bootm_vxworks
                0x0000000008007fc0       0x38 common/built-in.o
 .text.arch_preboot_os
                0x0000000008007ff8        0x4 common/built-in.o
                0x0000000008007ff8                arch_preboot_os
 .text.boot_selected_os
                0x0000000008007ffc       0x58 common/built-in.o
                0x0000000008007ffc                boot_selected_os
 .text.bootm_os_get_boot_func
                0x0000000008008054       0x10 common/built-in.o
                0x0000000008008054                bootm_os_get_boot_func
 .text.do_help  0x0000000008008064       0x48 common/built-in.o
 .text.do_version
                0x00000000080080ac       0x38 common/built-in.o
 .text.env_attr_walk
                0x00000000080080e4      0x114 common/built-in.o
                0x00000000080080e4                env_attr_walk
 .text.env_attr_lookup
                0x00000000080081f8      0x18c common/built-in.o
                0x00000000080081f8                env_attr_lookup
 .text.clear_callback
                0x0000000008008384       0x10 common/built-in.o
 .text.find_env_callback
                0x0000000008008394       0x68 common/built-in.o
 .text.on_callbacks
                0x00000000080083fc       0x48 common/built-in.o
 .text.set_callback
                0x0000000008008444       0x94 common/built-in.o
 .text.env_callback_init
                0x00000000080084d8       0xc4 common/built-in.o
                0x00000000080084d8                env_callback_init
 .text.skip_num
                0x000000000800859c       0x70 common/built-in.o
 .text.clear_flags
                0x000000000800860c       0x10 common/built-in.o
 .text.on_flags
                0x000000000800861c       0x48 common/built-in.o
 .text.env_flags_parse_vartype
                0x0000000008008664       0x50 common/built-in.o
                0x0000000008008664                env_flags_parse_vartype
 .text.env_flags_parse_varaccess
                0x00000000080086b4       0x58 common/built-in.o
                0x00000000080086b4                env_flags_parse_varaccess
 .text.set_flags
                0x000000000800870c       0xac common/built-in.o
 .text.env_flags_init
                0x00000000080087b8       0xd8 common/built-in.o
                0x00000000080087b8                env_flags_init
 .text.env_flags_validate
                0x0000000008008890      0x324 common/built-in.o
                0x0000000008008890                env_flags_validate
 .text.init_mmc_for_env
                0x0000000008008bb4       0x34 common/built-in.o
 .text.mmc_get_env_addr
                0x0000000008008be8       0x18 common/built-in.o
                0x0000000008008be8                mmc_get_env_addr
 .text.env_init
                0x0000000008008c00       0x1c common/built-in.o
                0x0000000008008c00                env_init
 .text.saveenv  0x0000000008008c1c      0x14c common/built-in.o
                0x0000000008008c1c                saveenv
 .text.env_relocate_spec
                0x0000000008008d68      0x298 common/built-in.o
                0x0000000008008d68                env_relocate_spec
 .text.source   0x0000000008009000      0x1c4 common/built-in.o
                0x0000000008009000                source
 .text.do_source
                0x00000000080091c4       0x74 common/built-in.o
 .text.do_echo  0x0000000008009238       0xb0 common/built-in.o
 .text.do_exit  0x00000000080092e8       0x30 common/built-in.o
 .text.do_ext4_size
                0x0000000008009318       0x18 common/built-in.o
                0x0000000008009318                do_ext4_size
 .text.do_ext4_load
                0x0000000008009330       0x18 common/built-in.o
                0x0000000008009330                do_ext4_load
 .text.do_ext4_ls
                0x0000000008009348       0x18 common/built-in.o
                0x0000000008009348                do_ext4_ls
 .text.do_ext2load
                0x0000000008009360       0x18 common/built-in.o
                0x0000000008009360                do_ext2load
 .text.do_ext2ls
                0x0000000008009378       0x18 common/built-in.o
 .text.do_fat_size
                0x0000000008009390       0x18 common/built-in.o
                0x0000000008009390                do_fat_size
 .text.do_fat_fsload
                0x00000000080093a8       0x18 common/built-in.o
                0x00000000080093a8                do_fat_fsload
 .text.do_fat_ls
                0x00000000080093c0       0x18 common/built-in.o
 .text.do_fat_fsinfo
                0x00000000080093d8       0x90 common/built-in.o
 .text.do_fat_fswrite
                0x0000000008009468      0x10c common/built-in.o
 .text.fdt_valid
                0x0000000008009574       0xbc common/built-in.o
 .text.is_printable_string
                0x0000000008009630       0x98 common/built-in.o
 .text.print_data
                0x00000000080096c8      0x174 common/built-in.o
 .text.set_working_fdt_addr
                0x000000000800983c       0x1c common/built-in.o
                0x000000000800983c                set_working_fdt_addr
 .text.do_fdt   0x0000000008009858      0xef4 common/built-in.o
 .text.fdt_find_and_setprop
                0x000000000800a74c       0x70 common/built-in.o
                0x000000000800a74c                fdt_find_and_setprop
 .text.fdt_find_or_add_subnode
                0x000000000800a7bc       0x68 common/built-in.o
                0x000000000800a7bc                fdt_find_or_add_subnode
 .text.fdt_initrd
                0x000000000800a824      0x1d0 common/built-in.o
                0x000000000800a824                fdt_initrd
 .text.fdt_chosen
                0x000000000800a9f4       0xa8 common/built-in.o
                0x000000000800a9f4                fdt_chosen
 .text.do_fixup_by_path
                0x000000000800aa9c       0x54 common/built-in.o
                0x000000000800aa9c                do_fixup_by_path
 .text.fdt_fixup_memory_banks
                0x000000000800aaf0      0x1a4 common/built-in.o
                0x000000000800aaf0                fdt_fixup_memory_banks
 .text.fdt_fixup_memory
                0x000000000800ac94       0x20 common/built-in.o
                0x000000000800ac94                fdt_fixup_memory
 .text.fdt_fixup_ethernet
                0x000000000800acb4      0x158 common/built-in.o
                0x000000000800acb4                fdt_fixup_ethernet
 .text.fdt_shrink_to_minimum
                0x000000000800ae0c       0xcc common/built-in.o
                0x000000000800ae0c                fdt_shrink_to_minimum
 .text.do_size_wrapper
                0x000000000800aed8       0x18 common/built-in.o
 .text.do_load_wrapper
                0x000000000800aef0       0x18 common/built-in.o
 .text.do_save_wrapper
                0x000000000800af08       0x18 common/built-in.o
 .text.do_ls_wrapper
                0x000000000800af20       0x18 common/built-in.o
 .text.do_fstype_wrapper
                0x000000000800af38        0x4 common/built-in.o
 .text.do_mem_mw
                0x000000000800af3c       0xc0 common/built-in.o
 .text.do_mem_loop
                0x000000000800affc       0xec common/built-in.o
 .text.do_mem_md
                0x000000000800b0e8       0xec common/built-in.o
 .text.do_mem_cmp
                0x000000000800b1d4      0x16c common/built-in.o
 .text.do_mem_base
                0x000000000800b340       0x40 common/built-in.o
 .text.do_mem_cp
                0x000000000800b380       0xd8 common/built-in.o
 .text.do_mem_crc
                0x000000000800b458       0x48 common/built-in.o
 .text.mod_mem.isra.2
                0x000000000800b4a0      0x164 common/built-in.o
 .text.do_mem_mm
                0x000000000800b604        0x8 common/built-in.o
 .text.do_mem_nm
                0x000000000800b60c        0x8 common/built-in.o
 .text.do_mmcops
                0x000000000800b614       0xb4 common/built-in.o
 .text.init_mmc_device
                0x000000000800b6c8       0x54 common/built-in.o
 .text.do_mmc_rescan
                0x000000000800b71c       0x24 common/built-in.o
 .text.do_mmc_hwpartition
                0x000000000800b740      0x51c common/built-in.o
 .text.do_mmc_list
                0x000000000800bc5c       0x14 common/built-in.o
 .text.do_mmc_dev
                0x000000000800bc70      0x134 common/built-in.o
 .text.do_mmc_part
                0x000000000800bda4       0x5c common/built-in.o
 .text.do_mmc_erase
                0x000000000800be00       0xe8 common/built-in.o
 .text.do_mmc_write
                0x000000000800bee8      0x100 common/built-in.o
 .text.do_mmc_read
                0x000000000800bfe8       0xec common/built-in.o
 .text.do_mmcinfo
                0x000000000800c0d4      0x370 common/built-in.o
 .text.do_mmc_setdsr
                0x000000000800c444       0xb0 common/built-in.o
 .text.netboot_common
                0x000000000800c4f4      0x294 common/built-in.o
 .text.do_bootp
                0x000000000800c788        0xc common/built-in.o
 .text.do_tftpb
                0x000000000800c794       0x40 common/built-in.o
                0x000000000800c794                do_tftpb
 .text.do_usbnet
                0x000000000800c7d4       0x4c common/built-in.o
                0x000000000800c7d4                do_usbnet
 .text.do_ping  0x000000000800c820       0x7c common/built-in.o
 .text.do_false
                0x000000000800c89c        0x8 common/built-in.o
 .text.do_true  0x000000000800c8a4        0x8 common/built-in.o
 .text.do_test  0x000000000800c8ac      0x33c common/built-in.o
 .text.usb_get_class_desc
                0x000000000800cbe8       0xbc common/built-in.o
 .text.usb_display_class_sub
                0x000000000800cca4      0x170 common/built-in.o
 .text.usb_find_device
                0x000000000800ce14       0x3c common/built-in.o
 .text.usb_show_tree_graph
                0x000000000800ce50      0x21c common/built-in.o
 .text.usb_display_string
                0x000000000800d06c       0x44 common/built-in.o
 .text.usb_display_config
                0x000000000800d0b0      0x20c common/built-in.o
 .text.do_usbboot
                0x000000000800d2bc        0xc common/built-in.o
 .text.do_usb_start
                0x000000000800d2c8       0x30 common/built-in.o
 .text.usb_display_desc.part.3
                0x000000000800d2f8      0x12c common/built-in.o
 .text.do_usb   0x000000000800d424      0x780 common/built-in.o
 .text.usb_set_maxpacket_ep
                0x000000000800dba4       0x70 common/built-in.o
 .text.usb_stop
                0x000000000800dc14       0x64 common/built-in.o
                0x000000000800dc14                usb_stop
 .text.usb_disable_asynch
                0x000000000800dc78       0x20 common/built-in.o
                0x000000000800dc78                usb_disable_asynch
 .text.usb_control_msg
                0x000000000800dc98       0xc4 common/built-in.o
                0x000000000800dc98                usb_control_msg
 .text.usb_get_descriptor
                0x000000000800dd5c       0x50 common/built-in.o
 .text.usb_get_string
                0x000000000800ddac       0x6c common/built-in.o
 .text.usb_string_sub
                0x000000000800de18      0x108 common/built-in.o
 .text.usb_bulk_msg
                0x000000000800df20       0x74 common/built-in.o
                0x000000000800df20                usb_bulk_msg
 .text.usb_maxpacket
                0x000000000800df94       0x1c common/built-in.o
                0x000000000800df94                usb_maxpacket
 .text.usb_clear_halt
                0x000000000800dfb0       0x8c common/built-in.o
                0x000000000800dfb0                usb_clear_halt
 .text.usb_get_configuration_no
                0x000000000800e03c       0xbc common/built-in.o
                0x000000000800e03c                usb_get_configuration_no
 .text.usb_set_interface
                0x000000000800e0f8       0xb0 common/built-in.o
                0x000000000800e0f8                usb_set_interface
 .text.usb_string
                0x000000000800e1a8      0x100 common/built-in.o
                0x000000000800e1a8                usb_string
 .text.usb_get_dev_index
                0x000000000800e2a8       0x24 common/built-in.o
                0x000000000800e2a8                usb_get_dev_index
 .text.usb_alloc_new_device
                0x000000000800e2cc       0xa0 common/built-in.o
                0x000000000800e2cc                usb_alloc_new_device
 .text.usb_free_device
                0x000000000800e36c       0x48 common/built-in.o
                0x000000000800e36c                usb_free_device
 .text.usb_new_device
                0x000000000800e3b4      0x5a8 common/built-in.o
                0x000000000800e3b4                usb_new_device
 .text.usb_init
                0x000000000800e95c      0x12c common/built-in.o
                0x000000000800e95c                usb_init
 .text.usb_set_port_feature
                0x000000000800ea88       0x4c common/built-in.o
 .text.usb_hub_power_on
                0x000000000800ead4       0x44 common/built-in.o
 .text.usb_get_port_status
                0x000000000800eb18       0x4c common/built-in.o
 .text.usb_clear_port_feature
                0x000000000800eb64       0x4c common/built-in.o
 .text.usb_get_hub_descriptor
                0x000000000800ebb0       0x50 common/built-in.o
 .text.usb_hub_reset_devices
                0x000000000800ec00        0x4 common/built-in.o
                0x000000000800ec00                usb_hub_reset_devices
 .text.usb_hub_reset
                0x000000000800ec04       0x14 common/built-in.o
                0x000000000800ec04                usb_hub_reset
 .text.hub_port_reset
                0x000000000800ec18       0x98 common/built-in.o
                0x000000000800ec18                hub_port_reset
 .text.usb_hub_port_connect_change
                0x000000000800ecb0      0x120 common/built-in.o
                0x000000000800ecb0                usb_hub_port_connect_change
 .text.usb_hub_configure
                0x000000000800edd0      0x2d8 common/built-in.o
 .text.usb_hub_probe
                0x000000000800f0a8       0x64 common/built-in.o
                0x000000000800f0a8                usb_hub_probe
 .text.usb_stor_irq
                0x000000000800f10c       0x1c common/built-in.o
 .text.usb_stor_BBB_reset
                0x000000000800f128       0xd0 common/built-in.o
 .text.usb_stor_CB_reset
                0x000000000800f1f8       0xcc common/built-in.o
 .text.usb_stor_BBB_clear_endpt_stall.isra.2
                0x000000000800f2c4       0x40 common/built-in.o
 .text.usb_stor_BBB_transport
                0x000000000800f304      0x26c common/built-in.o
 .text.usb_stor_CB_comdat
                0x000000000800f570      0x208 common/built-in.o
 .text.usb_stor_CBI_get_status.isra.4
                0x000000000800f778       0xc8 common/built-in.o
 .text.usb_stor_CB_transport
                0x000000000800f840      0x228 common/built-in.o
 .text.usb_request_sense.constprop.10
                0x000000000800fa68       0x70 common/built-in.o
 .text.usb_stor_write
                0x000000000800fad8      0x1c8 common/built-in.o
                0x000000000800fad8                usb_stor_write
 .text.usb_stor_read
                0x000000000800fca0      0x1c8 common/built-in.o
                0x000000000800fca0                usb_stor_read
 .text.usb_stor_get_dev
                0x000000000800fe68       0x28 common/built-in.o
                0x000000000800fe68                usb_stor_get_dev
 .text.usb_stor_info
                0x000000000800fe90       0x74 common/built-in.o
                0x000000000800fe90                usb_stor_info
 .text.usb_storage_probe
                0x000000000800ff04      0x210 common/built-in.o
                0x000000000800ff04                usb_storage_probe
 .text.usb_stor_get_info
                0x0000000008010114      0x324 common/built-in.o
                0x0000000008010114                usb_stor_get_info
 .text.usb_stor_scan
                0x0000000008010438      0x20c common/built-in.o
                0x0000000008010438                usb_stor_scan
 .text.do_fastboot
                0x0000000008010644       0x6c common/built-in.o
 .text.ums_read_sector
                0x00000000080106b0       0x24 common/built-in.o
 .text.ums_write_sector
                0x00000000080106d4       0x24 common/built-in.o
 .text.ums_init
                0x00000000080106f8       0x60 common/built-in.o
                0x00000000080106f8                ums_init
 .text.do_usb_mass_storage
                0x0000000008010758      0x18c common/built-in.o
                0x0000000008010758                do_usb_mass_storage
 .text.iomux_doenv
                0x00000000080108e4      0x1b8 common/built-in.o
                0x00000000080108e4                iomux_doenv
 .text.splash_screen_prepare
                0x0000000008010a9c        0x8 common/built-in.o
                0x0000000008010a9c                splash_screen_prepare
 .text.splash_get_pos
                0x0000000008010aa4       0x84 common/built-in.o
                0x0000000008010aa4                splash_get_pos
 .text.do_env_delete
                0x0000000008010b28       0x9c common/built-in.o
 .text.do_env_save
                0x0000000008010bc4       0x2c common/built-in.o
 .text.do_env   0x0000000008010bf0       0x64 common/built-in.o
 .text.env_print
                0x0000000008010c54       0xc0 common/built-in.o
 .text.do_env_print
                0x0000000008010d14       0xc8 common/built-in.o
 .text.do_env_import
                0x0000000008010ddc      0x28c common/built-in.o
 .text.do_env_default
                0x0000000008011068       0xa8 common/built-in.o
 .text._do_env_set.isra.1
                0x0000000008011110      0x1b8 common/built-in.o
 .text.do_env_set
                0x00000000080112c8       0x1c common/built-in.o
 .text.get_env_id
                0x00000000080112e4       0x10 common/built-in.o
                0x00000000080112e4                get_env_id
 .text.setenv   0x00000000080112f4       0x58 common/built-in.o
                0x00000000080112f4                setenv
 .text.setenv_ulong
                0x000000000801134c       0x20 common/built-in.o
                0x000000000801134c                setenv_ulong
 .text.setenv_hex
                0x000000000801136c       0x34 common/built-in.o
                0x000000000801136c                setenv_hex
 .text.do_env_export
                0x00000000080113a0      0x264 common/built-in.o
 .text.envmatch
                0x0000000008011604       0x6c common/built-in.o
                0x0000000008011604                envmatch
 .text.getenv_f
                0x0000000008011670       0xc8 common/built-in.o
                0x0000000008011670                getenv_f
 .text.getenv   0x0000000008011738       0x78 common/built-in.o
                0x0000000008011738                getenv
 .text.getenv_hex
                0x00000000080117b0       0x3c common/built-in.o
                0x00000000080117b0                getenv_hex
 .text.getenv_ulong
                0x00000000080117ec       0x30 common/built-in.o
                0x00000000080117ec                getenv_ulong
 .text.env_get_char_spec
                0x000000000801181c        0xc common/built-in.o
                0x000000000801181c                env_get_char_spec
 .text.env_get_addr
                0x0000000008011828       0x20 common/built-in.o
                0x0000000008011828                env_get_addr
 .text.env_get_char_memory
                0x0000000008011848       0x10 common/built-in.o
                0x0000000008011848                env_get_char_memory
 .text.env_get_char
                0x0000000008011858       0x30 common/built-in.o
                0x0000000008011858                env_get_char
 .text.getenv_yesno
                0x0000000008011888       0x40 common/built-in.o
                0x0000000008011888                getenv_yesno
 .text.getenv_default
                0x00000000080118c8       0x30 common/built-in.o
                0x00000000080118c8                getenv_default
 .text.set_default_env
                0x00000000080118f8       0xc0 common/built-in.o
                0x00000000080118f8                set_default_env
 .text.set_default_vars
                0x00000000080119b8       0x3c common/built-in.o
                0x00000000080119b8                set_default_vars
 .text.env_import
                0x00000000080119f4       0xe4 common/built-in.o
                0x00000000080119f4                env_import
 .text.env_export
                0x0000000008011ad8       0xa4 common/built-in.o
                0x0000000008011ad8                env_export
 .text.env_relocate
                0x0000000008011b7c       0x30 common/built-in.o
                0x0000000008011b7c                env_relocate
 .text.console_tstc
                0x0000000008011bac       0x88 common/built-in.o
 .text.console_putc
                0x0000000008011c34       0x54 common/built-in.o
 .text.console_puts
                0x0000000008011c88       0x54 common/built-in.o
 .text.serial_printf
                0x0000000008011cdc       0x44 common/built-in.o
                0x0000000008011cdc                serial_printf
 .text.console_getc.isra.0
                0x0000000008011d20       0x28 common/built-in.o
 .text.tstc     0x0000000008011d48       0x24 common/built-in.o
                0x0000000008011d48                tstc
 .text.putc     0x0000000008011d6c       0x28 common/built-in.o
                0x0000000008011d6c                putc
 .text.puts     0x0000000008011d94       0x28 common/built-in.o
                0x0000000008011d94                puts
 .text.printf   0x0000000008011dbc       0x50 common/built-in.o
                0x0000000008011dbc                printf
 .text.on_console
                0x0000000008011e0c       0xc4 common/built-in.o
 .text.getc     0x0000000008011ed0       0x44 common/built-in.o
                0x0000000008011ed0                getc
 .text.vprintf  0x0000000008011f14       0x34 common/built-in.o
                0x0000000008011f14                vprintf
 .text.ctrlc    0x0000000008011f48       0x58 common/built-in.o
                0x0000000008011f48                ctrlc
 .text.disable_ctrlc
                0x0000000008011fa0       0x18 common/built-in.o
                0x0000000008011fa0                disable_ctrlc
 .text.had_ctrlc
                0x0000000008011fb8       0x10 common/built-in.o
                0x0000000008011fb8                had_ctrlc
 .text.clear_ctrlc
                0x0000000008011fc8       0x14 common/built-in.o
                0x0000000008011fc8                clear_ctrlc
 .text.search_device
                0x0000000008011fdc       0x28 common/built-in.o
                0x0000000008011fdc                search_device
 .text.console_assign
                0x0000000008012004       0xd8 common/built-in.o
                0x0000000008012004                console_assign
 .text.console_init_f
                0x00000000080120dc       0x10 common/built-in.o
                0x00000000080120dc                console_init_f
 .text.stdio_print_current_devices
                0x00000000080120ec       0xb0 common/built-in.o
                0x00000000080120ec                stdio_print_current_devices
 .text.console_init_r
                0x000000000801219c      0x1b4 common/built-in.o
                0x000000000801219c                console_init_r
 .text.sbrk     0x0000000008012350       0x70 common/built-in.o
                0x0000000008012350                sbrk
 .text.mem_malloc_init
                0x00000000080123c0       0x34 common/built-in.o
                0x00000000080123c0                mem_malloc_init
 .text.malloc_trim
                0x00000000080123f4       0xcc common/built-in.o
                0x00000000080123f4                malloc_trim
 .text.free     0x00000000080124c0      0x230 common/built-in.o
                0x00000000080124c0                free
 .text.malloc   0x00000000080126f0      0x608 common/built-in.o
                0x00000000080126f0                malloc
 .text.calloc   0x0000000008012cf8       0xd4 common/built-in.o
                0x0000000008012cf8                calloc
 .text.realloc  0x0000000008012dcc      0x4c0 common/built-in.o
                0x0000000008012dcc                realloc
 .text.memalign
                0x000000000801328c      0x10c common/built-in.o
                0x000000000801328c                memalign
 .text.on_loadaddr
                0x0000000008013398       0x38 common/built-in.o
 .text.image_check_hcrc
                0x00000000080133d0       0x4c common/built-in.o
                0x00000000080133d0                image_check_hcrc
 .text.image_check_dcrc
                0x000000000801341c       0x38 common/built-in.o
                0x000000000801341c                image_check_dcrc
 .text.image_multi_count
                0x0000000008013454       0x1c common/built-in.o
                0x0000000008013454                image_multi_count
 .text.image_multi_getimg
                0x0000000008013470       0x80 common/built-in.o
                0x0000000008013470                image_multi_getimg
 .text.getenv_bootm_low
                0x00000000080134f0       0x28 common/built-in.o
                0x00000000080134f0                getenv_bootm_low
 .text.getenv_bootm_size
                0x0000000008013518       0x5c common/built-in.o
                0x0000000008013518                getenv_bootm_size
 .text.getenv_bootm_mapsize
                0x0000000008013574       0x30 common/built-in.o
                0x0000000008013574                getenv_bootm_mapsize
 .text.memmove_wd
                0x00000000080135a4        0xc common/built-in.o
                0x00000000080135a4                memmove_wd
 .text.genimg_print_size
                0x00000000080135b0       0x30 common/built-in.o
                0x00000000080135b0                genimg_print_size
 .text.get_table_entry_name
                0x00000000080135e0       0x2c common/built-in.o
                0x00000000080135e0                get_table_entry_name
 .text.genimg_get_os_name
                0x000000000801360c       0x18 common/built-in.o
                0x000000000801360c                genimg_get_os_name
 .text.genimg_get_arch_name
                0x0000000008013624       0x18 common/built-in.o
                0x0000000008013624                genimg_get_arch_name
 .text.genimg_get_type_name
                0x000000000801363c       0x18 common/built-in.o
                0x000000000801363c                genimg_get_type_name
 .text.genimg_get_comp_name
                0x0000000008013654       0x18 common/built-in.o
                0x0000000008013654                genimg_get_comp_name
 .text.image_print_contents
                0x000000000801366c      0x174 common/built-in.o
                0x000000000801366c                image_print_contents
 .text.get_table_entry_id
                0x00000000080137e0       0x4c common/built-in.o
                0x00000000080137e0                get_table_entry_id
 .text.genimg_get_os_id
                0x000000000801382c       0x18 common/built-in.o
                0x000000000801382c                genimg_get_os_id
 .text.genimg_get_arch_id
                0x0000000008013844       0x18 common/built-in.o
                0x0000000008013844                genimg_get_arch_id
 .text.genimg_get_type_id
                0x000000000801385c       0x18 common/built-in.o
                0x000000000801385c                genimg_get_type_id
 .text.genimg_get_comp_id
                0x0000000008013874       0x18 common/built-in.o
                0x0000000008013874                genimg_get_comp_id
 .text.genimg_get_kernel_addr_fit
                0x000000000801388c       0x70 common/built-in.o
                0x000000000801388c                genimg_get_kernel_addr_fit
 .text.genimg_get_format
                0x00000000080138fc       0x50 common/built-in.o
                0x00000000080138fc                genimg_get_format
 .text.genimg_get_image
                0x000000000801394c        0x4 common/built-in.o
                0x000000000801394c                genimg_get_image
 .text.genimg_has_config
                0x0000000008013950       0x10 common/built-in.o
                0x0000000008013950                genimg_has_config
 .text.boot_get_ramdisk
                0x0000000008013960      0x360 common/built-in.o
                0x0000000008013960                boot_get_ramdisk
 .text.boot_ramdisk_high
                0x0000000008013cc0      0x130 common/built-in.o
                0x0000000008013cc0                boot_ramdisk_high
 .text.boot_get_setup
                0x0000000008013df0        0x4 common/built-in.o
                0x0000000008013df0                boot_get_setup
 .text.image_setup_linux
                0x0000000008013df4       0xa0 common/built-in.o
                0x0000000008013df4                image_setup_linux
 .text.android_image_get_kernel
                0x0000000008013e94      0x14c common/built-in.o
                0x0000000008013e94                android_image_get_kernel
 .text.android_image_check_header
                0x0000000008013fe0       0x14 common/built-in.o
                0x0000000008013fe0                android_image_check_header
 .text.android_image_get_end
                0x0000000008013ff4       0x4c common/built-in.o
                0x0000000008013ff4                android_image_get_end
 .text.android_image_get_kload
                0x0000000008014040        0x8 common/built-in.o
                0x0000000008014040                android_image_get_kload
 .text.android_image_get_ramdisk
                0x0000000008014048       0x74 common/built-in.o
                0x0000000008014048                android_image_get_ramdisk
 .text.fdt_error
                0x00000000080140bc       0x2c common/built-in.o
 .text.boot_fdt_add_mem_rsv_regions
                0x00000000080140e8       0x88 common/built-in.o
                0x00000000080140e8                boot_fdt_add_mem_rsv_regions
 .text.boot_relocate_fdt
                0x0000000008014170      0x194 common/built-in.o
                0x0000000008014170                boot_relocate_fdt
 .text.boot_get_fdt
                0x0000000008014304      0x3cc common/built-in.o
                0x0000000008014304                boot_get_fdt
 .text.ft_verify_fdt
                0x00000000080146d0        0x8 common/built-in.o
                0x00000000080146d0                ft_verify_fdt
 .text.image_setup_libfdt
                0x00000000080146d8       0xe8 common/built-in.o
                0x00000000080146d8                image_setup_libfdt
 .text.fit_parse_conf
                0x00000000080147c0       0x64 common/built-in.o
                0x00000000080147c0                fit_parse_conf
 .text.fit_parse_subimage
                0x0000000008014824       0x64 common/built-in.o
                0x0000000008014824                fit_parse_subimage
 .text.fit_get_desc
                0x0000000008014888       0x30 common/built-in.o
                0x0000000008014888                fit_get_desc
 .text.fit_image_get_node
                0x00000000080148b8       0x30 common/built-in.o
                0x00000000080148b8                fit_image_get_node
 .text.fit_image_get_os
                0x00000000080148e8       0x3c common/built-in.o
                0x00000000080148e8                fit_image_get_os
 .text.fit_image_get_arch
                0x0000000008014924       0x3c common/built-in.o
                0x0000000008014924                fit_image_get_arch
 .text.fit_image_get_type
                0x0000000008014960       0x3c common/built-in.o
                0x0000000008014960                fit_image_get_type
 .text.fit_image_get_comp
                0x000000000801499c       0x3c common/built-in.o
                0x000000000801499c                fit_image_get_comp
 .text.fit_image_get_load
                0x00000000080149d8       0x38 common/built-in.o
                0x00000000080149d8                fit_image_get_load
 .text.fit_image_get_entry
                0x0000000008014a10       0x38 common/built-in.o
                0x0000000008014a10                fit_image_get_entry
 .text.fit_image_get_data
                0x0000000008014a48       0x40 common/built-in.o
                0x0000000008014a48                fit_image_get_data
 .text.fit_image_hash_get_algo
                0x0000000008014a88       0x30 common/built-in.o
                0x0000000008014a88                fit_image_hash_get_algo
 .text.fit_image_hash_get_value
                0x0000000008014ab8       0x40 common/built-in.o
                0x0000000008014ab8                fit_image_hash_get_value
 .text.fit_image_print_data
                0x0000000008014af8      0x140 common/built-in.o
 .text.fit_image_print
                0x0000000008014c38      0x334 common/built-in.o
                0x0000000008014c38                fit_image_print
 .text.calculate_hash
                0x0000000008014f6c       0xfc common/built-in.o
                0x0000000008014f6c                calculate_hash
 .text.fit_image_verify
                0x0000000008015068      0x218 common/built-in.o
                0x0000000008015068                fit_image_verify
 .text.fit_image_check_os
                0x0000000008015280       0x30 common/built-in.o
                0x0000000008015280                fit_image_check_os
 .text.fit_image_check_arch
                0x00000000080152b0       0x44 common/built-in.o
                0x00000000080152b0                fit_image_check_arch
 .text.fit_image_check_type
                0x00000000080152f4       0x30 common/built-in.o
                0x00000000080152f4                fit_image_check_type
 .text.fit_image_check_comp
                0x0000000008015324       0x30 common/built-in.o
                0x0000000008015324                fit_image_check_comp
 .text.fit_check_format
                0x0000000008015354       0x40 common/built-in.o
                0x0000000008015354                fit_check_format
 .text.fit_conf_get_node
                0x0000000008015394       0x68 common/built-in.o
                0x0000000008015394                fit_conf_get_node
 .text.fit_conf_get_prop_node
                0x00000000080153fc       0x2c common/built-in.o
                0x00000000080153fc                fit_conf_get_prop_node
 .text.fit_conf_print
                0x0000000008015428      0x108 common/built-in.o
                0x0000000008015428                fit_conf_print
 .text.fit_print_contents
                0x0000000008015530      0x1dc common/built-in.o
                0x0000000008015530                fit_print_contents
 .text.fit_get_node_from_config
                0x000000000801570c       0x44 common/built-in.o
                0x000000000801570c                fit_get_node_from_config
 .text.fit_image_load
                0x0000000008015750      0x538 common/built-in.o
                0x0000000008015750                fit_image_load
 .text.boot_get_setup_fit
                0x0000000008015c88       0x6c common/built-in.o
                0x0000000008015c88                boot_get_setup_fit
 .text.get_effective_memsize
                0x0000000008015cf4        0x8 common/built-in.o
                0x0000000008015cf4                get_effective_memsize
 .text.nulldev_putc
                0x0000000008015cfc        0x4 common/built-in.o
 .text.nulldev_puts
                0x0000000008015d00        0x4 common/built-in.o
 .text.nulldev_input
                0x0000000008015d04        0x8 common/built-in.o
 .text.stdio_serial_tstc
                0x0000000008015d0c        0x4 common/built-in.o
 .text.stdio_serial_getc
                0x0000000008015d10        0x4 common/built-in.o
 .text.stdio_serial_puts
                0x0000000008015d14        0x8 common/built-in.o
 .text.stdio_serial_putc
                0x0000000008015d1c        0x8 common/built-in.o
 .text.stdio_get_by_name
                0x0000000008015d24       0x5c common/built-in.o
                0x0000000008015d24                stdio_get_by_name
 .text.stdio_clone
                0x0000000008015d80       0x38 common/built-in.o
                0x0000000008015d80                stdio_clone
 .text.stdio_register_dev
                0x0000000008015db8       0x50 common/built-in.o
                0x0000000008015db8                stdio_register_dev
 .text.stdio_register
                0x0000000008015e08        0x8 common/built-in.o
                0x0000000008015e08                stdio_register
 .text.stdio_init_tables
                0x0000000008015e10       0x1c common/built-in.o
                0x0000000008015e10                stdio_init_tables
 .text.stdio_add_devices
                0x0000000008015e2c       0xd0 common/built-in.o
                0x0000000008015e2c                stdio_add_devices
 .text.write_sparse_image
                0x0000000008015efc      0x390 common/built-in.o
                0x0000000008015efc                write_sparse_image
 .text.fastboot_fail
                0x000000000801628c       0x38 common/built-in.o
                0x000000000801628c                fastboot_fail
 .text.fastboot_okay
                0x00000000080162c4       0x38 common/built-in.o
                0x00000000080162c4                fastboot_okay
 .text.fb_mmc_flash_write
                0x00000000080162fc      0x2c8 common/built-in.o
                0x00000000080162fc                fb_mmc_flash_write
 .text.fb_mmc_erase
                0x00000000080165c4      0x180 common/built-in.o
                0x00000000080165c4                fb_mmc_erase
 .text.run_command
                0x0000000008016744       0x10 common/built-in.o
                0x0000000008016744                run_command
 .text.run_command_list
                0x0000000008016754       0x5c common/built-in.o
                0x0000000008016754                run_command_list
 .text.do_run   0x00000000080167b0       0x78 common/built-in.o
                0x00000000080167b0                do_run
 .text.cli_process_fdt
                0x0000000008016828       0x40 common/built-in.o
                0x0000000008016828                cli_process_fdt
 .text.cli_secure_boot_cmd
                0x0000000008016868       0x78 common/built-in.o
                0x0000000008016868                cli_secure_boot_cmd
 .text.cli_loop
                0x00000000080168e0        0xc common/built-in.o
                0x00000000080168e0                cli_loop
 .text.cli_init
                0x00000000080168ec        0x4 common/built-in.o
                0x00000000080168ec                cli_init
 .text.delete_char.part.0
                0x00000000080168f0       0xd0 common/built-in.o
 .text.cli_readline_into_buffer
                0x00000000080169c0      0x1f4 common/built-in.o
                0x00000000080169c0                cli_readline_into_buffer
 .text.cli_readline
                0x0000000008016bb4       0x14 common/built-in.o
                0x0000000008016bb4                cli_readline
 .text.find_cmd_tbl
                0x0000000008016bc8       0xa4 common/built-in.o
                0x0000000008016bc8                find_cmd_tbl
 .text.find_cmd
                0x0000000008016c6c       0x28 common/built-in.o
                0x0000000008016c6c                find_cmd
 .text.cmd_usage
                0x0000000008016c94       0x5c common/built-in.o
                0x0000000008016c94                cmd_usage
 .text._do_help
                0x0000000008016cf0      0x180 common/built-in.o
                0x0000000008016cf0                _do_help
 .text.cmd_get_data_size
                0x0000000008016e70       0x5c common/built-in.o
                0x0000000008016e70                cmd_get_data_size
 .text.cmd_process
                0x0000000008016ecc       0xbc common/built-in.o
                0x0000000008016ecc                cmd_process
 .text.common_diskboot
                0x0000000008016f88      0x2b8 common/built-in.o
                0x0000000008016f88                common_diskboot
 .text.get_dev_hwpart
                0x0000000008017240       0xb0 disk/built-in.o
 .text.print_part_header
                0x00000000080172f0       0xd4 disk/built-in.o
 .text.get_dev  0x00000000080173c4        0x8 disk/built-in.o
                0x00000000080173c4                get_dev
 .text.dev_print
                0x00000000080173cc      0x204 disk/built-in.o
                0x00000000080173cc                dev_print
 .text.init_part
                0x00000000080175d0       0x34 disk/built-in.o
                0x00000000080175d0                init_part
 .text.print_part
                0x0000000008017604       0x64 disk/built-in.o
                0x0000000008017604                print_part
 .text.get_partition_info
                0x0000000008017668       0x44 disk/built-in.o
                0x0000000008017668                get_partition_info
 .text.get_device
                0x00000000080176ac      0x114 disk/built-in.o
                0x00000000080176ac                get_device
 .text.get_device_and_partition
                0x00000000080177c0      0x448 disk/built-in.o
                0x00000000080177c0                get_device_and_partition
 .text.test_block_type
                0x0000000008017c08       0x84 disk/built-in.o
 .text.print_partition_extended
                0x0000000008017c8c      0x278 disk/built-in.o
 .text.get_partition_info_extended
                0x0000000008017f04      0x324 disk/built-in.o
 .text.test_part_dos
                0x0000000008018228       0x64 disk/built-in.o
                0x0000000008018228                test_part_dos
 .text.print_part_dos
                0x000000000801828c       0x34 disk/built-in.o
                0x000000000801828c                print_part_dos
 .text.get_partition_info_dos
                0x00000000080182c0       0x24 disk/built-in.o
                0x00000000080182c0                get_partition_info_dos
 .text.print_efiname
                0x00000000080182e4       0x58 disk/built-in.o
 .text.validate_gpt_entries
                0x000000000801833c       0x98 disk/built-in.o
 .text.validate_gpt_header
                0x00000000080183d4      0x228 disk/built-in.o
 .text.is_gpt_valid
                0x00000000080185fc      0x1c8 disk/built-in.o
 .text.is_pte_valid
                0x00000000080187c4       0x58 disk/built-in.o
 .text.print_part_efi
                0x000000000801881c      0x274 disk/built-in.o
                0x000000000801881c                print_part_efi
 .text.get_partition_info_efi
                0x0000000008018a90      0x200 disk/built-in.o
                0x0000000008018a90                get_partition_info_efi
 .text.get_partition_info_efi_by_name
                0x0000000008018c90       0x60 disk/built-in.o
                0x0000000008018c90                get_partition_info_efi_by_name
 .text.test_part_efi
                0x0000000008018cf0       0xd4 disk/built-in.o
                0x0000000008018cf0                test_part_efi
 .text.is_valid_gpt_buf
                0x0000000008018dc4       0x70 disk/built-in.o
                0x0000000008018dc4                is_valid_gpt_buf
 .text.write_mbr_and_gpt_partitions
                0x0000000008018e34      0x418 disk/built-in.o
                0x0000000008018e34                write_mbr_and_gpt_partitions
 .text.video_drawchars
                0x000000000801924c      0x434 drivers/built-in.o
 .text.console_newline.constprop.1
                0x0000000008019680       0xe0 drivers/built-in.o
 .text.video_putc
                0x0000000008019760      0x194 drivers/built-in.o
 .text.video_puts
                0x00000000080198f4       0x7c drivers/built-in.o
 .text.board_cfb_skip
                0x0000000008019970        0x8 drivers/built-in.o
                0x0000000008019970                board_cfb_skip
 .text.video_set_lut
                0x0000000008019978        0x4 drivers/built-in.o
                0x0000000008019978                video_set_lut
 .text.plot_logo_or_black
                0x000000000801997c      0x264 drivers/built-in.o
 .text.do_clrlogo
                0x0000000008019be0       0x58 drivers/built-in.o
 .text.video_display_bitmap
                0x0000000008019c38      0xa38 drivers/built-in.o
                0x0000000008019c38                video_display_bitmap
 .text.video_clear
                0x000000000801a670       0x54 drivers/built-in.o
                0x000000000801a670                video_clear
 .text.board_video_skip
                0x000000000801a6c4       0x20 drivers/built-in.o
                0x000000000801a6cc                board_video_skip
 .text.drv_video_init
                0x000000000801a6e4      0x41c drivers/built-in.o
                0x000000000801a6e4                drv_video_init
 .text.de_hw_reset
                0x000000000801ab00       0x30 drivers/built-in.o
                0x000000000801ab00                de_hw_reset
 .text.de_hw_init
                0x000000000801ab30      0x7dc drivers/built-in.o
                0x000000000801ab30                de_hw_init
 .text.owl_display_register
                0x000000000801b30c       0x8c drivers/built-in.o
                0x000000000801b30c                owl_display_register
 .text.disp_enable
                0x000000000801b398       0xa0 drivers/built-in.o
                0x000000000801b398                disp_enable
 .text.lcdi_convertion_get
                0x000000000801b438       0x1c drivers/built-in.o
                0x000000000801b438                lcdi_convertion_get
 .text.lcdi_convertion_enable
                0x000000000801b454       0x2c drivers/built-in.o
                0x000000000801b454                lcdi_convertion_enable
 .text.lcdi_convertion_disable
                0x000000000801b480       0x2c drivers/built-in.o
                0x000000000801b480                lcdi_convertion_disable
 .text.get_fb_heap_size
                0x000000000801b4ac       0x58 drivers/built-in.o
                0x000000000801b4ac                get_fb_heap_size
 .text.string_to_arrange_id
                0x000000000801b504       0x4c drivers/built-in.o
                0x000000000801b504                string_to_arrange_id
 .text.owl_dss_enable
                0x000000000801b550       0x50 drivers/built-in.o
                0x000000000801b550                owl_dss_enable
 .text.fdtdec_get_fb_par
                0x000000000801b5a0      0x18c drivers/built-in.o
                0x000000000801b5a0                fdtdec_get_fb_par
 .text.phy_write_gamma_ram_idx
                0x000000000801b72c       0x38 drivers/built-in.o
                0x000000000801b72c                phy_write_gamma_ram_idx
 .text.write_gamma_ram
                0x000000000801b764       0x48 drivers/built-in.o
                0x000000000801b764                write_gamma_ram
 .text.owl_dss_gamma_init
                0x000000000801b7ac       0x74 drivers/built-in.o
                0x000000000801b7ac                owl_dss_gamma_init
 .text.owl_dss_init
                0x000000000801b820      0x1b8 drivers/built-in.o
                0x000000000801b820                owl_dss_init
 .text.video_hw_init
                0x000000000801b9d8      0x140 drivers/built-in.o
                0x000000000801b9d8                video_hw_init
 .text.get_owl_reserved_size
                0x000000000801bb18       0x68 drivers/built-in.o
                0x000000000801bb18                get_owl_reserved_size
 .text.kinfo_init
                0x000000000801bb80       0x20 drivers/built-in.o
                0x000000000801bb80                kinfo_init
 .text.gpio_bit_to_pwr
                0x000000000801bba0       0x78 drivers/built-in.o
 .text.lcd_deactivate_gpio
                0x000000000801bc18       0x1c drivers/built-in.o
 .text.lcd_activate_gpio
                0x000000000801bc34       0x20 drivers/built-in.o
 .text.lvds_init
                0x000000000801bc54       0x38 drivers/built-in.o
                0x000000000801bc54                lvds_init
 .text.lvds_close
                0x000000000801bc8c       0x24 drivers/built-in.o
                0x000000000801bc8c                lvds_close
 .text.lcd_disable
                0x000000000801bcb0       0x94 drivers/built-in.o
                0x000000000801bcb0                lcd_disable
 .text.enable_lcdc
                0x000000000801bd44       0x1c drivers/built-in.o
                0x000000000801bd44                enable_lcdc
 .text.lcd_enable
                0x000000000801bd60      0x358 drivers/built-in.o
                0x000000000801bd60                lcd_enable
 .text.string_to_port_type
                0x000000000801c0b8       0x50 drivers/built-in.o
                0x000000000801c0b8                string_to_port_type
 .text.get_lcdic_type
                0x000000000801c108       0x1c drivers/built-in.o
                0x000000000801c108                get_lcdic_type
 .text.fdtdec_get_lcd_par
                0x000000000801c124      0x324 drivers/built-in.o
                0x000000000801c124                fdtdec_get_lcd_par
 .text.owl_lcd_init
                0x000000000801c448       0xd8 drivers/built-in.o
                0x000000000801c448                owl_lcd_init
 .text.set_lcd_bl_power
                0x000000000801c520       0x10 drivers/built-in.o
                0x000000000801c520                set_lcd_bl_power
 .text.dsi_deactivate_gpio
                0x000000000801c530       0x1c drivers/built-in.o
 .text.dsi_activate_gpio
                0x000000000801c54c       0x20 drivers/built-in.o
 .text.wait_lanes_stop
                0x000000000801c56c       0x48 drivers/built-in.o
 .text.dsi_disable
                0x000000000801c5b4       0x68 drivers/built-in.o
                0x000000000801c5b4                dsi_disable
 .text.get_dsi_data_width
                0x000000000801c61c       0x24 drivers/built-in.o
                0x000000000801c61c                get_dsi_data_width
 .text.enable_dsi
                0x000000000801c640       0x1c drivers/built-in.o
                0x000000000801c640                enable_dsi
 .text.power_enable
                0x000000000801c65c       0xcc drivers/built-in.o
                0x000000000801c65c                power_enable
 .text.dsi_enable
                0x000000000801c728      0x1ac drivers/built-in.o
                0x000000000801c728                dsi_enable
 .text.dsihw_send_short_packet
                0x000000000801c8d4       0x70 drivers/built-in.o
                0x000000000801c8d4                dsihw_send_short_packet
 .text.fdtdec_get_dsi_par
                0x000000000801c944      0x3e0 drivers/built-in.o
                0x000000000801c944                fdtdec_get_dsi_par
 .text.owl_dsi_init
                0x000000000801cd24       0xc4 drivers/built-in.o
                0x000000000801cd24                owl_dsi_init
 .text.send_short_cmd
                0x000000000801cde8       0x10 drivers/built-in.o
                0x000000000801cde8                send_short_cmd
 .text.send_short_cmd_1
                0x000000000801cdf8       0x14 drivers/built-in.o
                0x000000000801cdf8                send_short_cmd_1
 .text.send_cmd
                0x000000000801ce0c       0x34 drivers/built-in.o
                0x000000000801ce0c                send_cmd
 .text.hdmi_enable_output
                0x000000000801ce40       0x30 drivers/built-in.o
                0x000000000801ce40                hdmi_enable_output
 .text.hdmi_disable_output
                0x000000000801ce70       0x50 drivers/built-in.o
                0x000000000801ce70                hdmi_disable_output
 .text.hdmi_SetRamPacketPeriod
                0x000000000801cec0       0x78 drivers/built-in.o
                0x000000000801cec0                hdmi_SetRamPacketPeriod
 .text.hdmi_SetRamPacket
                0x000000000801cf38      0x1b0 drivers/built-in.o
                0x000000000801cf38                hdmi_SetRamPacket
 .text.hdmi_gen_gbd_infoframe
                0x000000000801d0e8      0x13c drivers/built-in.o
                0x000000000801d0e8                hdmi_gen_gbd_infoframe
 .text.hdmi_gen_vs_infoframe
                0x000000000801d224       0xf8 drivers/built-in.o
                0x000000000801d224                hdmi_gen_vs_infoframe
 .text.hdmi_get_vid
                0x000000000801d31c       0x44 drivers/built-in.o
                0x000000000801d31c                hdmi_get_vid
 .text.hdmi_gen_avi_infoframe
                0x000000000801d360      0x138 drivers/built-in.o
                0x000000000801d360                hdmi_gen_avi_infoframe
 .text.hdmi_get_aid
                0x000000000801d498       0x60 drivers/built-in.o
                0x000000000801d498                hdmi_get_aid
 .text.hdmi_gen_audio_infoframe
                0x000000000801d4f8       0xdc drivers/built-in.o
                0x000000000801d4f8                hdmi_gen_audio_infoframe
 .text.hdmi_get_mode
                0x000000000801d5d4       0x30 drivers/built-in.o
                0x000000000801d5d4                hdmi_get_mode
 .text.hdmi_set_clk
                0x000000000801d604      0x15c drivers/built-in.o
                0x000000000801d604                hdmi_set_clk
 .text.hdmi_phy_enable
                0x000000000801d760       0x1c drivers/built-in.o
                0x000000000801d760                hdmi_phy_enable
 .text.hdmi_set_tdms_ldo
                0x000000000801d77c      0x124 drivers/built-in.o
                0x000000000801d77c                hdmi_set_tdms_ldo
 .text.hdmi_set_outmode
                0x000000000801d8a0       0x34 drivers/built-in.o
                0x000000000801d8a0                hdmi_set_outmode
 .text.hdmi_gcp_cfg
                0x000000000801d8d4       0x48 drivers/built-in.o
                0x000000000801d8d4                hdmi_gcp_cfg
 .text.hdmi_audio_enable
                0x000000000801d91c       0x18 drivers/built-in.o
                0x000000000801d91c                hdmi_audio_enable
 .text.hdmi_acr_packet
                0x000000000801d934       0x8c drivers/built-in.o
                0x000000000801d934                hdmi_acr_packet
 .text.hdmi_audio_general_cfg
                0x000000000801d9c0       0x84 drivers/built-in.o
                0x000000000801d9c0                hdmi_audio_general_cfg
 .text.hdmi_aichsta_cfg
                0x000000000801da44       0xf8 drivers/built-in.o
                0x000000000801da44                hdmi_aichsta_cfg
 .text.hdmi_audioch_cfg
                0x000000000801db3c       0xa8 drivers/built-in.o
                0x000000000801db3c                hdmi_audioch_cfg
 .text.hdmi_ldo_and_pll_cfg
                0x000000000801dbe4       0x34 drivers/built-in.o
                0x000000000801dbe4                hdmi_ldo_and_pll_cfg
 .text.hdmi_video_general_cfg
                0x000000000801dc18      0x140 drivers/built-in.o
                0x000000000801dc18                hdmi_video_general_cfg
 .text.hdmi_audio_cfg
                0x000000000801dd58       0x48 drivers/built-in.o
                0x000000000801dd58                hdmi_audio_cfg
 .text.hdmi_video_cfg
                0x000000000801dda0       0x88 drivers/built-in.o
                0x000000000801dda0                hdmi_video_cfg
 .text.hdmi_general_cfg
                0x000000000801de28       0x2c drivers/built-in.o
                0x000000000801de28                hdmi_general_cfg
 .text.hdmi_get_plug_state
                0x000000000801de54       0x34 drivers/built-in.o
                0x000000000801de54                hdmi_get_plug_state
 .text.hdmi_init
                0x000000000801de88      0x2fc drivers/built-in.o
                0x000000000801de88                hdmi_init
 .text.get_edid_data
                0x000000000801e184       0x94 drivers/built-in.o
 .text.edid_checksum
                0x000000000801e218       0x50 drivers/built-in.o
                0x000000000801e218                edid_checksum
 .text.edid_header_check
                0x000000000801e268       0x78 drivers/built-in.o
                0x000000000801e268                edid_header_check
 .text.edid_version_check
                0x000000000801e2e0       0x38 drivers/built-in.o
                0x000000000801e2e0                edid_version_check
 .text.parse_dtd_block
                0x000000000801e318      0x1c8 drivers/built-in.o
                0x000000000801e318                parse_dtd_block
 .text.parse_videodata_block
                0x000000000801e4e0       0x30 drivers/built-in.o
                0x000000000801e4e0                parse_videodata_block
 .text.parse_hdmi_vsdb
                0x000000000801e510       0x6c drivers/built-in.o
                0x000000000801e510                parse_hdmi_vsdb
 .text.parse_edid
                0x000000000801e57c      0x2ac drivers/built-in.o
                0x000000000801e57c                parse_edid
 .text.check_hdmi_mode
                0x000000000801e828       0xb4 drivers/built-in.o
                0x000000000801e828                check_hdmi_mode
 .text.configure_pal
                0x000000000801e8dc       0x94 drivers/built-in.o
 .text.cvbs_enable
                0x000000000801e970       0x2c drivers/built-in.o
                0x000000000801e970                cvbs_enable
 .text.cvbs_disable
                0x000000000801e99c       0x24 drivers/built-in.o
                0x000000000801e99c                cvbs_disable
 .text.get_cvbs_state
                0x000000000801e9c0       0x3c drivers/built-in.o
                0x000000000801e9c0                get_cvbs_state
 .text.cvbs_read_usr_cfg_file
                0x000000000801e9fc      0x178 drivers/built-in.o
                0x000000000801e9fc                cvbs_read_usr_cfg_file
 .text.cvbs_init
                0x000000000801eb74      0x348 drivers/built-in.o
                0x000000000801eb74                cvbs_init
 .text.owl_pwm_backlight_update_status
                0x000000000801eebc       0xd8 drivers/built-in.o
                0x000000000801eebc                owl_pwm_backlight_update_status
 .text.owl_pwm_backlight_init
                0x000000000801ef94      0x140 drivers/built-in.o
                0x000000000801ef94                owl_pwm_backlight_init
 .text.splash_image_init
                0x000000000801f0d4      0x1b0 drivers/built-in.o
                0x000000000801f0d4                splash_image_init
 .text.count_onoff_short_press
                0x000000000801f284       0x8c drivers/built-in.o
                0x000000000801f284                count_onoff_short_press
 .text.reset_to_adfu
                0x000000000801f310       0x28 drivers/built-in.o
                0x000000000801f310                reset_to_adfu
 .text.check_key
                0x000000000801f338      0x2e8 drivers/built-in.o
                0x000000000801f338                check_key
 .text.owl_gpio_get_value
                0x000000000801f620       0x28 drivers/gpio/built-in.o
                0x000000000801f620                owl_gpio_get_value
 .text.owl_gpio_direction_input
                0x000000000801f648       0x48 drivers/gpio/built-in.o
                0x000000000801f648                owl_gpio_direction_input
 .text.owl_gpio_set_value
                0x000000000801f690       0x38 drivers/gpio/built-in.o
                0x000000000801f690                owl_gpio_set_value
 .text.owl_gpio_direction_output
                0x000000000801f6c8       0x50 drivers/gpio/built-in.o
                0x000000000801f6c8                owl_gpio_direction_output
 .text.owl_gpio_clr
                0x000000000801f718       0x48 drivers/gpio/built-in.o
                0x000000000801f718                owl_gpio_clr
 .text.owl_gpio_init
                0x000000000801f760      0x160 drivers/gpio/built-in.o
                0x000000000801f760                owl_gpio_init
 .text.owl_gpio_generic_direction_output
                0x000000000801f8c0       0x24 drivers/gpio/built-in.o
                0x000000000801f8c0                owl_gpio_generic_direction_output
 .text.owl_fdtdec_decode_gpios
                0x000000000801f8e4      0x108 drivers/gpio/built-in.o
                0x000000000801f8e4                owl_fdtdec_decode_gpios
 .text.owl_fdtdec_decode_gpio
                0x000000000801f9ec       0x34 drivers/gpio/built-in.o
                0x000000000801f9ec                owl_fdtdec_decode_gpio
 .text.gpiochip_add
                0x000000000801fa20       0x68 drivers/gpio/built-in.o
                0x000000000801fa20                gpiochip_add
 .text.i2c_set_bus_num
                0x000000000801fa88      0x1e8 drivers/i2c/built-in.o
                0x000000000801fa88                i2c_set_bus_num
 .text.i2c_transfer
                0x000000000801fc70      0x19c drivers/i2c/built-in.o
                0x000000000801fc70                i2c_transfer
 .text.i2c_probe
                0x000000000801fe0c       0x74 drivers/i2c/built-in.o
                0x000000000801fe0c                i2c_probe
 .text.i2c_read
                0x000000000801fe80       0x58 drivers/i2c/built-in.o
                0x000000000801fe80                i2c_read
 .text.i2c_write
                0x000000000801fed8       0x58 drivers/i2c/built-in.o
                0x000000000801fed8                i2c_write
 .text.board_i2c_init
                0x000000000801ff30       0x70 drivers/i2c/built-in.o
                0x000000000801ff30                board_i2c_init
 .text.mmc_set_ios
                0x000000000801ffa0       0x18 drivers/mmc/built-in.o
 .text.mmc_set_capacity
                0x000000000801ffb8       0xac drivers/mmc/built-in.o
 .text.board_mmc_getwp
                0x0000000008020064        0x8 drivers/mmc/built-in.o
                0x0000000008020064                board_mmc_getwp
 .text.mmc_getwp
                0x000000000802006c       0x3c drivers/mmc/built-in.o