owl_ep0.c:333:13:dwc3_ep0_status_cmpl	0	static
owl_ep0.c:544:12:dwc3_ep0_delegate_req	0	static
owl_gadget.c:630:12:dwc3_gadget_ep0_enable	0	static
owl_gadget.c:636:12:dwc3_gadget_ep0_disable	0	static
owl_gadget.c:1318:12:dwc3_gadget_get_frame	0	static
owl_gadget.c:1412:12:dwc3_gadget_set_selfpowered	0	static
owl_dwc3.c:410:13:setphy	16	static
owl_gadget.c:1425:12:dwc3_gadget_run_stop	16	static
owl_gadget.c:1471:12:dwc3_gadget_pullup	0	static
owl_gadget.c:728:28:dwc3_gadget_ep_alloc_request	16	static
owl_gadget.c:747:13:dwc3_gadget_ep_free_request	0	static
owl_gadget.c:1649:12:dwc3_gadget_init_hw_endpoints	48	static
owl_dwc3.c:395:13:dwc3_cache_hwparams.constprop	0	static
owl_dwc3.c:367:13:dwc3_event_buffers_cleanup.constprop	4	static
owl_dwc3.c:287:13:dwc3_free_event_buffers.constprop	16	static
owl_gadget.c:2015:13:dwc3_disconnect_gadget.constprop	0	static
owl_gadget.c:844:13:dwc3_prepare_trbs	56	static
owl_dwc3.h:1301:8:devm_kzalloc	16	static
owl_ep0.c:125:6:set_no_delay_status	0	static
owl_gadget.c:72:5:dwc3_gadget_set_test_mode	0	static
owl_gadget.c:104:5:dwc3_gadget_set_link_state	24	static
owl_gadget.c:1327:12:dwc3_gadget_wakeup	24	static
owl_gadget.c:177:5:dwc3_gadget_resize_tx_fifos	32	static
owl_gadget.c:246:6:dwc3_gadget_giveback	4	static
owl_gadget.c:314:5:dwc3_send_gadget_generic_command	16	static
owl_ep0.c:605:13:dwc3_ep0_set_sel_cmpl	16	static
owl_gadget.c:341:5:dwc3_send_gadget_ep_cmd	16	static
owl_ep0.c:78:12:dwc3_ep0_start_trans	40	static
owl_ep0.c:976:13:__dwc3_ep0_do_control_status	24	static
owl_ep0.c:911:13:__dwc3_ep0_do_control_data	32	static
owl_ep0.c:131:12:__dwc3_gadget_ep0_queue	8	static
owl_ep0.c:235:5:dwc3_gadget_ep0_queue	0	static
owl_ep0.c:307:6:dwc3_ep0_out_start	16	static
owl_gadget.c:2024:13:dwc3_stop_active_transfer	40	static
owl_gadget.c:1170:12:dwc3_gadget_ep_dequeue	16	static
owl_gadget.c:580:13:dwc3_remove_requests	16	static
owl_gadget.c:608:12:__dwc3_gadget_ep_disable	16	static
owl_gadget.c:696:12:dwc3_gadget_ep_disable	24	static
owl_gadget.c:1888:13:dwc3_endpoint_transfer_complete.isra.18.constprop	48	static
owl_gadget.c:957:12:__dwc3_gadget_kick_transfer	48	static
owl_gadget.c:1143:12:dwc3_gadget_ep_queue	16	static
owl_gadget.c:525:12:__dwc3_gadget_ep_enable	48	static
owl_gadget.c:643:12:dwc3_gadget_ep_enable	32	static
owl_gadget.c:2157:13:dwc3_gadget_reset_interrupt.constprop	40	static
owl_gadget.c:1215:5:__dwc3_gadget_ep_set_halt	40	static
owl_ep0.c:272:13:dwc3_ep0_stall_and_restart	16	static
owl_ep0.c:297:5:dwc3_gadget_ep0_set_halt	8	static
owl_ep0.c:397:12:dwc3_ep0_handle_feature	8	static
owl_ep0.c:1068:6:dwc3_ep0_interrupt	48	static
owl_gadget.c:2622:5:dwc3_gadget_init	16	static
owl_gadget.c:2719:6:dwc3_gadget_exit	24	static
owl_gadget.c:2737:5:dwc3_gadget_prepare	0	static
owl_gadget.c:2745:6:dwc3_gadget_complete	0	static
owl_gadget.c:2753:5:dwc3_gadget_suspend	8	static
owl_gadget.c:2763:5:dwc3_gadget_resume	16	static
owl_dwc3.c:172:6:dwc3_set_mode	0	static
owl_dwc3.c:459:6:dwc3_phy_init	8	static
owl_dwc3.c:632:6:owl_usb3_open_powergate	16	static
owl_dwc3.c:896:6:dwc3_clk_init	8	static
owl_dwc3.c:952:6:dwc3_clk_exit	0	static
owl_dwc3.c:964:5:usb_gadget_handle_interrupts	48	static
owl_dwc3.c:986:5:usb_gadget_register_driver	32	static
owl_dwc3.c:1015:5:usb_gadget_unregister_driver	8	static
owl_dwc3.c:1033:5:board_usb_init	0	static
