mmc.c:996:13:mmc_set_ios	0	static
mmc.c:548:12:mmc_set_capacity	16	static
mmc.c:24:12:board_mmc_getwp	0	static
mmc.c:29:5:mmc_getwp	8	static
mmc.c:45:12:board_mmc_getcd	0	static
mmc.c:50:5:mmc_send_cmd	0	static
mmc.c:453:12:mmc_send_ext_csd	64	static
mmc.c:267:12:mmc_go_idle	40	static
mmc.c:354:12:mmc_send_op_cond_iter	16	static
mmc.c:108:5:mmc_send_status	56	static
mmc.c:475:12:mmc_switch.isra.0	40	static
mmc.c:158:5:mmc_set_blocklen	40	static
mmc.c:172:13:find_mmc_device	8	static
mmc.c:232:8:mmc_bread	96	static
mmc.c:602:5:mmc_switch_part	16	static
mmc.c:576:5:mmc_select_hwpart	16	static
mmc.c:624:5:mmc_hwpart_config	648	static
mmc.c:818:5:mmc_getcd	8	static
mmc.c:1002:6:mmc_set_clock	0	static
mmc.c:1022:12:mmc_startup	1472	static
mmc.c:1520:18:mmc_register	8	static
mmc.c:1528:13:mmc_create	16	static
mmc.c:1567:6:mmc_destroy	0	static
mmc.c:1585:13:board_mmc_power_init	0	static
mmc.c:1589:5:mmc_start_init	64	static
mmc.c:1667:5:mmc_init	48	static
mmc.c:1574:19:mmc_get_dev	8	static
mmc.c:1686:5:mmc_set_dsr	0	static
mmc.c:1693:12:cpu_mmc_init	0	static
mmc.c:1699:12:board_mmc_init	0	static
mmc.c:1706:6:print_mmc_devices	24	static
mmc.c:1738:5:get_mmc_num	0	static
mmc.c:1743:6:mmc_set_preinit	0	static
mmc.c:1762:5:mmc_initialize	16	static
