owl_dsi.c:142:12:gpio_bit_to_pwr	0	static
owl_dsi.c:124:12:dsi_deactivate_gpio	8	static
owl_dsi.c:115:12:dsi_activate_gpio	8	static
owl_dsi.c:67:12:wait_lanes_stop	16	static
owl_dsi.c:458:5:dsi_disable	16	static
owl_dsi.c:52:5:get_dsi_data_width	0	static
owl_dsi.c:88:5:__platform_enable_dsi	0	static
owl_dsi.c:104:5:enable_dsi	0	static
owl_dsi.c:155:6:power_enable	8	static
owl_dsi.c:432:5:dsi_enable	16	static
owl_dsi.c:331:6:dsihw_send_short_packet	16	static
owl_dsi.c:384:6:dsihw_send_long_packet	24	static
owl_dsi.c:477:5:__platform_get_dsi_par	0	static
owl_dsi.c:529:5:fdtdec_get_dsi_par	24	static
owl_dsi.c:678:5:owl_dsi_init	24	static
