owl_dss.c:238:6:de_hw_reset	8	static
owl_dss.c:561:5:de_hw_init	64	static
owl_dss.c:621:5:de_hw_close	0	static
owl_dss.c:656:5:owl_display_register	16	static
owl_dss.c:691:5:disp_enable	16	static
owl_dss.c:719:5:disp_disable	24	static
owl_dss.c:743:5:lcdi_convertion_register	0	static
owl_dss.c:759:25:lcdi_convertion_get	0	static
owl_dss.c:768:5:lcdi_convertion_enable	0	static
owl_dss.c:777:5:lcdi_convertion_disable	0	static
owl_dss.c:814:14:get_fb_heap_size	8	static
owl_dss.c:898:5:string_to_arrange_id	16	static
owl_dss.c:909:5:owl_dss_enable	8	static
owl_dss.c:929:5:owl_dss_remove	8	static
owl_dss.c:945:5:fdtdec_get_fb_par	48	static
owl_dss.c:1012:6:phy_write_gamma_ram_idx	0	static
owl_dss.c:1025:5:write_gamma_ram	24	static
owl_dss.c:1037:5:owl_dss_gamma_init	16	static
owl_dss.c:1060:5:owl_dss_init	24	static
owl_dss.c:1186:5:board_video_skip	8	static
owl_dss.c:1193:7:video_hw_init	24	static
owl_dss.c:1262:14:get_owl_reserved_size	16	static
owl_dss.c:1279:6:kinfo_init	8	static
