owl_hdmi.c:731:6:hdmi_enable_output	0	static
owl_hdmi.c:738:6:hdmi_disable_output	0	static
owl_hdmi.c:72:5:hdmi_SetRamPacketPeriod	4	static
owl_hdmi.c:98:5:hdmi_SetRamPacket	40	static
owl_hdmi.c:330:5:hdmi_gen_gbd_infoframe	8	static
owl_hdmi.c:402:5:hdmi_gen_vs_infoframe	8	static
owl_hdmi.c:470:7:hdmi_get_vid	4	static
owl_hdmi.c:183:5:hdmi_gen_avi_infoframe	8	static
owl_hdmi.c:489:7:hdmi_get_aid	8	static
owl_hdmi.c:264:5:hdmi_gen_audio_infoframe	8	static
owl_hdmi.c:515:7:hdmi_get_mode	0	static
owl_hdmi.c:543:5:hdmi_set_clk	0	static
owl_hdmi.c:608:6:hdmi_phy_enable	0	static
owl_hdmi.c:613:5:hdmi_set_tdms_ldo	16	static
owl_hdmi.c:689:5:hdmi_set_outmode	0	static
owl_hdmi.c:753:6:hdmi_gcp_cfg	0	static
owl_hdmi.c:770:6:hdmi_audio_enable	0	static
owl_hdmi.c:775:6:hdmi_acr_packet	0	static
owl_hdmi.c:834:6:hdmi_audio_general_cfg	0	static
owl_hdmi.c:947:6:hdmi_aichsta_cfg	0	static
owl_hdmi.c:1057:6:hdmi_audioch_cfg	0	static
owl_hdmi.c:1118:6:hdmi_ldo_and_pll_cfg	16	static
owl_hdmi.c:1129:5:hdmi_video_general_cfg	8	static
owl_hdmi.c:1230:6:hdmi_audio_cfg	8	static
owl_hdmi.c:1243:5:hdmi_video_cfg	16	static
owl_hdmi.c:1271:6:hdmi_general_cfg	8	static
owl_hdmi.c:1284:5:hdmi_get_plug_state	16	static
owl_hdmi.c:1405:5:read_usr_cfg_file	56	static
owl_hdmi.c:1496:5:hdmi_init	336	static
