owl_lcd.c:349:12:gpio_bit_to_pwr	0	static
owl_lcd.c:314:12:lcd_deactivate_gpio	8	static
owl_lcd.c:305:12:lcd_activate_gpio	8	static
owl_lcd.c:62:5:__platform_enable_lcd	0	static
owl_lcd.c:83:6:lvds_init	0	static
owl_lcd.c:91:6:lvds_close	0	static
owl_lcd.c:249:5:lcd_disable	16	static
owl_lcd.c:97:5:enable_lcdc	0	static
owl_lcd.c:113:5:lcd_enable	72	static
owl_lcd.c:265:5:__platform_get_lcd_par	0	static
owl_lcd.c:286:5:string_to_port_type	24	static
owl_lcd.c:297:5:get_lcdic_type	0	static
owl_lcd.c:452:5:fdtdec_get_lcd_par	32	static
owl_lcd.c:557:5:owl_lcd_init	24	static
owl_lcd.c:594:6:set_lcd_bl_power	0	static
